#
# A fatal error has been detected by the Java Runtime Environment:
#
#  EXCEPTION_ACCESS_VIOLATION (0xc0000005) at pc=0x0000026a18dcd640, pid=13912, tid=12724
#
# JRE version: Java(TM) SE Runtime Environment (21.0.5+9) (build 21.0.5+9-LTS-239)
# Java VM: Java HotSpot(TM) 64-Bit Server VM (21.0.5+9-LTS-239, mixed mode, sharing, tiered, compressed oops, compressed class ptrs, g1 gc, windows-amd64)
# Problematic frame:
# C  0x0000026a18dcd640
#
# No core dump will be written. Minidumps are not enabled by default on client versions of Windows
#
# If you would like to submit a bug report, please visit:
#   https://bugreport.java.com/bugreport/crash.jsp
# The crash happened outside the Java Virtual Machine in native code.
# See problematic frame for where to report the bug.
#

---------------  S U M M A R Y ------------

Command Line: -Dfile.encoding=UTF-8 -Duser.country=DE -Duser.language=de -Duser.variant braid.main.lwjgl3.Lwjgl3Launcher

Host: 11th Gen Intel(R) Core(TM) i5-1135G7 @ 2.40GHz, 8 cores, 7G,  Windows 11 , 64 bit Build 22621 (10.0.22621.4391)
Time: Thu Jan 16 14:50:24 2025 Mitteleuropäische Zeit elapsed time: 8.664884 seconds (0d 0h 0m 8s)

---------------  T H R E A D  ---------------

Current thread (0x00000269ac6cb930):  JavaThread "main"             [_thread_in_native, id=12724, stack(0x000000b406700000,0x000000b406800000) (1024K)]

Stack: [0x000000b406700000,0x000000b406800000],  sp=0x000000b4067fe908,  free space=1018k
Native frames: (J=compiled Java code, j=interpreted, Vv=VM code, C=native code)
C  0x0000026a18dcd640

Java frames: (J=compiled Java code, j=interpreted, Vv=VM code)
j  com.badlogic.gdx.physics.box2d.Body.jniCreateFixture(JJFFFZSSS)J+0
j  com.badlogic.gdx.physics.box2d.Body.createFixture(Lcom/badlogic/gdx/physics/box2d/FixtureDef;)Lcom/badlogic/gdx/physics/box2d/Fixture;+49
j  braid.main.tools.B2WorldCreator.spawnGround()V+180
j  braid.main.tools.B2WorldCreator.<init>(Lcom/badlogic/gdx/physics/box2d/World;Lcom/badlogic/gdx/maps/tiled/TiledMap;Lbraid/main/screens/levels/LevelScreen;)V+108
j  braid.main.screens.levels.LevelScreen.<init>(Lbraid/main/Braid;Ljava/lang/String;Ljava/lang/String;Ljava/lang/String;)V+243
j  braid.main.screens.levels.UniLevel.<init>(Lbraid/main/Braid;)V+8
j  braid.main.overworld.Overworld.enterLevel(Ljava/lang/String;)V+324
j  braid.main.overworld.Overworld$1.keyDown(I)Z+81
j  com.badlogic.gdx.InputEventQueue.drain(Lcom/badlogic/gdx/InputProcessor;)V+172
j  com.badlogic.gdx.backends.lwjgl3.DefaultLwjgl3Input.update()V+8
j  com.badlogic.gdx.backends.lwjgl3.Lwjgl3Window.update()Z+126
j  com.badlogic.gdx.backends.lwjgl3.Lwjgl3Application.loop()V+120
j  com.badlogic.gdx.backends.lwjgl3.Lwjgl3Application.<init>(Lcom/badlogic/gdx/ApplicationListener;Lcom/badlogic/gdx/backends/lwjgl3/Lwjgl3ApplicationConfiguration;)V+269
j  braid.main.lwjgl3.Lwjgl3Launcher.createApplication()Lcom/badlogic/gdx/backends/lwjgl3/Lwjgl3Application;+14
j  braid.main.lwjgl3.Lwjgl3Launcher.main([Ljava/lang/String;)V+7
v  ~StubRoutines::call_stub 0x00000269be3110e7

siginfo: EXCEPTION_ACCESS_VIOLATION (0xc0000005), data execution prevention violation at address 0x0000026a18dcd640


Registers:
RAX=0x0000026a18dcd700, RBX=0x0000026a18e98da0, RCX=0x0000026a18dd7e00, RDX=0x0000026a1cd55d20
RSP=0x000000b4067fe908, RBP=0x000000b4067feae0, RSI=0x000000b4067fe9d0, RDI=0x00000269be318860
R8 =0x0000026a18e94df0, R9 =0x000000b4067fe9d0, R10=0x00000269be31cf1c, R11=0x0000000000000102
R12=0x0000026a1cd55d20, R13=0x0000026a1cd55d20, R14=0x000000b4067feb58, R15=0x00000269ac6cb930
RIP=0x0000026a18dcd640, EFLAGS=0x0000000000010202


Register to memory mapping:

RAX=0x0000026a18dcd700 points into unknown readable memory: 0x0000026a18dcda80 | 80 da dc 18 6a 02 00 00
RBX=0x0000026a18e98da0 points into unknown readable memory: 0x0000026a00000000 | 00 00 00 00 6a 02 00 00
RCX=0x0000026a18dd7e00 points into unknown readable memory: 0x0000026a18dcd700 | 00 d7 dc 18 6a 02 00 00
RDX=0x0000026a1cd55d20 points into unknown readable memory: 0x0000026a18e09de0 | e0 9d e0 18 6a 02 00 00
RSP=0x000000b4067fe908 is pointing into the stack for thread: 0x00000269ac6cb930
RBP=0x000000b4067feae0 is pointing into the stack for thread: 0x00000269ac6cb930
RSI=0x000000b4067fe9d0 is pointing into the stack for thread: 0x00000269ac6cb930
RDI=0x00000269be318860 is at code_begin+1184 in an Interpreter codelet
return entry points  [0x00000269be3183c0, 0x00000269be318f60]  2976 bytes
R8 =0x0000026a18e94df0 points into unknown readable memory: 0x0000002600000000 | 00 00 00 00 26 00 00 00
R9 =0x000000b4067fe9d0 is pointing into the stack for thread: 0x00000269ac6cb930
R10=0x00000269be31cf1c is at code_begin+1020 in an Interpreter codelet
native method entry point (kind = native)  [0x00000269be31cb20, 0x00000269be31d748]  3112 bytes
R11=0x0000000000000102 is an unknown value
R12=0x0000026a1cd55d20 points into unknown readable memory: 0x0000026a18e09de0 | e0 9d e0 18 6a 02 00 00
R13=0x0000026a1cd55d20 points into unknown readable memory: 0x0000026a18e09de0 | e0 9d e0 18 6a 02 00 00
R14=0x000000b4067feb58 is pointing into the stack for thread: 0x00000269ac6cb930
R15=0x00000269ac6cb930 is a thread

Top of Stack: (sp=0x000000b4067fe908)
0x000000b4067fe908:   0000000066b1e79d 0000000000000002
0x000000b4067fe918:   00000269be32b349 0000026a18e94df0
0x000000b4067fe928:   000000b4067fe9d0 00000269be318860
0x000000b4067fe938:   0000026a18e94df0 000000b4067fe9d0
0x000000b4067fe948:   00000269be318860 0000026a18e98da0
0x000000b4067fe958:   0000000066b1d61b 0000000000000002
0x000000b4067fe968:   0000026a0da4e8d8 0000000000000000
0x000000b4067fe978:   000000008c1ad270 0000026a0da4e850
0x000000b4067fe988:   0000026a0da480e0 0000000000000000
0x000000b4067fe998:   0000000000000000 0000026a0da47fb8
0x000000b4067fe9a8:   0000000066b2388d 000000008c1fc460
0x000000b4067fe9b8:   9e3779b97f4a7c15 0000000000000000
0x000000b4067fe9c8:   c382d8fd76361fa2 0000026a18dd7e00
0x000000b4067fe9d8:   0000000000000000 000000003e4ccccd
0x000000b4067fe9e8:   0001000000000000 0000026a0000ffff
0x000000b4067fe9f8:   0000000000000000 000000008b4f9ee8
0x000000b4067fea08:   00000269be31cf4b 0000000000000000
0x000000b4067fea18:   000000b4067fea30 000000b4067fea90
0x000000b4067fea28:   00000269be318988 0000026a3e4ccccd
0x000000b4067fea38:   0000000000000000 0000000000000000
0x000000b4067fea48:   000000b400000000 0000026a00000001
0x000000b4067fea58:   00000000ffffffff 0000026a00000000
0x000000b4067fea68:   0000000000000000 00000000bf800000
0x000000b4067fea78:   0000000000000000 00000000be22222d
0x000000b4067fea88:   00000269be31d688 000000b4067feb20
0x000000b4067fea98:   000000b4067fea98 0000000000000000
0x000000b4067feaa8:   000000000000000f 0000026a0da4ca30
0x000000b4067feab8:   0000000000000000 000000008c1a9208
0x000000b4067feac8:   0000026a0da480e0 0000000000000000
0x000000b4067fead8:   000000b4067feb00 000000b4067feba8
0x000000b4067feae8:   00000269be31893e 0000000000000000
0x000000b4067feaf8:   00000269be31a3d6 0000000000000000 

Instructions: (pc=0x0000026a18dcd640)
0x0000026a18dcd540:   ff ff ff ff ff ff ff 01 92 18 fd b0 40 0b 00 80
0x0000026a18dcd550:   08 00 00 00 0a 00 00 00 04 00 00 00 01 00 00 00
0x0000026a18dcd560:   01 00 00 00 01 01 01 01 e0 0c dd 18 6a 02 00 00
0x0000026a18dcd570:   01 01 01 01 01 01 01 01 91 18 f0 b0 bc 0c 00 80
0x0000026a18dcd580:   a0 01 00 00 a6 00 00 00 04 00 00 00 01 00 00 00
0x0000026a18dcd590:   01 00 00 00 ff ff 80 00 30 38 d7 1c 6a 02 00 00
0x0000026a18dcd5a0:   01 01 01 01 01 01 01 01 9c 18 f3 b0 43 0d 00 80
0x0000026a18dcd5b0:   00 01 00 00 00 01 00 00 04 00 00 00 01 00 00 00
0x0000026a18dcd5c0:   01 00 00 00 01 01 01 01 90 01 d7 1c 6a 02 00 00
0x0000026a18dcd5d0:   01 01 01 01 01 01 01 01 9b 18 f6 b0 2c 0e 00 80
0x0000026a18dcd5e0:   08 00 00 00 03 00 00 00 04 00 00 00 01 00 00 00
0x0000026a18dcd5f0:   01 00 00 00 ff ff ff 7e c0 d1 dc 18 6a 02 00 00
0x0000026a18dcd600:   ff ff ff 7e 01 01 01 01 a6 18 e9 b0 1d 0f 00 80
0x0000026a18dcd610:   0d 00 00 00 08 00 00 00 04 00 00 00 01 00 00 00
0x0000026a18dcd620:   01 00 00 00 01 01 01 01 e0 8b df 18 6a 02 00 00
0x0000026a18dcd630:   01 01 01 01 01 01 01 01 a5 18 ec b0 c0 10 00 80
0x0000026a18dcd640:   00 02 00 00 00 02 00 00 04 00 00 00 01 00 00 00
0x0000026a18dcd650:   01 00 00 00 00 00 00 00 40 40 a4 22 6a 02 00 00
0x0000026a18dcd660:   00 00 00 00 01 00 00 01 a0 18 ef b0 22 11 00 90
0x0000026a18dcd670:   00 04 00 00 00 04 00 00 04 00 00 00 00 00 00 00
0x0000026a18dcd680:   01 00 00 00 00 0b 00 00 40 00 f5 1e 6a 02 00 00
0x0000026a18dcd690:   c0 18 00 00 00 0b 00 00 af 18 e2 b0 6f 12 00 90
0x0000026a18dcd6a0:   00 04 00 00 00 04 00 00 04 00 00 00 00 00 00 00
0x0000026a18dcd6b0:   01 00 00 00 00 00 00 00 40 50 36 1f 6a 02 00 00
0x0000026a18dcd6c0:   60 8e df 18 6a 02 00 00 50 01 93 ac 69 02 00 00
0x0000026a18dcd6d0:   00 00 00 00 00 00 00 00 00 00 00 00 00 00 00 00
0x0000026a18dcd6e0:   00 00 00 00 00 00 00 00 00 00 00 00 00 00 00 00
0x0000026a18dcd6f0:   b6 01 00 00 ee 02 00 00 95 e2 7a a3 e3 a2 02 00
0x0000026a18dcd700:   80 da dc 18 6a 02 00 00 00 7e dd 18 6a 02 00 00
0x0000026a18dcd710:   40 d6 dc 18 6a 02 00 00 00 00 00 00 00 00 00 00
0x0000026a18dcd720:   00 00 00 00 00 00 00 00 00 00 00 00 00 00 00 00
0x0000026a18dcd730:   00 00 00 00 00 00 00 00 00 00 00 00 00 00 00 00 


Stack slot to memory mapping:

stack at sp + 0 slots: 0x0000000066b1e79d gdx-box2d64.dll
stack at sp + 1 slots: 0x0000000000000002 is an unknown value
stack at sp + 2 slots: 0x00000269be32b349 is at code_begin+105 in an Interpreter codelet
newarray  188 newarray  [0x00000269be32b2e0, 0x00000269be32b3b8]  216 bytes
stack at sp + 3 slots: 0x0000026a18e94df0 points into unknown readable memory: 0x0000002600000000 | 00 00 00 00 26 00 00 00
stack at sp + 4 slots: 0x000000b4067fe9d0 is pointing into the stack for thread: 0x00000269ac6cb930
stack at sp + 5 slots: 0x00000269be318860 is at code_begin+1184 in an Interpreter codelet
return entry points  [0x00000269be3183c0, 0x00000269be318f60]  2976 bytes
stack at sp + 6 slots: 0x0000026a18e94df0 points into unknown readable memory: 0x0000002600000000 | 00 00 00 00 26 00 00 00
stack at sp + 7 slots: 0x000000b4067fe9d0 is pointing into the stack for thread: 0x00000269ac6cb930


---------------  P R O C E S S  ---------------

Threads class SMR info:
_java_thread_list=0x0000026a1324eee0, length=15, elements={
0x00000269ac6cb930, 0x00000269cb1d6ed0, 0x00000269cb1d7a10, 0x00000269cb1ddc80,
0x00000269cb1dec50, 0x00000269cb1df790, 0x00000269cb1e18f0, 0x00000269cb1e68b0,
0x00000269cb1fa730, 0x00000269cb4b37c0, 0x00000269cb4cf240, 0x0000026a12a75040,
0x0000026a132bff40, 0x0000026a1350c730, 0x0000026a134002c0
}

Java Threads: ( => current thread )
=>0x00000269ac6cb930 JavaThread "main"                              [_thread_in_native, id=12724, stack(0x000000b406700000,0x000000b406800000) (1024K)]
  0x00000269cb1d6ed0 JavaThread "Reference Handler"          daemon [_thread_blocked, id=15496, stack(0x000000b406f00000,0x000000b407000000) (1024K)]
  0x00000269cb1d7a10 JavaThread "Finalizer"                  daemon [_thread_blocked, id=14756, stack(0x000000b407000000,0x000000b407100000) (1024K)]
  0x00000269cb1ddc80 JavaThread "Signal Dispatcher"          daemon [_thread_blocked, id=12628, stack(0x000000b407100000,0x000000b407200000) (1024K)]
  0x00000269cb1dec50 JavaThread "Attach Listener"            daemon [_thread_blocked, id=15600, stack(0x000000b407200000,0x000000b407300000) (1024K)]
  0x00000269cb1df790 JavaThread "Service Thread"             daemon [_thread_blocked, id=7116, stack(0x000000b407300000,0x000000b407400000) (1024K)]
  0x00000269cb1e18f0 JavaThread "Monitor Deflation Thread"   daemon [_thread_blocked, id=7076, stack(0x000000b407400000,0x000000b407500000) (1024K)]
  0x00000269cb1e68b0 JavaThread "C2 CompilerThread0"         daemon [_thread_blocked, id=5896, stack(0x000000b407500000,0x000000b407600000) (1024K)]
  0x00000269cb1fa730 JavaThread "C1 CompilerThread0"         daemon [_thread_blocked, id=14372, stack(0x000000b407600000,0x000000b407700000) (1024K)]
  0x00000269cb4b37c0 JavaThread "Notification Thread"        daemon [_thread_blocked, id=13812, stack(0x000000b407700000,0x000000b407800000) (1024K)]
  0x00000269cb4cf240 JavaThread "Common-Cleaner"             daemon [_thread_blocked, id=10520, stack(0x000000b407800000,0x000000b407900000) (1024K)]
  0x0000026a12a75040 JavaThread "Thread-0"                   daemon [_thread_blocked, id=16236, stack(0x000000b407900000,0x000000b407a00000) (1024K)]
  0x0000026a132bff40 JavaThread "AssetManager"               daemon [_thread_blocked, id=8792, stack(0x000000b408400000,0x000000b408500000) (1024K)]
  0x0000026a1350c730 JavaThread "LWJGL3 Timer"               daemon [_thread_blocked, id=11980, stack(0x000000b408300000,0x000000b408400000) (1024K)]
  0x0000026a134002c0 JavaThread "C2 CompilerThread1"         daemon [_thread_blocked, id=16200, stack(0x000000b408c00000,0x000000b408d00000) (1024K)]
Total: 15

Other Threads:
  0x00000269cb1c1f50 VMThread "VM Thread"                           [id=7892, stack(0x000000b406e00000,0x000000b406f00000) (1024K)]
  0x00000269cb1ac7c0 WatcherThread "VM Periodic Task Thread"        [id=2372, stack(0x000000b406d00000,0x000000b406e00000) (1024K)]
  0x00000269ae9bc2f0 WorkerThread "GC Thread#0"                     [id=15892, stack(0x000000b406800000,0x000000b406900000) (1024K)]
  0x00000269cb1c1470 WorkerThread "GC Thread#1"                     [id=14024, stack(0x000000b408500000,0x000000b408600000) (1024K)]
  0x00000269cb1c0990 WorkerThread "GC Thread#2"                     [id=13992, stack(0x000000b408600000,0x000000b408700000) (1024K)]
  0x00000269cb1c22f0 WorkerThread "GC Thread#3"                     [id=13264, stack(0x000000b408700000,0x000000b408800000) (1024K)]
  0x00000269cb1c1810 WorkerThread "GC Thread#4"                     [id=8108, stack(0x000000b408800000,0x000000b408900000) (1024K)]
  0x00000269cb1c10d0 WorkerThread "GC Thread#5"                     [id=6324, stack(0x000000b408900000,0x000000b408a00000) (1024K)]
  0x00000269cb3d3df0 WorkerThread "GC Thread#6"                     [id=5876, stack(0x000000b408a00000,0x000000b408b00000) (1024K)]
  0x00000269cb3d36b0 WorkerThread "GC Thread#7"                     [id=12860, stack(0x000000b408b00000,0x000000b408c00000) (1024K)]
  0x00000269ae9cd290 ConcurrentGCThread "G1 Main Marker"            [id=15372, stack(0x000000b406900000,0x000000b406a00000) (1024K)]
  0x00000269ae9ce530 WorkerThread "G1 Conc#0"                       [id=4924, stack(0x000000b406a00000,0x000000b406b00000) (1024K)]
  0x00000269cb079530 ConcurrentGCThread "G1 Refine#0"               [id=13888, stack(0x000000b406b00000,0x000000b406c00000) (1024K)]
  0x00000269cb079d50 ConcurrentGCThread "G1 Service"                [id=13420, stack(0x000000b406c00000,0x000000b406d00000) (1024K)]
Total: 14

Threads with active compile tasks:
Total: 0

VM state: not at safepoint (normal execution)

VM Mutex/Monitor currently owned by a thread: None

Heap address: 0x0000000085000000, size: 1968 MB, Compressed Oops mode: 32-bit

CDS archive(s) mapped at: [0x00000269cc000000-0x00000269ccc90000-0x00000269ccc90000), size 13172736, SharedBaseAddress: 0x00000269cc000000, ArchiveRelocationMode: 1.
Compressed class space mapped at: 0x00000269cd000000-0x0000026a0d000000, reserved size: 1073741824
Narrow klass base: 0x00000269cc000000, Narrow klass shift: 0, Narrow klass range: 0x100000000

GC Precious Log:
 CardTable entry size: 512
 Card Set container configuration: InlinePtr #cards 5 size 8 Array Of Cards #cards 12 size 40 Howl #buckets 4 coarsen threshold 1843 Howl Bitmap #cards 512 size 80 coarsen threshold 460 Card regions per heap region 1 cards per card region 2048
 CPUs: 8 total, 8 available
 Memory: 7865M
 Large Page Support: Disabled
 NUMA Support: Disabled
 Compressed Oops: Enabled (32-bit)
 Heap Region Size: 1M
 Heap Min Capacity: 8M
 Heap Initial Capacity: 124M
 Heap Max Capacity: 1968M
 Pre-touch: Disabled
 Parallel Workers: 8
 Concurrent Workers: 2
 Concurrent Refinement Workers: 8
 Periodic GC: Disabled

Heap:
 garbage-first heap   total 126976K, used 12328K [0x0000000085000000, 0x0000000100000000)
  region size 1024K, 14 young (14336K), 3 survivors (3072K)
 Metaspace       used 9899K, committed 10112K, reserved 1114112K
  class space    used 811K, committed 896K, reserved 1048576K

Heap Regions: E=young(eden), S=young(survivor), O=old, HS=humongous(starts), HC=humongous(continues), CS=collection set, F=free, TAMS=top-at-mark-start, PB=parsable bottom
|   0|0x0000000085000000, 0x000000008500a010, 0x0000000085100000|  3%| O|  |TAMS 0x0000000085000000| PB 0x0000000085000000| Untracked 
|   1|0x0000000085100000, 0x0000000085100000, 0x0000000085200000|  0%| F|  |TAMS 0x0000000085100000| PB 0x0000000085100000| Untracked 
|   2|0x0000000085200000, 0x0000000085200000, 0x0000000085300000|  0%| F|  |TAMS 0x0000000085200000| PB 0x0000000085200000| Untracked 
|   3|0x0000000085300000, 0x0000000085300000, 0x0000000085400000|  0%| F|  |TAMS 0x0000000085300000| PB 0x0000000085300000| Untracked 
|   4|0x0000000085400000, 0x0000000085400000, 0x0000000085500000|  0%| F|  |TAMS 0x0000000085400000| PB 0x0000000085400000| Untracked 
|   5|0x0000000085500000, 0x0000000085500000, 0x0000000085600000|  0%| F|  |TAMS 0x0000000085500000| PB 0x0000000085500000| Untracked 
|   6|0x0000000085600000, 0x0000000085600000, 0x0000000085700000|  0%| F|  |TAMS 0x0000000085600000| PB 0x0000000085600000| Untracked 
|   7|0x0000000085700000, 0x0000000085700000, 0x0000000085800000|  0%| F|  |TAMS 0x0000000085700000| PB 0x0000000085700000| Untracked 
|   8|0x0000000085800000, 0x0000000085800000, 0x0000000085900000|  0%| F|  |TAMS 0x0000000085800000| PB 0x0000000085800000| Untracked 
|   9|0x0000000085900000, 0x0000000085900000, 0x0000000085a00000|  0%| F|  |TAMS 0x0000000085900000| PB 0x0000000085900000| Untracked 
|  10|0x0000000085a00000, 0x0000000085a00000, 0x0000000085b00000|  0%| F|  |TAMS 0x0000000085a00000| PB 0x0000000085a00000| Untracked 
|  11|0x0000000085b00000, 0x0000000085b00000, 0x0000000085c00000|  0%| F|  |TAMS 0x0000000085b00000| PB 0x0000000085b00000| Untracked 
|  12|0x0000000085c00000, 0x0000000085c00000, 0x0000000085d00000|  0%| F|  |TAMS 0x0000000085c00000| PB 0x0000000085c00000| Untracked 
|  13|0x0000000085d00000, 0x0000000085d00000, 0x0000000085e00000|  0%| F|  |TAMS 0x0000000085d00000| PB 0x0000000085d00000| Untracked 
|  14|0x0000000085e00000, 0x0000000085e00000, 0x0000000085f00000|  0%| F|  |TAMS 0x0000000085e00000| PB 0x0000000085e00000| Untracked 
|  15|0x0000000085f00000, 0x0000000085f00000, 0x0000000086000000|  0%| F|  |TAMS 0x0000000085f00000| PB 0x0000000085f00000| Untracked 
|  16|0x0000000086000000, 0x0000000086000000, 0x0000000086100000|  0%| F|  |TAMS 0x0000000086000000| PB 0x0000000086000000| Untracked 
|  17|0x0000000086100000, 0x0000000086100000, 0x0000000086200000|  0%| F|  |TAMS 0x0000000086100000| PB 0x0000000086100000| Untracked 
|  18|0x0000000086200000, 0x0000000086200000, 0x0000000086300000|  0%| F|  |TAMS 0x0000000086200000| PB 0x0000000086200000| Untracked 
|  19|0x0000000086300000, 0x0000000086300000, 0x0000000086400000|  0%| F|  |TAMS 0x0000000086300000| PB 0x0000000086300000| Untracked 
|  20|0x0000000086400000, 0x0000000086400000, 0x0000000086500000|  0%| F|  |TAMS 0x0000000086400000| PB 0x0000000086400000| Untracked 
|  21|0x0000000086500000, 0x0000000086500000, 0x0000000086600000|  0%| F|  |TAMS 0x0000000086500000| PB 0x0000000086500000| Untracked 
|  22|0x0000000086600000, 0x0000000086600000, 0x0000000086700000|  0%| F|  |TAMS 0x0000000086600000| PB 0x0000000086600000| Untracked 
|  23|0x0000000086700000, 0x0000000086700000, 0x0000000086800000|  0%| F|  |TAMS 0x0000000086700000| PB 0x0000000086700000| Untracked 
|  24|0x0000000086800000, 0x0000000086800000, 0x0000000086900000|  0%| F|  |TAMS 0x0000000086800000| PB 0x0000000086800000| Untracked 
|  25|0x0000000086900000, 0x0000000086900000, 0x0000000086a00000|  0%| F|  |TAMS 0x0000000086900000| PB 0x0000000086900000| Untracked 
|  26|0x0000000086a00000, 0x0000000086a00000, 0x0000000086b00000|  0%| F|  |TAMS 0x0000000086a00000| PB 0x0000000086a00000| Untracked 
|  27|0x0000000086b00000, 0x0000000086b00000, 0x0000000086c00000|  0%| F|  |TAMS 0x0000000086b00000| PB 0x0000000086b00000| Untracked 
|  28|0x0000000086c00000, 0x0000000086c00000, 0x0000000086d00000|  0%| F|  |TAMS 0x0000000086c00000| PB 0x0000000086c00000| Untracked 
|  29|0x0000000086d00000, 0x0000000086d00000, 0x0000000086e00000|  0%| F|  |TAMS 0x0000000086d00000| PB 0x0000000086d00000| Untracked 
|  30|0x0000000086e00000, 0x0000000086e00000, 0x0000000086f00000|  0%| F|  |TAMS 0x0000000086e00000| PB 0x0000000086e00000| Untracked 
|  31|0x0000000086f00000, 0x0000000086f00000, 0x0000000087000000|  0%| F|  |TAMS 0x0000000086f00000| PB 0x0000000086f00000| Untracked 
|  32|0x0000000087000000, 0x0000000087000000, 0x0000000087100000|  0%| F|  |TAMS 0x0000000087000000| PB 0x0000000087000000| Untracked 
|  33|0x0000000087100000, 0x0000000087100000, 0x0000000087200000|  0%| F|  |TAMS 0x0000000087100000| PB 0x0000000087100000| Untracked 
|  34|0x0000000087200000, 0x0000000087200000, 0x0000000087300000|  0%| F|  |TAMS 0x0000000087200000| PB 0x0000000087200000| Untracked 
|  35|0x0000000087300000, 0x0000000087300000, 0x0000000087400000|  0%| F|  |TAMS 0x0000000087300000| PB 0x0000000087300000| Untracked 
|  36|0x0000000087400000, 0x0000000087400000, 0x0000000087500000|  0%| F|  |TAMS 0x0000000087400000| PB 0x0000000087400000| Untracked 
|  37|0x0000000087500000, 0x0000000087500000, 0x0000000087600000|  0%| F|  |TAMS 0x0000000087500000| PB 0x0000000087500000| Untracked 
|  38|0x0000000087600000, 0x0000000087600000, 0x0000000087700000|  0%| F|  |TAMS 0x0000000087600000| PB 0x0000000087600000| Untracked 
|  39|0x0000000087700000, 0x0000000087700000, 0x0000000087800000|  0%| F|  |TAMS 0x0000000087700000| PB 0x0000000087700000| Untracked 
|  40|0x0000000087800000, 0x0000000087800000, 0x0000000087900000|  0%| F|  |TAMS 0x0000000087800000| PB 0x0000000087800000| Untracked 
|  41|0x0000000087900000, 0x0000000087900000, 0x0000000087a00000|  0%| F|  |TAMS 0x0000000087900000| PB 0x0000000087900000| Untracked 
|  42|0x0000000087a00000, 0x0000000087a00000, 0x0000000087b00000|  0%| F|  |TAMS 0x0000000087a00000| PB 0x0000000087a00000| Untracked 
|  43|0x0000000087b00000, 0x0000000087b00000, 0x0000000087c00000|  0%| F|  |TAMS 0x0000000087b00000| PB 0x0000000087b00000| Untracked 
|  44|0x0000000087c00000, 0x0000000087c00000, 0x0000000087d00000|  0%| F|  |TAMS 0x0000000087c00000| PB 0x0000000087c00000| Untracked 
|  45|0x0000000087d00000, 0x0000000087d00000, 0x0000000087e00000|  0%| F|  |TAMS 0x0000000087d00000| PB 0x0000000087d00000| Untracked 
|  46|0x0000000087e00000, 0x0000000087e00000, 0x0000000087f00000|  0%| F|  |TAMS 0x0000000087e00000| PB 0x0000000087e00000| Untracked 
|  47|0x0000000087f00000, 0x0000000087f00000, 0x0000000088000000|  0%| F|  |TAMS 0x0000000087f00000| PB 0x0000000087f00000| Untracked 
|  48|0x0000000088000000, 0x0000000088000000, 0x0000000088100000|  0%| F|  |TAMS 0x0000000088000000| PB 0x0000000088000000| Untracked 
|  49|0x0000000088100000, 0x0000000088100000, 0x0000000088200000|  0%| F|  |TAMS 0x0000000088100000| PB 0x0000000088100000| Untracked 
|  50|0x0000000088200000, 0x0000000088200000, 0x0000000088300000|  0%| F|  |TAMS 0x0000000088200000| PB 0x0000000088200000| Untracked 
|  51|0x0000000088300000, 0x0000000088300000, 0x0000000088400000|  0%| F|  |TAMS 0x0000000088300000| PB 0x0000000088300000| Untracked 
|  52|0x0000000088400000, 0x0000000088400000, 0x0000000088500000|  0%| F|  |TAMS 0x0000000088400000| PB 0x0000000088400000| Untracked 
|  53|0x0000000088500000, 0x0000000088500000, 0x0000000088600000|  0%| F|  |TAMS 0x0000000088500000| PB 0x0000000088500000| Untracked 
|  54|0x0000000088600000, 0x0000000088600000, 0x0000000088700000|  0%| F|  |TAMS 0x0000000088600000| PB 0x0000000088600000| Untracked 
|  55|0x0000000088700000, 0x0000000088700000, 0x0000000088800000|  0%| F|  |TAMS 0x0000000088700000| PB 0x0000000088700000| Untracked 
|  56|0x0000000088800000, 0x0000000088800000, 0x0000000088900000|  0%| F|  |TAMS 0x0000000088800000| PB 0x0000000088800000| Untracked 
|  57|0x0000000088900000, 0x0000000088900000, 0x0000000088a00000|  0%| F|  |TAMS 0x0000000088900000| PB 0x0000000088900000| Untracked 
|  58|0x0000000088a00000, 0x0000000088a00000, 0x0000000088b00000|  0%| F|  |TAMS 0x0000000088a00000| PB 0x0000000088a00000| Untracked 
|  59|0x0000000088b00000, 0x0000000088b00000, 0x0000000088c00000|  0%| F|  |TAMS 0x0000000088b00000| PB 0x0000000088b00000| Untracked 
|  60|0x0000000088c00000, 0x0000000088c00000, 0x0000000088d00000|  0%| F|  |TAMS 0x0000000088c00000| PB 0x0000000088c00000| Untracked 
|  61|0x0000000088d00000, 0x0000000088d00000, 0x0000000088e00000|  0%| F|  |TAMS 0x0000000088d00000| PB 0x0000000088d00000| Untracked 
|  62|0x0000000088e00000, 0x0000000088e00000, 0x0000000088f00000|  0%| F|  |TAMS 0x0000000088e00000| PB 0x0000000088e00000| Untracked 
|  63|0x0000000088f00000, 0x0000000088f00000, 0x0000000089000000|  0%| F|  |TAMS 0x0000000088f00000| PB 0x0000000088f00000| Untracked 
|  64|0x0000000089000000, 0x0000000089000000, 0x0000000089100000|  0%| F|  |TAMS 0x0000000089000000| PB 0x0000000089000000| Untracked 
|  65|0x0000000089100000, 0x0000000089100000, 0x0000000089200000|  0%| F|  |TAMS 0x0000000089100000| PB 0x0000000089100000| Untracked 
|  66|0x0000000089200000, 0x0000000089200000, 0x0000000089300000|  0%| F|  |TAMS 0x0000000089200000| PB 0x0000000089200000| Untracked 
|  67|0x0000000089300000, 0x0000000089300000, 0x0000000089400000|  0%| F|  |TAMS 0x0000000089300000| PB 0x0000000089300000| Untracked 
|  68|0x0000000089400000, 0x0000000089400000, 0x0000000089500000|  0%| F|  |TAMS 0x0000000089400000| PB 0x0000000089400000| Untracked 
|  69|0x0000000089500000, 0x0000000089500000, 0x0000000089600000|  0%| F|  |TAMS 0x0000000089500000| PB 0x0000000089500000| Untracked 
|  70|0x0000000089600000, 0x0000000089600000, 0x0000000089700000|  0%| F|  |TAMS 0x0000000089600000| PB 0x0000000089600000| Untracked 
|  71|0x0000000089700000, 0x0000000089700000, 0x0000000089800000|  0%| F|  |TAMS 0x0000000089700000| PB 0x0000000089700000| Untracked 
|  72|0x0000000089800000, 0x0000000089800000, 0x0000000089900000|  0%| F|  |TAMS 0x0000000089800000| PB 0x0000000089800000| Untracked 
|  73|0x0000000089900000, 0x0000000089900000, 0x0000000089a00000|  0%| F|  |TAMS 0x0000000089900000| PB 0x0000000089900000| Untracked 
|  74|0x0000000089a00000, 0x0000000089a00000, 0x0000000089b00000|  0%| F|  |TAMS 0x0000000089a00000| PB 0x0000000089a00000| Untracked 
|  75|0x0000000089b00000, 0x0000000089b00000, 0x0000000089c00000|  0%| F|  |TAMS 0x0000000089b00000| PB 0x0000000089b00000| Untracked 
|  76|0x0000000089c00000, 0x0000000089c00000, 0x0000000089d00000|  0%| F|  |TAMS 0x0000000089c00000| PB 0x0000000089c00000| Untracked 
|  77|0x0000000089d00000, 0x0000000089d00000, 0x0000000089e00000|  0%| F|  |TAMS 0x0000000089d00000| PB 0x0000000089d00000| Untracked 
|  78|0x0000000089e00000, 0x0000000089e00000, 0x0000000089f00000|  0%| F|  |TAMS 0x0000000089e00000| PB 0x0000000089e00000| Untracked 
|  79|0x0000000089f00000, 0x0000000089f00000, 0x000000008a000000|  0%| F|  |TAMS 0x0000000089f00000| PB 0x0000000089f00000| Untracked 
|  80|0x000000008a000000, 0x000000008a000000, 0x000000008a100000|  0%| F|  |TAMS 0x000000008a000000| PB 0x000000008a000000| Untracked 
|  81|0x000000008a100000, 0x000000008a100000, 0x000000008a200000|  0%| F|  |TAMS 0x000000008a100000| PB 0x000000008a100000| Untracked 
|  82|0x000000008a200000, 0x000000008a200000, 0x000000008a300000|  0%| F|  |TAMS 0x000000008a200000| PB 0x000000008a200000| Untracked 
|  83|0x000000008a300000, 0x000000008a300000, 0x000000008a400000|  0%| F|  |TAMS 0x000000008a300000| PB 0x000000008a300000| Untracked 
|  84|0x000000008a400000, 0x000000008a400000, 0x000000008a500000|  0%| F|  |TAMS 0x000000008a400000| PB 0x000000008a400000| Untracked 
|  85|0x000000008a500000, 0x000000008a500000, 0x000000008a600000|  0%| F|  |TAMS 0x000000008a500000| PB 0x000000008a500000| Untracked 
|  86|0x000000008a600000, 0x000000008a600000, 0x000000008a700000|  0%| F|  |TAMS 0x000000008a600000| PB 0x000000008a600000| Untracked 
|  87|0x000000008a700000, 0x000000008a700000, 0x000000008a800000|  0%| F|  |TAMS 0x000000008a700000| PB 0x000000008a700000| Untracked 
|  88|0x000000008a800000, 0x000000008a800000, 0x000000008a900000|  0%| F|  |TAMS 0x000000008a800000| PB 0x000000008a800000| Untracked 
|  89|0x000000008a900000, 0x000000008a900000, 0x000000008aa00000|  0%| F|  |TAMS 0x000000008a900000| PB 0x000000008a900000| Untracked 
|  90|0x000000008aa00000, 0x000000008aa00000, 0x000000008ab00000|  0%| F|  |TAMS 0x000000008aa00000| PB 0x000000008aa00000| Untracked 
|  91|0x000000008ab00000, 0x000000008ab00000, 0x000000008ac00000|  0%| F|  |TAMS 0x000000008ab00000| PB 0x000000008ab00000| Untracked 
|  92|0x000000008ac00000, 0x000000008ac00000, 0x000000008ad00000|  0%| F|  |TAMS 0x000000008ac00000| PB 0x000000008ac00000| Untracked 
|  93|0x000000008ad00000, 0x000000008ad00000, 0x000000008ae00000|  0%| F|  |TAMS 0x000000008ad00000| PB 0x000000008ad00000| Untracked 
|  94|0x000000008ae00000, 0x000000008ae00000, 0x000000008af00000|  0%| F|  |TAMS 0x000000008ae00000| PB 0x000000008ae00000| Untracked 
|  95|0x000000008af00000, 0x000000008af00000, 0x000000008b000000|  0%| F|  |TAMS 0x000000008af00000| PB 0x000000008af00000| Untracked 
|  96|0x000000008b000000, 0x000000008b000000, 0x000000008b100000|  0%| F|  |TAMS 0x000000008b000000| PB 0x000000008b000000| Untracked 
|  97|0x000000008b100000, 0x000000008b100000, 0x000000008b200000|  0%| F|  |TAMS 0x000000008b100000| PB 0x000000008b100000| Untracked 
|  98|0x000000008b200000, 0x000000008b300000, 0x000000008b300000|100%| S|CS|TAMS 0x000000008b200000| PB 0x000000008b200000| Complete 
|  99|0x000000008b300000, 0x000000008b400000, 0x000000008b400000|100%| S|CS|TAMS 0x000000008b300000| PB 0x000000008b300000| Complete 
| 100|0x000000008b400000, 0x000000008b500000, 0x000000008b500000|100%| S|CS|TAMS 0x000000008b400000| PB 0x000000008b400000| Complete 
| 101|0x000000008b500000, 0x000000008b500000, 0x000000008b600000|  0%| F|  |TAMS 0x000000008b500000| PB 0x000000008b500000| Untracked 
| 102|0x000000008b600000, 0x000000008b600000, 0x000000008b700000|  0%| F|  |TAMS 0x000000008b600000| PB 0x000000008b600000| Untracked 
| 103|0x000000008b700000, 0x000000008b700000, 0x000000008b800000|  0%| F|  |TAMS 0x000000008b700000| PB 0x000000008b700000| Untracked 
| 104|0x000000008b800000, 0x000000008b800000, 0x000000008b900000|  0%| F|  |TAMS 0x000000008b800000| PB 0x000000008b800000| Untracked 
| 105|0x000000008b900000, 0x000000008b900000, 0x000000008ba00000|  0%| F|  |TAMS 0x000000008b900000| PB 0x000000008b900000| Untracked 
| 106|0x000000008ba00000, 0x000000008ba00000, 0x000000008bb00000|  0%| F|  |TAMS 0x000000008ba00000| PB 0x000000008ba00000| Untracked 
| 107|0x000000008bb00000, 0x000000008bb00000, 0x000000008bc00000|  0%| F|  |TAMS 0x000000008bb00000| PB 0x000000008bb00000| Untracked 
| 108|0x000000008bc00000, 0x000000008bc00000, 0x000000008bd00000|  0%| F|  |TAMS 0x000000008bc00000| PB 0x000000008bc00000| Untracked 
| 109|0x000000008bd00000, 0x000000008bd00000, 0x000000008be00000|  0%| F|  |TAMS 0x000000008bd00000| PB 0x000000008bd00000| Untracked 
| 110|0x000000008be00000, 0x000000008be00000, 0x000000008bf00000|  0%| F|  |TAMS 0x000000008be00000| PB 0x000000008be00000| Untracked 
| 111|0x000000008bf00000, 0x000000008bf00000, 0x000000008c000000|  0%| F|  |TAMS 0x000000008bf00000| PB 0x000000008bf00000| Untracked 
| 112|0x000000008c000000, 0x000000008c000000, 0x000000008c100000|  0%| F|  |TAMS 0x000000008c000000| PB 0x000000008c000000| Untracked 
| 113|0x000000008c100000, 0x000000008c200000, 0x000000008c200000|100%| E|  |TAMS 0x000000008c100000| PB 0x000000008c100000| Complete 
| 114|0x000000008c200000, 0x000000008c300000, 0x000000008c300000|100%| E|CS|TAMS 0x000000008c200000| PB 0x000000008c200000| Complete 
| 115|0x000000008c300000, 0x000000008c400000, 0x000000008c400000|100%| E|CS|TAMS 0x000000008c300000| PB 0x000000008c300000| Complete 
| 116|0x000000008c400000, 0x000000008c4ff988, 0x000000008c500000| 99%| E|  |TAMS 0x000000008c400000| PB 0x000000008c400000| Complete 
| 117|0x000000008c500000, 0x000000008c600000, 0x000000008c600000|100%| E|CS|TAMS 0x000000008c500000| PB 0x000000008c500000| Complete 
| 118|0x000000008c600000, 0x000000008c700000, 0x000000008c700000|100%| E|CS|TAMS 0x000000008c600000| PB 0x000000008c600000| Complete 
| 119|0x000000008c700000, 0x000000008c800000, 0x000000008c800000|100%| E|CS|TAMS 0x000000008c700000| PB 0x000000008c700000| Complete 
| 120|0x000000008c800000, 0x000000008c900000, 0x000000008c900000|100%| E|CS|TAMS 0x000000008c800000| PB 0x000000008c800000| Complete 
| 121|0x000000008c900000, 0x000000008ca00000, 0x000000008ca00000|100%| E|CS|TAMS 0x000000008c900000| PB 0x000000008c900000| Complete 
| 122|0x000000008ca00000, 0x000000008cb00000, 0x000000008cb00000|100%| E|CS|TAMS 0x000000008ca00000| PB 0x000000008ca00000| Complete 
| 123|0x000000008cb00000, 0x000000008cc00000, 0x000000008cc00000|100%| E|CS|TAMS 0x000000008cb00000| PB 0x000000008cb00000| Complete 

Card table byte_map: [0x00000269c64f0000,0x00000269c68d0000] _byte_map_base: 0x00000269c60c8000

Marking Bits: (CMBitMap*) 0x00000269ae9bd200
 Bits: [0x00000269c68d0000, 0x00000269c8790000)

Polling page: 0x00000269ae120000

Metaspace:

Usage:
  Non-class:      8.87 MB used.
      Class:    811.32 KB used.
       Both:      9.67 MB used.

Virtual space:
  Non-class space:       64.00 MB reserved,       9.00 MB ( 14%) committed,  1 nodes.
      Class space:        1.00 GB reserved,     896.00 KB ( <1%) committed,  1 nodes.
             Both:        1.06 GB reserved,       9.88 MB ( <1%) committed. 

Chunk freelists:
   Non-Class:  5.61 MB
       Class:  15.12 MB
        Both:  20.73 MB

MaxMetaspaceSize: unlimited
CompressedClassSpaceSize: 1.00 GB
Initial GC threshold: 21.00 MB
Current GC threshold: 21.00 MB
CDS: on
 - commit_granule_bytes: 65536.
 - commit_granule_words: 8192.
 - virtual_space_node_default_size: 8388608.
 - enlarge_chunks_in_place: 1.
 - use_allocation_guard: 0.


Internal statistics:

num_allocs_failed_limit: 0.
num_arena_births: 156.
num_arena_deaths: 0.
num_vsnodes_births: 2.
num_vsnodes_deaths: 0.
num_space_committed: 156.
num_space_uncommitted: 0.
num_chunks_returned_to_freelist: 0.
num_chunks_taken_from_freelist: 448.
num_chunk_merges: 0.
num_chunk_splits: 319.
num_chunks_enlarged: 237.
num_inconsistent_stats: 0.

CodeHeap 'non-profiled nmethods': size=120000Kb used=834Kb max_used=834Kb free=119165Kb
 bounds [0x00000269be8b0000, 0x00000269beb20000, 0x00000269c5de0000]
CodeHeap 'profiled nmethods': size=120000Kb used=3479Kb max_used=3479Kb free=116520Kb
 bounds [0x00000269b6de0000, 0x00000269b7150000, 0x00000269be310000]
CodeHeap 'non-nmethods': size=5760Kb used=2578Kb max_used=2582Kb free=3181Kb
 bounds [0x00000269be310000, 0x00000269be5a0000, 0x00000269be8b0000]
 total_blobs=3009 nmethods=1833 adapters=1081
 compilation: enabled
              stopped_count=0, restarted_count=0
 full_count=0

Compilation events (20 events):
Event: 8.611 Thread 0x0000026a134002c0 1824       4       java.util.ArrayList::add (25 bytes)
Event: 8.611 Thread 0x00000269cb1e68b0 1795       4       java.lang.String::lastIndexOf (12 bytes)
Event: 8.613 Thread 0x0000026a134002c0 nmethod 1824 0x00000269be97f390 code [0x00000269be97f540, 0x00000269be97f7a0]
Event: 8.613 Thread 0x0000026a134002c0 1796       4       java.lang.System::getSecurityManager (12 bytes)
Event: 8.613 Thread 0x0000026a134002c0 nmethod 1796 0x00000269be97f910 code [0x00000269be97fa80, 0x00000269be97fae8]
Event: 8.613 Thread 0x0000026a134002c0 1786   !   4       java.nio.DirectIntBufferU::get (34 bytes)
Event: 8.613 Thread 0x00000269cb1e68b0 nmethod 1795 0x00000269be97fc10 code [0x00000269be97fda0, 0x00000269be97ffe8]
Event: 8.614 Thread 0x0000026a134002c0 nmethod 1786 0x00000269be980190 code [0x00000269be980320, 0x00000269be980420]
Event: 8.623 Thread 0x00000269cb1fa730 1828       3       jdk.internal.misc.Unsafe::getInt (7 bytes)
Event: 8.623 Thread 0x00000269cb1fa730 nmethod 1828 0x00000269b7143d90 code [0x00000269b7143f20, 0x00000269b7144038]
Event: 8.629 Thread 0x00000269cb1fa730 1829   !   3       java.io.FileInputStream::read (30 bytes)
Event: 8.629 Thread 0x00000269cb1fa730 nmethod 1829 0x00000269b7144110 code [0x00000269b71442e0, 0x00000269b7144508]
Event: 8.633 Thread 0x00000269cb1fa730 1830       3       com.badlogic.gdx.math.Vector2::<init> (5 bytes)
Event: 8.633 Thread 0x00000269cb1e68b0 1831       4       com.badlogic.gdx.utils.Array::add (48 bytes)
Event: 8.634 Thread 0x00000269cb1fa730 nmethod 1830 0x00000269b7144690 code [0x00000269b7144820, 0x00000269b7144988]
Event: 8.635 Thread 0x00000269cb1e68b0 nmethod 1831 0x00000269be980510 code [0x00000269be9806e0, 0x00000269be980970]
Event: 8.636 Thread 0x00000269cb1fa730 1833       3       jdk.internal.loader.NativeLibraries::find (70 bytes)
Event: 8.636 Thread 0x00000269cb1fa730 nmethod 1833 0x00000269b7144a90 code [0x00000269b7144cc0, 0x00000269b71454e8]
Event: 8.636 Thread 0x00000269cb1fa730 1832       3       java.lang.ClassLoader::findNative (21 bytes)
Event: 8.636 Thread 0x00000269cb1fa730 nmethod 1832 0x00000269b7145790 code [0x00000269b7145960, 0x00000269b7145b70]

GC Heap History (2 events):
Event: 5.672 GC heap before
{Heap before GC invocations=0 (full 0):
 garbage-first heap   total 126976K, used 22528K [0x0000000085000000, 0x0000000100000000)
  region size 1024K, 23 young (23552K), 0 survivors (0K)
 Metaspace       used 8372K, committed 8576K, reserved 1114112K
  class space    used 653K, committed 768K, reserved 1048576K
}
Event: 5.763 GC heap after
{Heap after GC invocations=1 (full 0):
 garbage-first heap   total 126976K, used 3112K [0x0000000085000000, 0x0000000100000000)
  region size 1024K, 3 young (3072K), 3 survivors (3072K)
 Metaspace       used 8372K, committed 8576K, reserved 1114112K
  class space    used 653K, committed 768K, reserved 1048576K
}

Dll operation events (11 events):
Event: 0.013 Loaded shared library C:\Program Files\Java\jdk-21\bin\java.dll
Event: 0.062 Loaded shared library C:\Program Files\Java\jdk-21\bin\jsvml.dll
Event: 0.177 Loaded shared library C:\Program Files\Java\jdk-21\bin\net.dll
Event: 0.179 Loaded shared library C:\Program Files\Java\jdk-21\bin\nio.dll
Event: 0.185 Loaded shared library C:\Program Files\Java\jdk-21\bin\zip.dll
Event: 0.359 Loaded shared library C:\Program Files\Java\jdk-21\bin\jimage.dll
Event: 0.371 Loaded shared library C:\ProgramData\libGDX-temp\libgdxkhale\8d3b5089\gdx64.dll
Event: 0.448 Loaded shared library C:\ProgramData\libGDX-temp\lwjgl_khale\3.3.4+7\x64\lwjgl.dll
Event: 2.817 Loaded shared library C:\ProgramData\libGDX-temp\lwjgl_khale\3.3.4+7\x64\lwjgl_opengl.dll
Event: 3.256 Loaded shared library C:\ProgramData\libGDX-temp\libgdxkhale\5c4d431d\gdx-freetype64.dll
Event: 8.632 Loaded shared library C:\ProgramData\libGDX-temp\libgdxkhale\4ca5c0bf\gdx-box2d64.dll

Deoptimization events (20 events):
Event: 8.569 Thread 0x00000269ac6cb930 Uncommon trap: trap_request=0xffffff45 fr.pc=0x00000269be951ee0 relative=0x0000000000000140
Event: 8.569 Thread 0x00000269ac6cb930 Uncommon trap: reason=unstable_if action=reinterpret pc=0x00000269be951ee0 method=com.badlogic.gdx.utils.IntMap.get(I)Ljava/lang/Object; @ 27 c2
Event: 8.569 Thread 0x00000269ac6cb930 DEOPT PACKING pc=0x00000269be951ee0 sp=0x000000b4067fe780
Event: 8.569 Thread 0x00000269ac6cb930 DEOPT UNPACKING pc=0x00000269be367da2 sp=0x000000b4067fe718 mode 2
Event: 8.639 Thread 0x00000269ac6cb930 Uncommon trap: trap_request=0xffffffd6 fr.pc=0x00000269be9808b4 relative=0x00000000000001d4
Event: 8.639 Thread 0x00000269ac6cb930 Uncommon trap: reason=array_check action=maybe_recompile pc=0x00000269be9808b4 method=com.badlogic.gdx.utils.Array.add(Ljava/lang/Object;)V @ 46 c2
Event: 8.639 Thread 0x00000269ac6cb930 DEOPT PACKING pc=0x00000269be9808b4 sp=0x000000b4067feb70
Event: 8.639 Thread 0x00000269ac6cb930 DEOPT UNPACKING pc=0x00000269be367da2 sp=0x000000b4067feb18 mode 2
Event: 8.639 Thread 0x00000269ac6cb930 Uncommon trap: trap_request=0xffffffd6 fr.pc=0x00000269be9808b4 relative=0x00000000000001d4
Event: 8.639 Thread 0x00000269ac6cb930 Uncommon trap: reason=array_check action=maybe_recompile pc=0x00000269be9808b4 method=com.badlogic.gdx.utils.Array.add(Ljava/lang/Object;)V @ 46 c2
Event: 8.639 Thread 0x00000269ac6cb930 DEOPT PACKING pc=0x00000269be9808b4 sp=0x000000b4067feb70
Event: 8.639 Thread 0x00000269ac6cb930 DEOPT UNPACKING pc=0x00000269be367da2 sp=0x000000b4067feb18 mode 2
Event: 8.639 Thread 0x00000269ac6cb930 Uncommon trap: trap_request=0xffffffd6 fr.pc=0x00000269be9808b4 relative=0x00000000000001d4
Event: 8.639 Thread 0x00000269ac6cb930 Uncommon trap: reason=array_check action=maybe_recompile pc=0x00000269be9808b4 method=com.badlogic.gdx.utils.Array.add(Ljava/lang/Object;)V @ 46 c2
Event: 8.639 Thread 0x00000269ac6cb930 DEOPT PACKING pc=0x00000269be9808b4 sp=0x000000b4067feb70
Event: 8.639 Thread 0x00000269ac6cb930 DEOPT UNPACKING pc=0x00000269be367da2 sp=0x000000b4067feb18 mode 2
Event: 8.639 Thread 0x00000269ac6cb930 Uncommon trap: trap_request=0xffffffd6 fr.pc=0x00000269be9808b4 relative=0x00000000000001d4
Event: 8.639 Thread 0x00000269ac6cb930 Uncommon trap: reason=array_check action=maybe_recompile pc=0x00000269be9808b4 method=com.badlogic.gdx.utils.Array.add(Ljava/lang/Object;)V @ 46 c2
Event: 8.639 Thread 0x00000269ac6cb930 DEOPT PACKING pc=0x00000269be9808b4 sp=0x000000b4067feb70
Event: 8.639 Thread 0x00000269ac6cb930 DEOPT UNPACKING pc=0x00000269be367da2 sp=0x000000b4067feb18 mode 2

Classes loaded (20 events):
Event: 6.070 Loading class sun/reflect/generics/repository/ClassRepository
Event: 6.071 Loading class sun/reflect/generics/repository/GenericDeclRepository
Event: 6.071 Loading class sun/reflect/generics/repository/GenericDeclRepository done
Event: 6.071 Loading class sun/reflect/generics/repository/ClassRepository done
Event: 6.071 Loading class java/lang/reflect/TypeVariable
Event: 6.071 Loading class java/lang/reflect/TypeVariable done
Event: 6.071 Loading class sun/reflect/generics/tree/FormalTypeParameter
Event: 6.071 Loading class sun/reflect/generics/tree/FormalTypeParameter done
Event: 6.071 Loading class sun/reflect/generics/tree/ClassSignature
Event: 6.071 Loading class sun/reflect/generics/tree/Signature
Event: 6.071 Loading class sun/reflect/generics/tree/Signature done
Event: 6.071 Loading class sun/reflect/generics/tree/ClassSignature done
Event: 6.071 Loading class sun/reflect/generics/reflectiveObjects/TypeVariableImpl
Event: 6.072 Loading class sun/reflect/generics/reflectiveObjects/LazyReflectiveObjectGenerator
Event: 6.072 Loading class sun/reflect/generics/reflectiveObjects/LazyReflectiveObjectGenerator done
Event: 6.072 Loading class sun/reflect/generics/reflectiveObjects/TypeVariableImpl done
Event: 6.072 Loading class sun/reflect/generics/tree/TypeVariableSignature
Event: 6.072 Loading class sun/reflect/generics/tree/TypeVariableSignature done
Event: 6.998 Loading class java/util/zip/GZIPInputStream
Event: 6.999 Loading class java/util/zip/GZIPInputStream done

Classes unloaded (0 events):
No events

Classes redefined (0 events):
No events

Internal exceptions (20 events):
Event: 0.604 Thread 0x00000269ac6cb930 Exception <a 'java/lang/NoSuchMethodError'{0x000000008c349b30}: 'int java.lang.invoke.Invokers$Holder.invokeExact_MT(java.lang.Object, java.lang.Object)'> (0x000000008c349b30) 
thrown [s\open\src\hotspot\share\interpreter\linkResolver.cpp, line 773]
Event: 0.668 Thread 0x00000269ac6cb930 Exception <a 'sun/nio/fs/WindowsException'{0x000000008c20d020}> (0x000000008c20d020) 
thrown [s\open\src\hotspot\share\prims\jni.cpp, line 520]
Event: 0.668 Thread 0x00000269ac6cb930 Exception <a 'sun/nio/fs/WindowsException'{0x000000008c20d370}> (0x000000008c20d370) 
thrown [s\open\src\hotspot\share\prims\jni.cpp, line 520]
Event: 1.266 Thread 0x00000269ac6cb930 Exception <a 'java/lang/NoSuchMethodError'{0x000000008c24d610}: 'java.lang.Object java.lang.invoke.DirectMethodHandle$Holder.newInvokeSpecial(java.lang.Object, long)'> (0x000000008c24d610) 
thrown [s\open\src\hotspot\share\interpreter\linkResolver.cpp, line 773]
Event: 2.803 Thread 0x00000269ac6cb930 Exception <a 'java/lang/NoSuchMethodError'{0x000000008c068aa0}: 'void java.lang.invoke.DirectMethodHandle$Holder.invokeStatic(java.lang.Object, long)'> (0x000000008c068aa0) 
thrown [s\open\src\hotspot\share\interpreter\linkResolver.cpp, line 773]
Event: 2.810 Thread 0x00000269ac6cb930 Exception <a 'java/lang/NoSuchMethodError'{0x000000008c0871e0}: 'void java.lang.System.load(java.lang.String, java.lang.Class)'> (0x000000008c0871e0) 
thrown [s\open\src\hotspot\share\interpreter\linkResolver.cpp, line 773]
Event: 2.811 Thread 0x00000269ac6cb930 Exception <a 'java/lang/NoSuchMethodError'{0x000000008c089ba0}: 'void java.lang.System.loadLibrary(java.lang.String, java.lang.Class)'> (0x000000008c089ba0) 
thrown [s\open\src\hotspot\share\interpreter\linkResolver.cpp, line 773]
Event: 2.816 Thread 0x00000269ac6cb930 Exception <a 'sun/nio/fs/WindowsException'{0x000000008c099430}> (0x000000008c099430) 
thrown [s\open\src\hotspot\share\prims\jni.cpp, line 520]
Event: 2.816 Thread 0x00000269ac6cb930 Exception <a 'sun/nio/fs/WindowsException'{0x000000008c0997a8}> (0x000000008c0997a8) 
thrown [s\open\src\hotspot\share\prims\jni.cpp, line 520]
Event: 2.820 Thread 0x00000269ac6cb930 Exception <a 'sun/nio/fs/WindowsException'{0x000000008c0a3260}> (0x000000008c0a3260) 
thrown [s\open\src\hotspot\share\prims\jni.cpp, line 520]
Event: 2.820 Thread 0x00000269ac6cb930 Exception <a 'sun/nio/fs/WindowsException'{0x000000008c0a3510}> (0x000000008c0a3510) 
thrown [s\open\src\hotspot\share\prims\jni.cpp, line 520]
Event: 3.257 Thread 0x00000269ac6cb930 Exception <a 'java/io/FileNotFoundException'{0x000000008b83f0b8}> (0x000000008b83f0b8) 
thrown [s\open\src\hotspot\share\prims\jni.cpp, line 520]
Event: 5.669 Thread 0x00000269ac6cb930 Exception <a 'java/lang/NoSuchMethodError'{0x000000008b5ebfe8}: 'void java.lang.invoke.Invokers$Holder.invokeExact_MT(java.lang.Object, java.lang.Object, java.lang.Object, java.lang.Object)'> (0x000000008b5ebfe8) 
thrown [s\open\src\hotspot\share\interpreter\linkResolver.cpp, line 773]
Event: 5.771 Thread 0x00000269ac6cb930 Exception <a 'java/io/FileNotFoundException'{0x000000008cb3d7f0}> (0x000000008cb3d7f0) 
thrown [s\open\src\hotspot\share\prims\jni.cpp, line 520]
Event: 5.832 Thread 0x00000269ac6cb930 Exception <a 'java/io/FileNotFoundException'{0x000000008cbda4a8}> (0x000000008cbda4a8) 
thrown [s\open\src\hotspot\share\prims\jni.cpp, line 520]
Event: 5.891 Thread 0x00000269ac6cb930 Exception <a 'java/io/FileNotFoundException'{0x000000008ca08570}> (0x000000008ca08570) 
thrown [s\open\src\hotspot\share\prims\jni.cpp, line 520]
Event: 5.922 Thread 0x00000269ac6cb930 Exception <a 'java/io/FileNotFoundException'{0x000000008ca33d40}> (0x000000008ca33d40) 
thrown [s\open\src\hotspot\share\prims\jni.cpp, line 520]
Event: 6.073 Thread 0x00000269ac6cb930 Exception <a 'java/lang/NoSuchMethodError'{0x000000008caa9a40}: 'void java.lang.invoke.DelegatingMethodHandle$Holder.reinvoke_L(java.lang.Object, java.lang.Object, int)'> (0x000000008caa9a40) 
thrown [s\open\src\hotspot\share\interpreter\linkResolver.cpp, line 773]
Event: 6.074 Thread 0x00000269ac6cb930 Exception <a 'java/lang/NoSuchMethodError'{0x000000008cab02a0}: 'void java.lang.invoke.Invokers$Holder.invokeExact_MT(java.lang.Object, java.lang.Object, int, java.lang.Object)'> (0x000000008cab02a0) 
thrown [s\open\src\hotspot\share\interpreter\linkResolver.cpp, line 773]
Event: 8.421 Thread 0x00000269ac6cb930 Exception <a 'java/io/FileNotFoundException'{0x000000008c5fbd30}> (0x000000008c5fbd30) 
thrown [s\open\src\hotspot\share\prims\jni.cpp, line 520]

ZGC Phase Switch (0 events):
No events

VM Operations (20 events):
Event: 3.240 Executing VM operation: HandshakeAllThreads (Deoptimize)
Event: 3.240 Executing VM operation: HandshakeAllThreads (Deoptimize) done
Event: 3.240 Executing VM operation: HandshakeAllThreads (Deoptimize)
Event: 3.240 Executing VM operation: HandshakeAllThreads (Deoptimize) done
Event: 3.266 Executing VM operation: HandshakeAllThreads (Deoptimize)
Event: 3.266 Executing VM operation: HandshakeAllThreads (Deoptimize) done
Event: 4.276 Executing VM operation: Cleanup
Event: 4.276 Executing VM operation: Cleanup done
Event: 4.863 Executing VM operation: HandshakeAllThreads (Deoptimize)
Event: 4.863 Executing VM operation: HandshakeAllThreads (Deoptimize) done
Event: 5.672 Executing VM operation: G1CollectForAllocation (G1 Evacuation Pause)
Event: 5.763 Executing VM operation: G1CollectForAllocation (G1 Evacuation Pause) done
Event: 6.763 Executing VM operation: Cleanup
Event: 6.763 Executing VM operation: Cleanup done
Event: 7.764 Executing VM operation: Cleanup
Event: 7.764 Executing VM operation: Cleanup done
Event: 8.491 Executing VM operation: HandshakeAllThreads (Deoptimize)
Event: 8.491 Executing VM operation: HandshakeAllThreads (Deoptimize) done
Event: 8.493 Executing VM operation: HandshakeAllThreads (Deoptimize)
Event: 8.493 Executing VM operation: HandshakeAllThreads (Deoptimize) done

Events (20 events):
Event: 0.057 Thread 0x00000269cb1ddc80 Thread added: 0x00000269cb1ddc80
Event: 0.057 Thread 0x00000269cb1dec50 Thread added: 0x00000269cb1dec50
Event: 0.057 Thread 0x00000269cb1df790 Thread added: 0x00000269cb1df790
Event: 0.057 Thread 0x00000269cb1e18f0 Thread added: 0x00000269cb1e18f0
Event: 0.058 Thread 0x00000269cb1e68b0 Thread added: 0x00000269cb1e68b0
Event: 0.058 Thread 0x00000269cb1fa730 Thread added: 0x00000269cb1fa730
Event: 0.165 Thread 0x00000269cb4b37c0 Thread added: 0x00000269cb4b37c0
Event: 0.169 Thread 0x00000269cb4cf240 Thread added: 0x00000269cb4cf240
Event: 0.603 Thread 0x00000269cba56790 Thread added: 0x00000269cba56790
Event: 1.265 Thread 0x00000269cba56790 Thread exited: 0x00000269cba56790
Event: 1.343 Thread 0x0000026a12a75040 Thread added: 0x0000026a12a75040
Event: 3.153 Thread 0x0000026a132bff40 Thread added: 0x0000026a132bff40
Event: 3.159 Thread 0x0000026a13208310 Thread added: 0x0000026a13208310
Event: 3.454 Thread 0x0000026a1350c730 Thread added: 0x0000026a1350c730
Event: 3.469 Thread 0x0000026a13208310 Thread exited: 0x0000026a13208310
Event: 6.968 Thread 0x00000269cb767b00 Thread added: 0x00000269cb767b00
Event: 7.209 Thread 0x00000269cb6fa770 Thread added: 0x00000269cb6fa770
Event: 7.477 Thread 0x00000269cb6fa770 Thread exited: 0x00000269cb6fa770
Event: 7.478 Thread 0x00000269cb767b00 Thread exited: 0x00000269cb767b00
Event: 8.428 Thread 0x0000026a134002c0 Thread added: 0x0000026a134002c0


Dynamic libraries:
0x00007ff666330000 - 0x00007ff666340000 	C:\Program Files\Java\jdk-21\bin\java.exe
0x00007fffd3c70000 - 0x00007fffd3e87000 	C:\WINDOWS\SYSTEM32\ntdll.dll
0x00007fffd21f0000 - 0x00007fffd22b4000 	C:\WINDOWS\System32\KERNEL32.DLL
0x00007fffd0ff0000 - 0x00007fffd13aa000 	C:\WINDOWS\System32\KERNELBASE.dll
0x00007fffd1430000 - 0x00007fffd1541000 	C:\WINDOWS\System32\ucrtbase.dll
0x00007fffc9850000 - 0x00007fffc986b000 	C:\Program Files\Java\jdk-21\bin\VCRUNTIME140.dll
0x00007fffc7b10000 - 0x00007fffc7b29000 	C:\Program Files\Java\jdk-21\bin\jli.dll
0x00007fffd2b50000 - 0x00007fffd2c02000 	C:\WINDOWS\System32\ADVAPI32.dll
0x00007fffd1e00000 - 0x00007fffd1ea7000 	C:\WINDOWS\System32\msvcrt.dll
0x00007fffd1960000 - 0x00007fffd1a07000 	C:\WINDOWS\System32\sechost.dll
0x00007fffd16f0000 - 0x00007fffd1718000 	C:\WINDOWS\System32\bcrypt.dll
0x00007fffd2c10000 - 0x00007fffd2d24000 	C:\WINDOWS\System32\RPCRT4.dll
0x00007fffd1c30000 - 0x00007fffd1dde000 	C:\WINDOWS\System32\USER32.dll
0x00007fffd1890000 - 0x00007fffd18b6000 	C:\WINDOWS\System32\win32u.dll
0x00007fffc1dc0000 - 0x00007fffc2052000 	C:\WINDOWS\WinSxS\amd64_microsoft.windows.common-controls_6595b64144ccf1df_6.0.22621.4541_none_2710d1c57384c085\COMCTL32.dll
0x00007fffd21c0000 - 0x00007fffd21e9000 	C:\WINDOWS\System32\GDI32.dll
0x00007fffd1550000 - 0x00007fffd166b000 	C:\WINDOWS\System32\gdi32full.dll
0x00007fffd18c0000 - 0x00007fffd195a000 	C:\WINDOWS\System32\msvcp_win.dll
0x00007fffc9130000 - 0x00007fffc913a000 	C:\WINDOWS\SYSTEM32\VERSION.dll
0x00007fffd1bf0000 - 0x00007fffd1c21000 	C:\WINDOWS\System32\IMM32.DLL
0x00007fffcd2c0000 - 0x00007fffcd2cc000 	C:\Program Files\Java\jdk-21\bin\vcruntime140_1.dll
0x00007fffc7a80000 - 0x00007fffc7b0e000 	C:\Program Files\Java\jdk-21\bin\msvcp140.dll
0x00007fff82ac0000 - 0x00007fff837d8000 	C:\Program Files\Java\jdk-21\bin\server\jvm.dll
0x00007fffd1f00000 - 0x00007fffd1f71000 	C:\WINDOWS\System32\WS2_32.dll
0x00007fffd0710000 - 0x00007fffd075d000 	C:\WINDOWS\SYSTEM32\POWRPROF.dll
0x00007fffcc5f0000 - 0x00007fffcc624000 	C:\WINDOWS\SYSTEM32\WINMM.dll
0x00007fffd06d0000 - 0x00007fffd06e3000 	C:\WINDOWS\SYSTEM32\UMPDC.dll
0x00007fffcff30000 - 0x00007fffcff48000 	C:\WINDOWS\SYSTEM32\kernel.appcore.dll
0x00007fffc9dd0000 - 0x00007fffc9dda000 	C:\Program Files\Java\jdk-21\bin\jimage.dll
0x00007fffce720000 - 0x00007fffce952000 	C:\WINDOWS\SYSTEM32\DBGHELP.DLL
0x00007fffd3890000 - 0x00007fffd3c21000 	C:\WINDOWS\System32\combase.dll
0x00007fffd2e90000 - 0x00007fffd2f67000 	C:\WINDOWS\System32\OLEAUT32.dll
0x00007fffc9520000 - 0x00007fffc9552000 	C:\WINDOWS\SYSTEM32\dbgcore.DLL
0x00007fffd1670000 - 0x00007fffd16eb000 	C:\WINDOWS\System32\bcryptPrimitives.dll
0x00007fffc7a60000 - 0x00007fffc7a7f000 	C:\Program Files\Java\jdk-21\bin\java.dll
0x00007fffd22c0000 - 0x00007fffd2b39000 	C:\WINDOWS\System32\SHELL32.dll
0x00007fffcee20000 - 0x00007fffcf729000 	C:\WINDOWS\SYSTEM32\windows.storage.dll
0x00007fffcece0000 - 0x00007fffcee1f000 	C:\WINDOWS\SYSTEM32\wintypes.dll
0x00007fffd20c0000 - 0x00007fffd21ba000 	C:\WINDOWS\System32\SHCORE.dll
0x00007fffd2d30000 - 0x00007fffd2d8e000 	C:\WINDOWS\System32\shlwapi.dll
0x00007fffd0e60000 - 0x00007fffd0e8b000 	C:\WINDOWS\SYSTEM32\profapi.dll
0x00007fffafee0000 - 0x00007fffaffb7000 	C:\Program Files\Java\jdk-21\bin\jsvml.dll
0x00007fffc9120000 - 0x00007fffc9130000 	C:\Program Files\Java\jdk-21\bin\net.dll
0x00007fffcd740000 - 0x00007fffcd876000 	C:\WINDOWS\SYSTEM32\WINHTTP.dll
0x00007fffd0420000 - 0x00007fffd0489000 	C:\WINDOWS\system32\mswsock.dll
0x00007fffc7a20000 - 0x00007fffc7a36000 	C:\Program Files\Java\jdk-21\bin\nio.dll
0x00007fffc7a40000 - 0x00007fffc7a58000 	C:\Program Files\Java\jdk-21\bin\zip.dll
0x000000006e700000 - 0x000000006e72d000 	C:\ProgramData\libGDX-temp\libgdxkhale\8d3b5089\gdx64.dll
0x00007fffa6f20000 - 0x00007fffa6f9b000 	C:\ProgramData\libGDX-temp\lwjgl_khale\3.3.4+7\x64\lwjgl.dll
0x00007fff81dd0000 - 0x00007fff82041000 	C:\ProgramData\libGDX-temp\lwjgl_khale\3.3.4+7\x64\jemalloc.dll
0x00007fffa6c30000 - 0x00007fffa6cb5000 	C:\ProgramData\libGDX-temp\lwjgl_khale\3.3.4+7\x64\glfw.dll
0x00007fffae030000 - 0x00007fffae076000 	C:\WINDOWS\SYSTEM32\dinput8.dll
0x00007fffafad0000 - 0x00007fffafae1000 	C:\WINDOWS\SYSTEM32\xinput1_4.dll
0x00007fffd0c20000 - 0x00007fffd0c6e000 	C:\WINDOWS\SYSTEM32\cfgmgr32.dll
0x00007fffd0bf0000 - 0x00007fffd0c1c000 	C:\WINDOWS\SYSTEM32\DEVOBJ.dll
0x00007fffce1b0000 - 0x00007fffce1db000 	C:\WINDOWS\SYSTEM32\dwmapi.dll
0x00007fffb0410000 - 0x00007fffb0624000 	C:\WINDOWS\SYSTEM32\inputhost.dll
0x00007fffcba00000 - 0x00007fffcbb33000 	C:\WINDOWS\SYSTEM32\CoreMessaging.dll
0x00007fffcdf10000 - 0x00007fffcdfc1000 	C:\WINDOWS\system32\uxtheme.dll
0x00007fffd3230000 - 0x00007fffd3391000 	C:\WINDOWS\System32\MSCTF.dll
0x00007fffd0650000 - 0x00007fffd065c000 	C:\WINDOWS\SYSTEM32\CRYPTBASE.DLL
0x00007fff84360000 - 0x00007fff8453d000 	C:\ProgramData\libGDX-temp\lwjgl_khale\3.3.4+7\x64\OpenAL.dll
0x00007fffd3080000 - 0x00007fffd3225000 	C:\WINDOWS\System32\ole32.dll
0x00007fffd2fd0000 - 0x00007fffd3080000 	C:\WINDOWS\System32\clbcatq.dll
0x00007fffc6af0000 - 0x00007fffc6b8e000 	C:\WINDOWS\System32\MMDevApi.dll
0x00007fffb6660000 - 0x00007fffb684e000 	C:\WINDOWS\SYSTEM32\AUDIOSES.DLL
0x00007fffce4d0000 - 0x00007fffce4e5000 	C:\WINDOWS\SYSTEM32\resourcepolicyclient.dll
0x00007fff70e20000 - 0x00007fff70f20000 	C:\WINDOWS\SYSTEM32\opengl32.dll
0x00007fffbac00000 - 0x00007fffbac2d000 	C:\WINDOWS\SYSTEM32\GLU32.dll
0x00007fffce040000 - 0x00007fffce077000 	C:\WINDOWS\SYSTEM32\dxcore.dll
0x00007fffc9160000 - 0x00007fffc91a9000 	C:\WINDOWS\SYSTEM32\directxdatabasehelper.dll
0x00007fffc7680000 - 0x00007fffc77c4000 	C:\Windows\System32\AppXDeploymentClient.dll
0x00007fff645d0000 - 0x00007fff65657000 	C:\WINDOWS\System32\DriverStore\FileRepository\iigd_dch.inf_amd64_57ce179e0ee5edd3\igxelpicd64.dll
0x00007fffce080000 - 0x00007fffce177000 	C:\WINDOWS\system32\dxgi.dll
0x00007fff9ff30000 - 0x00007fffa006c000 	C:\WINDOWS\System32\DriverStore\FileRepository\iigd_dch.inf_amd64_57ce179e0ee5edd3\igdml64.dll
0x00007fffc1710000 - 0x00007fffc1b19000 	C:\WINDOWS\System32\DriverStore\FileRepository\iigd_dch.inf_amd64_57ce179e0ee5edd3\igdgmm64.dll
0x00007fffd13b0000 - 0x00007fffd1422000 	C:\WINDOWS\System32\WINTRUST.dll
0x00007fffd1720000 - 0x00007fffd1886000 	C:\WINDOWS\System32\CRYPT32.dll
0x00007fffd06f0000 - 0x00007fffd0702000 	C:\WINDOWS\SYSTEM32\MSASN1.dll
0x00007fffbd080000 - 0x00007fffc1704000 	C:\WINDOWS\System32\DriverStore\FileRepository\iigd_dch.inf_amd64_57ce179e0ee5edd3\igc64.dll
0x00007fffcd430000 - 0x00007fffcd4ec000 	C:\WINDOWS\SYSTEM32\mscms.dll
0x00007fffa8040000 - 0x00007fffa8089000 	C:\WINDOWS\SYSTEM32\icm32.dll
0x00007fffa6bc0000 - 0x00007fffa6c21000 	C:\ProgramData\libGDX-temp\lwjgl_khale\3.3.4+7\x64\lwjgl_opengl.dll
0x00007fffb02a0000 - 0x00007fffb03e5000 	C:\WINDOWS\SYSTEM32\textinputframework.dll
0x00007fffb7b60000 - 0x00007fffb7bc9000 	C:\WINDOWS\system32\Oleacc.dll
0x000000006a340000 - 0x000000006a3f4000 	C:\ProgramData\libGDX-temp\libgdxkhale\5c4d431d\gdx-freetype64.dll
0x00007fffb0250000 - 0x00007fffb029b000 	C:\WINDOWS\system32\ApplicationTargetedFeatureDatabase.dll
0x00007fffc9a60000 - 0x00007fffc9d04000 	C:\Windows\System32\twinapi.appcore.dll
0x0000000066b00000 - 0x0000000066b5a000 	C:\ProgramData\libGDX-temp\libgdxkhale\4ca5c0bf\gdx-box2d64.dll

dbghelp: loaded successfully - version: 4.0.5 - missing functions: none
symbol engine: initialized successfully - sym options: 0x614 - pdb path: .;C:\Program Files\Java\jdk-21\bin;C:\WINDOWS\SYSTEM32;C:\WINDOWS\WinSxS\amd64_microsoft.windows.common-controls_6595b64144ccf1df_6.0.22621.4541_none_2710d1c57384c085;C:\Program Files\Java\jdk-21\bin\server;C:\ProgramData\libGDX-temp\libgdxkhale\8d3b5089;C:\ProgramData\libGDX-temp\lwjgl_khale\3.3.4+7\x64;C:\WINDOWS\System32\DriverStore\FileRepository\iigd_dch.inf_amd64_57ce179e0ee5edd3;C:\ProgramData\libGDX-temp\libgdxkhale\5c4d431d;C:\ProgramData\libGDX-temp\libgdxkhale\4ca5c0bf

VM Arguments:
jvm_args: -Dfile.encoding=UTF-8 -Duser.country=DE -Duser.language=de -Duser.variant 
java_command: braid.main.lwjgl3.Lwjgl3Launcher
java_class_path (initial): C:\Users\khale\Desktop\braid\lwjgl3\build\classes\java\main;C:\Users\khale\Desktop\braid\lwjgl3\build\resources\main;C:\Users\khale\.gradle\caches\modules-2\files-2.1\com.badlogicgames.gdx-controllers\gdx-controllers-desktop\2.2.3\f496535b094461487a71b3f23a17cd7d524de0f5\gdx-controllers-desktop-2.2.3.jar;C:\Users\khale\.gradle\caches\modules-2\files-2.1\com.badlogicgames.gdx\gdx-backend-lwjgl3\1.13.0\bd205dae964d9e06432a14bc29de98ae22b0e342\gdx-backend-lwjgl3-1.13.0.jar;C:\Users\khale\.gradle\caches\modules-2\files-2.1\com.badlogicgames.gdx\gdx-box2d-platform\1.13.0\ba92923a9b6b75a20212e8ca215fa22f93810da8\gdx-box2d-platform-1.13.0-natives-desktop.jar;C:\Users\khale\.gradle\caches\modules-2\files-2.1\com.badlogicgames.gdx\gdx-bullet-platform\1.13.0\90dcec4c8ef0d64060bcce26f7f4b1c29db65e81\gdx-bullet-platform-1.13.0-natives-desktop.jar;C:\Users\khale\.gradle\caches\modules-2\files-2.1\com.badlogicgames.gdx\gdx-freetype-platform\1.13.0\8e2e4275e14852d8e7cf2ecac178ab7667fd3729\gdx-freetype-platform-1.13.0-natives-desktop.jar;C:\Users\khale\.gradle\caches\modules-2\files-2.1\com.badlogicgames.gdx\gdx-platform\1.13.0\86a8c9c55b62d5ea3a6532d25f3afa8314f69e78\gdx-platform-1.13.0-natives-desktop.jar;C:\Users\khale\Desktop\braid\core\build\libs\core-$projectVersion.jar;C:\Users\khale\.gradle\caches\modules-2\files-2.1\com.badlogicgames.gdx\gdx-tools\1.13.0\6e3df666aafb978b69b400bad733749cd8b028dd\gdx-tools-1.13.0.jar;C:\Users\khale\.gradle\caches\modules-2\files-2.1\com.badlogicgames.gdx-controllers\gdx-controllers-core\2.2.3\82b77d6cb6394420cdd480fc2ab373f7ba5e0e45\gdx-controllers-core-2.2.3.jar;C:\Users\khale\.gradle\caches\modules-2\files-2.1\com.badlogicgames.jamepad\jamepad\2.0.20.0\55eb0007fd55c9914d106dac3387b9d444572cab\jamepad-2.0.20.0.jar;C:\Users\khale\.gradle\caches\modules-2\files-2.1\com.badlogicgames.ashley\ashley\1.7.4\21a3a8932919099c4e5006a7d8378dcbe76ef8a5\ashley-1.7.4.jar;C:\Users\khale\.gradle\caches\modules-2\files-2.1\com.badlogicgames.gdx\gdx-ai\1.8.2\ab75d2ce80ab1b1ce6828a15dc0f417abac4c674\gdx-ai-1.8.2.jar;C:\Users\khale\.gradle\caches\modules-2\files-2.1\com.badlogicgames.box2dlights\box2dlights\1.5\6902dbcd250c95a27973aa24a147a95b3828d348\box2dlights-1.5.jar;C:\Users\khale\.gradle\caches\modules-2\files-2.1\com.badlogicgames.gdx\gdx-box2d\1.13.0\4e3dec7944c9f1972a6628922b54390a4f4dea44\gdx-box2d-1.13.0.jar;C:\Users\khale\.gradle\caches\modules-2\files-2.1\com.badlogicgames.gdx\gdx-bullet\1.13.0\e28a548808fa06b7ad1e102a490ec7a32878d828\gdx-bullet-1.13.0.jar;C:\Users\khale\.gradle\caches\modules-2\files-2.1\com.badlogicgames.gdx\gdx-freetype\1.13.0\283b1d86af06bff6dc4b33523d98fe7f44c9dcaa\gdx-freetype-1.13.0.jar;C:\Users\khale\.gradle\caches\modules-2\files-2.1\com.badlogicgames.gdx\gdx-backend-headless\1.13.0\f3f112c5ed02e8dba857ae14567849be79c702ea\gdx-backend-headless-1.13.0.jar;C:\Users\khale\.gradle\caches\modules-2\files-2.1\com.badlogicgames.gdx\gdx\1.13.0\5ad34f11004a70f4f2c55456461ab1dbf438eeea\gdx-1.13.0.jar;C:\Users\khale\.gradle\caches\modules-2\files-2.1\org.lwjgl\lwjgl-glfw\3.3.4\7e46ecdec85db8738053cfde1414352cd62dab74\lwjgl-glfw-3.3.4.jar;C:\Users\khale\.gradle\caches\modules-2\files-2.1\org.lwjgl\lwjgl-glfw\3.3.4\91e3d4b56d6d1369ef107b9d7801c9f38125c590\lwjgl-glfw-3.3.4-natives-linux.jar;C:\Users\khale\.gradle\caches\modules-2\files-2.1\org.lwjgl\lwjgl-glfw\3.3.4\449b8e4b7cf5c91b307605196230be84b1c51e9c\lwjgl-glfw-3.3.4-natives-linux-arm32.jar;C:\Users\khale\.gradle\caches\modules-2\files-2.1\org.lwjgl\lwjgl-glfw\3.3.4\6ed16dab2ee0d1325bcc5c0fdeabf53d2695fce2\lwjgl-glfw-3.3.4-natives-linux-arm64.jar;C:\Users\khale\.gradle\caches\modules-2\files-2.1\org.lwjgl\lwjgl-glfw\3.3.4\9582481036b6fb762c3f791e2ed26128152a1cec\lwjgl-glfw-3.3.4-natives-linux-riscv64.jar;C:\Users\khale\.gradle\caches\modules-2\files-2.1\org.lwjgl\lwjgl-glfw\3.3.4\753fa860987242ceefa990a6062a18dff4908a33\lwjgl-glfw-3.3.4-natives-macos.jar;C:\Users\khale\.gradle\caches\modules-2\files-2.1\org.lwjgl\lwjgl-glfw\3.3.4\4c358e983516fb6318b76c892ac35b79e8f2f8d9\lwjgl-glfw-3.3.4-natives-macos-arm64.jar;C:\Users\khale\.gradle\caches\modules-2\files-2.1\org.lwjgl\lwjgl-glfw\3.3.4\370ef92d15819a123c643dd2b0fc3a2d40bb263c\lwjgl-glfw-3.3.4-natives-windows.jar;C:\Users\khale\.gradle\caches\modules-2\files-2.1\org.lwjgl\lwjgl-glfw\3.3.4\3dbc102949a66255b95a31c2471f4c6a22b22737\lwjgl-glfw-3.3.4-natives-windows-x86.jar;C:\Users\khale\.gradle\caches\modules-2\files-2.1\org.lwjgl\lwjgl-jemalloc\3.3.4\e3f5dcb8e13f3a5ed3f740fd30a114cee2a80bc4\lwjgl-jemalloc-3.3.4.jar;C:\Users\khale\.gradle\caches\modules-2\files-2.1\org.lwjgl\lwjgl-jemalloc\3.3.4\4cf2f56192436b563f30524a5b389f3b37cae4af\lwjgl-jemalloc-3.3.4-natives-linux.jar;C:\Users\khale\.gradle\caches\modules-2\files-2.1\org.lwjgl\lwjgl-jemalloc\3.3.4\ff12080e919f34a9fb9dae32c26b36048d1f3393\lwjgl-jemalloc-3.3.4-natives-linux-arm32.jar;C:\Users\khale\.gradle\caches\modules-2\files-2.1\org.lwjgl\lwjgl-jemalloc\3.3.4\ebb67e23b0b83a8ee30f7b17eba6f289a43fd3f5\lwjgl-jemalloc-3.3.4-natives-linux-arm64.jar;C:\Users\khale\.gradle\caches\modules-2\files-2.1\org.lwjgl\lwjgl-jemalloc\3.3.4\6c5d38aad1dbd1c4945bcbe86640e616ceb9588f\lwjgl-jemalloc-3.3.4-natives-linux-riscv64.jar;C:\Users\khale\.gradle\caches\modules-2\files-2.1\org.lwjgl\lwjgl-jemalloc\3.3.4\bc99a9862de25a9bee2e340a2d404cd8933c5299\lwjgl-jemalloc-3.3.4-natives-macos.jar;C:\Users\khale\.gradle\caches\modules-2\files-2.1\org.lwjgl\lwjgl-jemalloc\3.3.4\f7a7d32a5ec6b5f20756e8ea9aa54ec7e5401c4f\lwjgl-jemalloc-3.3.4-natives-macos-arm64.jar;C:\Users\khale\.gradle\caches\modules-2\files-2.1\org.lwjgl\lwjgl-jemalloc\3.3.4\4fa19a3d8262e2d73d9632b70b753a2b67552951\lwjgl-jemalloc-3.3.4-natives-windows.jar;C:\Users\khale\.gradle\caches\modules-2\files-2.1\org.lwjgl\lwjgl-jemalloc\3.3.4\54087cafb7c5e0d5dc440d1aa61fae9a7b384785\lwjgl-jemalloc-3.3.4-natives-windows-x86.jar;C:\Users\khale\.gradle\caches\modules-2\files-2.1\org.lwjgl\lwjgl-openal\3.3.4\9b74d3ea380c83353d42af43ad9659e04dabe84a\lwjgl-openal-3.3.4.jar;C:\Users\khale\.gradle\caches\modules-2\files-2.1\org.lwjgl\lwjgl-openal\3.3.4\45189277b5ac64b849de7293e8b1ef2cf2082102\lwjgl-openal-3.3.4-natives-linux.jar;C:\Users\khale\.gradle\caches\modules-2\files-2.1\org.lwjgl\lwjgl-openal\3.3.4\2f9f237a80067a62ea6b5d2ca8e6ba7f09bdcdc6\lwjgl-openal-3.3.4-natives-linux-arm32.jar;C:\Users\khale\.gradle\caches\modules-2\files-2.1\org.lwjgl\lwjgl-openal\3.3.4\81d51b1e4c0094d2888bd2fe8452af9afbf9838e\lwjgl-openal-3.3.4-natives-linux-arm64.jar;C:\Users\khale\.gradle\caches\modules-2\files-2.1\org.lwjgl\lwjgl-openal\3.3.4\74c5ddf47ad6bee41348bbb0735008694b5315af\lwjgl-openal-3.3.4-natives-linux-riscv64.jar;C:\Users\khale\.gradle\caches\modules-2\files-2.1\org.lwjgl\lwjgl-openal\3.3.4\e2adb6049c1931bdebd98844bca17b9ac2758447\lwjgl-openal-3.3.4-natives-macos.jar;C:\Users\khale\.gradle\caches\modules-2\files-2.1\org.lwjgl\lwjgl-openal\3.3.4\a5dd94302fe588b081a5e5beecbfc4584a109c97\lwjgl-openal-3.3.4-natives-macos-arm64.jar;C:\Users\khale\.gradle\caches\modules-2\files-2.1\org.lwjgl\lwjgl-openal\3.3.4\c4de8af803aacda71044418095a71cd63b569a15\lwjgl-openal-3.3.4-natives-windows.jar;C:\Users\khale\.gradle\caches\modules-2\files-2.1\org.lwjgl\lwjgl-openal\3.3.4\35ccf6e634931b2f980bd232def11f81e66484a6\lwjgl-openal-3.3.4-natives-windows-x86.jar;C:\Users\khale\.gradle\caches\modules-2\files-2.1\org.lwjgl\lwjgl-opengl\3.3.4\2852ac7d9f6fc71349f1ce28e2708ff1977f18af\lwjgl-opengl-3.3.4.jar;C:\Users\khale\.gradle\caches\modules-2\files-2.1\org.lwjgl\lwjgl-opengl\3.3.4\789df76d2e3da55349d858dfb81442149af7c7f4\lwjgl-opengl-3.3.4-natives-linux.jar;C:\Users\khale\.gradle\caches\modules-2\files-2.1\org.lwjgl\lwjgl-opengl\3.3.4\34d3574cdb6acaf41e809f935d8917dbb65ca5e6\lwjgl-opengl-3.3.4-natives-linux-arm32.jar;C:\Users\khale\.gradle\caches\modules-2\files-2.1\org.lwjgl\lwjgl-opengl\3.3.4\26dfff75b853db7c5f1f37397c6f4899a4e24416\lwjgl-opengl-3.3.4-natives-linux-arm64.jar;C:\Users\khale\.gradle\caches\modules-2\files-2.1\org.lwjgl\lwjgl-opengl\3.3.4\6ea07b47dd91af8f3ee4a24ddb3cbf086d157a4e\lwjgl-opengl-3.3.4-natives-linux-riscv64.jar;C:\Users\khale\.gradle\caches\modules-2\files-2.1\org.lwjgl\lwjgl-opengl\3.3.4\ae0dd9d292744114f54d268a98cf1cd748b9994d\lwjgl-opengl-3.3.4-natives-macos.jar;C:\Users\khale\.gradle\caches\modules-2\files-2.1\org.lwjgl\lwjgl-opengl\3.3.4\832e7deef981577ee7aeb3b9e1c74bc0e5d26cce\lwjgl-opengl-3.3.4-natives-macos-arm64.jar;C:\Users\khale\.gradle\caches\modules-2\files-2.1\org.lwjgl\lwjgl-opengl\3.3.4\f7ca4e75573a9ce83075bd86bc8a3e49ff106696\lwjgl-opengl-3.3.4-natives-windows.jar;C:\Users\khale\.gradle\caches\modules-2\files-2.1\org.lwjgl\lwjgl-opengl\3.3.4\b6d5c724826bac85640a6049f0a1ddf431181126\lwjgl-opengl-3.3.4-natives-windows-x86.jar;C:\Users\khale\.gradle\caches\modules-2\files-2.1\org.lwjgl\lwjgl-stb\3.3.4\5821735d5ef23f6da8542887344e57eb181b7cac\lwjgl-stb-3.3.4.jar;C:\Users\khale\.gradle\caches\modules-2\files-2.1\org.lwjgl\lwjgl-stb\3.3.4\dfc129f009495e6effe8a023d7c3f9cf519e86e3\lwjgl-stb-3.3.4-natives-linux.jar;C:\Users\khale\.gradle\caches\modules-2\files-2.1\org.lwjgl\lwjgl-stb\3.3.4\d0df615de25e86afb4fec1ff20410a45797b5954\lwjgl-stb-3.3.4-natives-linux-arm32.jar;C:\Users\khale\.gradle\caches\modules-2\files-2.1\org.lwjgl\lwjgl-stb\3.3.4\8a3459c48b72822997cb5b417cd8a4fd7766aecb\lwjgl-stb-3.3.4-natives-linux-arm64.jar;C:\Users\khale\.gradle\caches\modules-2\files-2.1\org.lwjgl\lwjgl-stb\3.3.4\502804ee61eb7adb30bbb5e4459899f9a0cb23cf\lwjgl-stb-3.3.4-natives-linux-riscv64.jar;C:\Users\khale\.gradle\caches\modules-2\files-2.1\org.lwjgl\lwjgl-stb\3.3.4\7f4d84292e503b155d9c251fdbdf5c3a8ec0545\lwjgl-stb-3.3.4-natives-macos.jar;C:\Users\khale\.gradle\caches\modules-2\files-2.1\org.lwjgl\lwjgl-stb\3.3.4\42ce7e0be333378860b1aa9c0904478ee854a003\lwjgl-stb-3.3.4-natives-macos-arm64.jar;C:\Users\khale\.gradle\caches\modules-2\files-2.1\org.lwjgl\lwjgl-stb\3.3.4\8310e565463ec8d369528e8b26a9b1518d079a01\lwjgl-stb-3.3.4-natives-windows.jar;C:\Users\khale\.gradle\caches\modules-2\files-2.1\org.lwjgl\lwjgl-stb\3.3.4\d09beab94b973d0d919b1ceb3e057508c1f203f8\lwjgl-stb-3.3.4-natives-windows-x86.jar;C:\Users\khale\.gradle\caches\modules-2\files-2.1\org.lwjgl\lwjgl\3.3.4\b86c3e4832426e8a6b466013b7cb34b40e9ce956\lwjgl-3.3.4.jar;C:\Users\khale\.gradle\caches\modules-2\files-2.1\org.lwjgl\lwjgl\3.3.4\a7ccba1d3f2fef214943e74335a80cc65d04e49\lwjgl-3.3.4-natives-linux.jar;C:\Users\khale\.gradle\caches\modules-2\files-2.1\org.lwjgl\lwjgl\3.3.4\da1e9d39555144fd0445e542c6f57abb199d7e79\lwjgl-3.3.4-natives-linux-arm32.jar;C:\Users\khale\.gradle\caches\modules-2\files-2.1\org.lwjgl\lwjgl\3.3.4\620ead288ea92391f405003bfefcdef4588aa856\lwjgl-3.3.4-natives-linux-arm64.jar;C:\Users\khale\.gradle\caches\modules-2\files-2.1\org.lwjgl\lwjgl\3.3.4\3ce36a5c5e6feb61bad2ea1426352482e04c6db1\lwjgl-3.3.4-natives-linux-riscv64.jar;C:\Users\khale\.gradle\caches\modules-2\files-2.1\org.lwjgl\lwjgl\3.3.4\f952bb0894c946445942431de2e311feee635c00\lwjgl-3.3.4-natives-macos.jar;C:\Users\khale\.gradle\caches\modules-2\files-2.1\org.lwjgl\lwjgl\3.3.4\d12785da7cdca4921603b5dd83f712f5cdba3fc4\lwjgl-3.3.4-natives-macos-arm64.jar;C:\Users\khale\.gradle\caches\modules-2\files-2.1\org.lwjgl\lwjgl\3.3.4\dd0927c1348cdcd9573fa24b7278ec1ac2bb0a76\lwjgl-3.3.4-natives-windows.jar;C:\Users\khale\.gradle\caches\modules-2\files-2.1\org.lwjgl\lwjgl\3.3.4\4da2cf3d17e4f8c654f71b0ce003712e540c1a9f\lwjgl-3.3.4-natives-windows-x86.jar;C:\Users\khale\.gradle\caches\modules-2\files-2.1\com.badlogicgames.jlayer\jlayer\1.0.1-gdx\7cca83cec5c1b2f011362f4d85aabd71a73b049d\jlayer-1.0.1-gdx.jar;C:\Users\khale\.gradle\caches\modules-2\files-2.1\org.jcraft\jorbis\0.0.17\8872d22b293e8f5d7d56ff92be966e6dc28ebdc6\jorbis-0.0.17.jar;C:\Users\khale\.gradle\caches\modules-2\files-2.1\com.badlogicgames.gdx\gdx-jnigen-loader\2.5.2\f35e90affe07c46b4f5e5958a1a4c1820c4890e2\gdx-jnigen-loader-2.5.2.jar
Launcher Type: SUN_STANDARD

[Global flags]
     intx CICompilerCount                          = 4                                         {product} {ergonomic}
     uint ConcGCThreads                            = 2                                         {product} {ergonomic}
     uint G1ConcRefinementThreads                  = 8                                         {product} {ergonomic}
   size_t G1HeapRegionSize                         = 1048576                                   {product} {ergonomic}
    uintx GCDrainStackTargetSize                   = 64                                        {product} {ergonomic}
   size_t InitialHeapSize                          = 130023424                                 {product} {ergonomic}
   size_t MarkStackSize                            = 4194304                                   {product} {ergonomic}
   size_t MaxHeapSize                              = 2063597568                                {product} {ergonomic}
   size_t MaxNewSize                               = 1237319680                                {product} {ergonomic}
   size_t MinHeapDeltaBytes                        = 1048576                                   {product} {ergonomic}
   size_t MinHeapSize                              = 8388608                                   {product} {ergonomic}
    uintx NonNMethodCodeHeapSize                   = 5839372                                {pd product} {ergonomic}
    uintx NonProfiledCodeHeapSize                  = 122909434                              {pd product} {ergonomic}
    uintx ProfiledCodeHeapSize                     = 122909434                              {pd product} {ergonomic}
    uintx ReservedCodeCacheSize                    = 251658240                              {pd product} {ergonomic}
     bool SegmentedCodeCache                       = true                                      {product} {ergonomic}
   size_t SoftMaxHeapSize                          = 2063597568                             {manageable} {ergonomic}
     bool UseCompressedOops                        = true                           {product lp64_product} {ergonomic}
     bool UseG1GC                                  = true                                      {product} {ergonomic}
     bool UseLargePagesIndividualAllocation        = false                                  {pd product} {ergonomic}

Logging:
Log output configuration:
 #0: stdout all=warning uptime,level,tags foldmultilines=false
 #1: stderr all=off uptime,level,tags foldmultilines=false

Environment Variables:
PATH=C:\Program Files\Common Files\Oracle\Java\javapath;C:\WINDOWS\system32;C:\WINDOWS;C:\WINDOWS\System32\Wbem;C:\WINDOWS\System32\WindowsPowerShell\v1.0\;C:\WINDOWS\System32\OpenSSH\;C:\ProgramData\chocolatey\bin;C:\Program Files\PuTTY\;C:\Program Files\MATLAB\R2023a\bin;C:\MinGW\bin;C:\Users\khale\Desktop\compiler\x86_64-13.2.0-release-posix-seh-msvcrt-rt_v11-rev0\mingw64\bin;C:\Program Files\Git\cmd;C:\Users\khale\AppData\Local\Programs\Python\Python312\Scripts\;C:\Users\khale\AppData\Local\Programs\Python\Python312\;C:\Users\khale\miniconda3;C:\Users\khale\miniconda3\Library\mingw-w64\bin;C:\Users\khale\miniconda3\Library\usr\bin;C:\Users\khale\miniconda3\Library\bin;C:\Users\khale\miniconda3\Scripts;C:\Users\khale\AppData\Local\Microsoft\WindowsApps;C:\Users\khale\AppData\Local\Programs\Microsoft VS Code\bin;C:\Program Files\Git\bin
USERNAME=khale
OS=Windows_NT
PROCESSOR_IDENTIFIER=Intel64 Family 6 Model 140 Stepping 1, GenuineIntel
TMP=C:\Users\khale\AppData\Local\Temp
TEMP=C:\Users\khale\AppData\Local\Temp




Periodic native trim disabled

---------------  S Y S T E M  ---------------

OS:
 Windows 11 , 64 bit Build 22621 (10.0.22621.4391)
OS uptime: 0 days 23:48 hours
Hyper-V role detected

CPU: total 8 (initial active 8) (4 cores per cpu, 2 threads per core) family 6 model 140 stepping 1 microcode 0xb4, cx8, cmov, fxsr, ht, mmx, 3dnowpref, sse, sse2, sse3, ssse3, sse4.1, sse4.2, popcnt, lzcnt, tsc, tscinvbit, avx, avx2, aes, erms, clmul, bmi1, bmi2, adx, avx512f, avx512dq, avx512cd, avx512bw, avx512vl, sha, fma, vzeroupper, avx512_vpopcntdq, avx512_vpclmulqdq, avx512_vaes, avx512_vnni, clflush, clflushopt, clwb, avx512_vbmi2, avx512_vbmi, hv, rdtscp, rdpid, fsrm, gfni, avx512_bitalg, f16c, cet_ibt, cet_ss, avx512_ifma
Processor Information for all 8 processors :
  Max Mhz: 2419, Current Mhz: 2419, Mhz Limit: 2419

Memory: 4k page, system-wide physical 7865M (534M free)
TotalPageFile size 18851M (AvailPageFile size 2909M)
current process WorkingSet (physical memory assigned to process): 482M, peak: 490M
current process commit charge ("private bytes"): 589M, peak: 596M

vm_info: Java HotSpot(TM) 64-Bit Server VM (21.0.5+9-LTS-239) for windows-amd64 JRE (21.0.5+9-LTS-239), built on 2024-09-30T05:17:38Z by "mach5one" with MS VC++ 17.6 (VS2022)

END.
