#
# A fatal error has been detected by the Java Runtime Environment:
#
#  EXCEPTION_ACCESS_VIOLATION (0xc0000005) at pc=0x000002b50103d5b0, pid=12464, tid=5484
#
# JRE version: Java(TM) SE Runtime Environment (21.0.5+9) (build 21.0.5+9-LTS-239)
# Java VM: Java HotSpot(TM) 64-Bit Server VM (21.0.5+9-LTS-239, mixed mode, sharing, tiered, compressed oops, compressed class ptrs, g1 gc, windows-amd64)
# Problematic frame:
# C  0x000002b50103d5b0
#
# No core dump will be written. Minidumps are not enabled by default on client versions of Windows
#
# If you would like to submit a bug report, please visit:
#   https://bugreport.java.com/bugreport/crash.jsp
# The crash happened outside the Java Virtual Machine in native code.
# See problematic frame for where to report the bug.
#

---------------  S U M M A R Y ------------

Command Line: -Dfile.encoding=UTF-8 -Duser.country=DE -Duser.language=de -Duser.variant braid.main.lwjgl3.Lwjgl3Launcher

Host: 11th Gen Intel(R) Core(TM) i5-1135G7 @ 2.40GHz, 8 cores, 7G,  Windows 11 , 64 bit Build 22621 (10.0.22621.4391)
Time: Thu Jan 16 14:57:39 2025 Mitteleuropäische Zeit elapsed time: 5.818114 seconds (0d 0h 0m 5s)

---------------  T H R E A D  ---------------

Current thread (0x000002b516b91260):  JavaThread "main"             [_thread_in_native, id=5484, stack(0x000000cb26300000,0x000000cb26400000) (1024K)]

Stack: [0x000000cb26300000,0x000000cb26400000],  sp=0x000000cb263febb8,  free space=1018k
Native frames: (J=compiled Java code, j=interpreted, Vv=VM code, C=native code)
C  0x000002b50103d5b0

Java frames: (J=compiled Java code, j=interpreted, Vv=VM code)
j  com.badlogic.gdx.physics.box2d.Body.jniCreateFixture(JJFFFZSSS)J+0
j  com.badlogic.gdx.physics.box2d.Body.createFixture(Lcom/badlogic/gdx/physics/box2d/FixtureDef;)Lcom/badlogic/gdx/physics/box2d/Fixture;+49
j  braid.main.tools.B2WorldCreator.spawnGround()V+180
j  braid.main.tools.B2WorldCreator.<init>(Lcom/badlogic/gdx/physics/box2d/World;Lcom/badlogic/gdx/maps/tiled/TiledMap;Lbraid/main/screens/levels/LevelScreen;)V+108
j  braid.main.screens.levels.LevelScreen.<init>(Lbraid/main/Braid;Ljava/lang/String;Ljava/lang/String;Ljava/lang/String;)V+243
j  braid.main.screens.levels.UniLevel.<init>(Lbraid/main/Braid;)V+8
j  braid.main.overworld.Overworld.enterLevel(Ljava/lang/String;)V+324
j  braid.main.overworld.Overworld$1.keyDown(I)Z+81
j  com.badlogic.gdx.InputEventQueue.drain(Lcom/badlogic/gdx/InputProcessor;)V+172
j  com.badlogic.gdx.backends.lwjgl3.DefaultLwjgl3Input.update()V+8
j  com.badlogic.gdx.backends.lwjgl3.Lwjgl3Window.update()Z+126
j  com.badlogic.gdx.backends.lwjgl3.Lwjgl3Application.loop()V+120
j  com.badlogic.gdx.backends.lwjgl3.Lwjgl3Application.<init>(Lcom/badlogic/gdx/ApplicationListener;Lcom/badlogic/gdx/backends/lwjgl3/Lwjgl3ApplicationConfiguration;)V+269
j  braid.main.lwjgl3.Lwjgl3Launcher.createApplication()Lcom/badlogic/gdx/backends/lwjgl3/Lwjgl3Application;+14
j  braid.main.lwjgl3.Lwjgl3Launcher.main([Ljava/lang/String;)V+7
v  ~StubRoutines::call_stub 0x000002b5265310e7

siginfo: EXCEPTION_ACCESS_VIOLATION (0xc0000005), data execution prevention violation at address 0x000002b50103d5b0


Registers:
RAX=0x000002b50103d700, RBX=0x000002b501108da0, RCX=0x000002b501047e00, RDX=0x000002b504ad5d20
RSP=0x000000cb263febb8, RBP=0x000000cb263fed90, RSI=0x000000cb263fec80, RDI=0x000002b526538860
R8 =0x000002b501104df0, R9 =0x000000cb263fec80, R10=0x000002b52653cf1c, R11=0x0000000000000102
R12=0x000002b504ad5d20, R13=0x000002b504ad5d20, R14=0x000000cb263fee08, R15=0x000002b516b91260
RIP=0x000002b50103d5b0, EFLAGS=0x0000000000010206


Register to memory mapping:

RAX=0x000002b50103d700 points into unknown readable memory: 0x000002b50103da80 | 80 da 03 01 b5 02 00 00
RBX=0x000002b501108da0 points into unknown readable memory: 0x000002b500000000 | 00 00 00 00 b5 02 00 00
RCX=0x000002b501047e00 points into unknown readable memory: 0x000002b50103d700 | 00 d7 03 01 b5 02 00 00
RDX=0x000002b504ad5d20 points into unknown readable memory: 0x000002b501076570 | 70 65 07 01 b5 02 00 00
RSP=0x000000cb263febb8 is pointing into the stack for thread: 0x000002b516b91260
RBP=0x000000cb263fed90 is pointing into the stack for thread: 0x000002b516b91260
RSI=0x000000cb263fec80 is pointing into the stack for thread: 0x000002b516b91260
RDI=0x000002b526538860 is at code_begin+1184 in an Interpreter codelet
return entry points  [0x000002b5265383c0, 0x000002b526538f60]  2976 bytes
R8 =0x000002b501104df0 points into unknown readable memory: 0x0000002600000000 | 00 00 00 00 26 00 00 00
R9 =0x000000cb263fec80 is pointing into the stack for thread: 0x000002b516b91260
R10=0x000002b52653cf1c is at code_begin+1020 in an Interpreter codelet
native method entry point (kind = native)  [0x000002b52653cb20, 0x000002b52653d748]  3112 bytes
R11=0x0000000000000102 is an unknown value
R12=0x000002b504ad5d20 points into unknown readable memory: 0x000002b501076570 | 70 65 07 01 b5 02 00 00
R13=0x000002b504ad5d20 points into unknown readable memory: 0x000002b501076570 | 70 65 07 01 b5 02 00 00
R14=0x000000cb263fee08 is pointing into the stack for thread: 0x000002b516b91260
R15=0x000002b516b91260 is a thread

Top of Stack: (sp=0x000000cb263febb8)
0x000000cb263febb8:   0000000066b1e79d 0000000000000002
0x000000cb263febc8:   000002b52654b349 000002b501104df0
0x000000cb263febd8:   000000cb263fec80 000002b526538860
0x000000cb263febe8:   000002b501104df0 000000cb263fec80
0x000000cb263febf8:   000002b526538860 000002b501108da0
0x000000cb263fec08:   0000000066b1d61b 0000000000000002
0x000000cb263fec18:   000002b575a4fad8 0000000000000000
0x000000cb263fec28:   000000008c11ceb8 000002b575a4fa50
0x000000cb263fec38:   000002b575a492c8 0000000000000000
0x000000cb263fec48:   0000000000000000 000002b575a492c8
0x000000cb263fec58:   0000000066b2388d 000000008c16c098
0x000000cb263fec68:   9e3779b97f4a7c15 0000000000000000
0x000000cb263fec78:   ad3d314421adeca9 000002b501047e00
0x000000cb263fec88:   0000000000000000 000000003e4ccccd
0x000000cb263fec98:   0001000000000000 000002b50000ffff
0x000000cb263feca8:   0000000000000000 000000008b4da118
0x000000cb263fecb8:   000002b52653cf4b 0000000000000000
0x000000cb263fecc8:   000000cb263fece0 000000cb263fed40
0x000000cb263fecd8:   000002b526538988 000002b53e4ccccd
0x000000cb263fece8:   0000000000000000 0000000000000000
0x000000cb263fecf8:   000000cb00000000 000002b500000001
0x000000cb263fed08:   00000000ffffffff 000002b500000000
0x000000cb263fed18:   0000000000000000 00000000bf800000
0x000000cb263fed28:   0000000000000000 00000000be22222d
0x000000cb263fed38:   000002b52653d688 000000cb263fedd0
0x000000cb263fed48:   000000cb263fed48 0000000000000000
0x000000cb263fed58:   000000000000000f 000002b575a4dc30
0x000000cb263fed68:   0000000000000000 000000008c118e50
0x000000cb263fed78:   000002b575a492c8 0000000000000000
0x000000cb263fed88:   000000cb263fedb0 000000cb263fee58
0x000000cb263fed98:   000002b52653893e 0000000000000000
0x000000cb263feda8:   000002b52653a3d6 0000000000000000 

Instructions: (pc=0x000002b50103d5b0)
0x000002b50103d4b0:   00 01 00 00 00 00 00 00 28 ec f0 d2 6c 08 00 90
0x000002b50103d4c0:   00 04 00 00 00 04 00 00 04 00 00 00 00 00 00 00
0x000002b50103d4d0:   01 00 00 00 aa 15 00 00 40 f0 cc 06 b5 02 00 00
0x000002b50103d4e0:   3a 05 00 00 96 13 00 00 2d ec f3 d2 9a 09 00 90
0x000002b50103d4f0:   00 04 00 00 00 04 00 00 04 00 00 00 00 00 00 00
0x000002b50103d500:   01 00 00 00 00 12 00 00 40 d0 0e 07 b5 02 00 00
0x000002b50103d510:   fd 09 00 00 96 13 00 00 32 ec ce d2 f2 0a 00 80
0x000002b50103d520:   10 01 00 00 80 00 00 00 04 00 00 00 01 00 00 00
0x000002b50103d530:   01 00 00 00 ff ff ff 7e 10 21 ad 04 b5 02 00 00
0x000002b50103d540:   ff ff ff 7e 01 01 01 01 37 ec c9 d2 40 0b 00 90
0x000002b50103d550:   00 04 00 00 00 04 00 00 04 00 00 00 00 00 00 00
0x000002b50103d560:   01 00 00 00 01 00 00 00 40 30 d0 07 b5 02 00 00
0x000002b50103d570:   00 01 00 00 00 00 00 00 34 ec c4 d2 bc 0c 00 80
0x000002b50103d580:   a0 01 00 00 a6 00 00 00 04 00 00 00 01 00 00 00
0x000002b50103d590:   01 00 00 00 a6 00 00 00 30 38 af 04 b5 02 00 00
0x000002b50103d5a0:   01 01 01 01 01 01 01 01 39 ec c7 d2 43 0d 00 80
0x000002b50103d5b0:   00 00 00 00 00 00 00 00 30 c0 35 6a 00 00 00 00
0x000002b50103d5c0:   40 c0 35 6a 00 00 00 00 50 c0 35 6a 00 00 00 00
0x000002b50103d5d0:   00 00 00 00 01 00 00 01 3e ec c2 d2 2c 0e 00 80
0x000002b50103d5e0:   f0 e7 b9 14 b5 02 00 00 6e 6d 72 61 01 00 00 00
0x000002b50103d5f0:   40 ef 3d 6a 00 00 00 00 84 0a 06 01 b5 02 00 00
0x000002b50103d600:   00 00 00 00 00 00 00 00 03 ec dd d2 1d 0f 00 80
0x000002b50103d610:   00 01 00 00 00 01 00 00 04 00 00 00 01 00 00 00
0x000002b50103d620:   01 00 00 00 a6 02 00 00 90 01 af 04 b5 02 00 00
0x000002b50103d630:   ff ff 80 00 00 ff ff 80 00 ec d8 d2 c0 10 00 80
0x000002b50103d640:   03 00 00 00 03 00 00 00 04 00 00 00 01 00 00 00
0x000002b50103d650:   01 00 00 00 01 01 01 01 60 d4 03 01 b5 02 00 00
0x000002b50103d660:   01 01 01 01 01 01 01 01 05 ec db d2 22 11 00 80
0x000002b50103d670:   03 00 00 00 05 00 00 00 04 00 00 00 01 00 00 00
0x000002b50103d680:   01 00 00 00 01 01 01 01 00 c1 04 01 b5 02 00 00
0x000002b50103d690:   01 01 01 01 01 01 01 01 0a ec d6 d2 6f 12 00 80
0x000002b50103d6a0:   a0 01 00 00 00 01 00 00 03 00 00 00 01 00 00 00 


Stack slot to memory mapping:

stack at sp + 0 slots: 0x0000000066b1e79d gdx-box2d64.dll
stack at sp + 1 slots: 0x0000000000000002 is an unknown value
stack at sp + 2 slots: 0x000002b52654b349 is at code_begin+105 in an Interpreter codelet
newarray  188 newarray  [0x000002b52654b2e0, 0x000002b52654b3b8]  216 bytes
stack at sp + 3 slots: 0x000002b501104df0 points into unknown readable memory: 0x0000002600000000 | 00 00 00 00 26 00 00 00
stack at sp + 4 slots: 0x000000cb263fec80 is pointing into the stack for thread: 0x000002b516b91260
stack at sp + 5 slots: 0x000002b526538860 is at code_begin+1184 in an Interpreter codelet
return entry points  [0x000002b5265383c0, 0x000002b526538f60]  2976 bytes
stack at sp + 6 slots: 0x000002b501104df0 points into unknown readable memory: 0x0000002600000000 | 00 00 00 00 26 00 00 00
stack at sp + 7 slots: 0x000000cb263fec80 is pointing into the stack for thread: 0x000002b516b91260


---------------  P R O C E S S  ---------------

Threads class SMR info:
_java_thread_list=0x000002b57b67de40, length=15, elements={
0x000002b516b91260, 0x000002b5333e8de0, 0x000002b5333e9830, 0x000002b5333ea280,
0x000002b5333f2cf0, 0x000002b5333f5880, 0x000002b5333f9460, 0x000002b5333f7990,
0x000002b5334005b0, 0x000002b533681890, 0x000002b5336916c0, 0x000002b57b0e2b20,
0x000002b57b788f70, 0x000002b57b16f110, 0x000002b57bc94300
}

Java Threads: ( => current thread )
=>0x000002b516b91260 JavaThread "main"                              [_thread_in_native, id=5484, stack(0x000000cb26300000,0x000000cb26400000) (1024K)]
  0x000002b5333e8de0 JavaThread "Reference Handler"          daemon [_thread_blocked, id=15760, stack(0x000000cb26b00000,0x000000cb26c00000) (1024K)]
  0x000002b5333e9830 JavaThread "Finalizer"                  daemon [_thread_blocked, id=9292, stack(0x000000cb26c00000,0x000000cb26d00000) (1024K)]
  0x000002b5333ea280 JavaThread "Signal Dispatcher"          daemon [_thread_blocked, id=9392, stack(0x000000cb26d00000,0x000000cb26e00000) (1024K)]
  0x000002b5333f2cf0 JavaThread "Attach Listener"            daemon [_thread_blocked, id=14408, stack(0x000000cb26e00000,0x000000cb26f00000) (1024K)]
  0x000002b5333f5880 JavaThread "Service Thread"             daemon [_thread_blocked, id=14920, stack(0x000000cb26f00000,0x000000cb27000000) (1024K)]
  0x000002b5333f9460 JavaThread "Monitor Deflation Thread"   daemon [_thread_blocked, id=13452, stack(0x000000cb27000000,0x000000cb27100000) (1024K)]
  0x000002b5333f7990 JavaThread "C2 CompilerThread0"         daemon [_thread_blocked, id=10248, stack(0x000000cb27100000,0x000000cb27200000) (1024K)]
  0x000002b5334005b0 JavaThread "C1 CompilerThread0"         daemon [_thread_blocked, id=8924, stack(0x000000cb27200000,0x000000cb27300000) (1024K)]
  0x000002b533681890 JavaThread "Notification Thread"        daemon [_thread_blocked, id=14372, stack(0x000000cb27300000,0x000000cb27400000) (1024K)]
  0x000002b5336916c0 JavaThread "Common-Cleaner"             daemon [_thread_blocked, id=1708, stack(0x000000cb27400000,0x000000cb27500000) (1024K)]
  0x000002b57b0e2b20 JavaThread "Thread-0"                   daemon [_thread_blocked, id=13852, stack(0x000000cb27b00000,0x000000cb27c00000) (1024K)]
  0x000002b57b788f70 JavaThread "AssetManager"               daemon [_thread_blocked, id=12972, stack(0x000000cb28000000,0x000000cb28100000) (1024K)]
  0x000002b57b16f110 JavaThread "LWJGL3 Timer"               daemon [_thread_blocked, id=14556, stack(0x000000cb27c00000,0x000000cb27d00000) (1024K)]
  0x000002b57bc94300 JavaThread "C2 CompilerThread1"         daemon [_thread_blocked, id=13516, stack(0x000000cb28800000,0x000000cb28900000) (1024K)]
Total: 15

Other Threads:
  0x000002b514885eb0 VMThread "VM Thread"                           [id=2744, stack(0x000000cb26a00000,0x000000cb26b00000) (1024K)]
  0x000002b5333bd8e0 WatcherThread "VM Periodic Task Thread"        [id=13196, stack(0x000000cb26900000,0x000000cb26a00000) (1024K)]
  0x000002b514884c90 WorkerThread "GC Thread#0"                     [id=12120, stack(0x000000cb26400000,0x000000cb26500000) (1024K)]
  0x000002b5148865f0 WorkerThread "GC Thread#1"                     [id=6196, stack(0x000000cb28100000,0x000000cb28200000) (1024K)]
  0x000002b57b892ce0 WorkerThread "GC Thread#2"                     [id=14828, stack(0x000000cb28200000,0x000000cb28300000) (1024K)]
  0x000002b57b8942a0 WorkerThread "GC Thread#3"                     [id=5524, stack(0x000000cb28300000,0x000000cb28400000) (1024K)]
  0x000002b57b8949e0 WorkerThread "GC Thread#4"                     [id=16316, stack(0x000000cb28400000,0x000000cb28500000) (1024K)]
  0x000002b57b894640 WorkerThread "GC Thread#5"                     [id=4420, stack(0x000000cb28500000,0x000000cb28600000) (1024K)]
  0x000002b57b893f00 WorkerThread "GC Thread#6"                     [id=15896, stack(0x000000cb28600000,0x000000cb28700000) (1024K)]
  0x000002b57b895fa0 WorkerThread "GC Thread#7"                     [id=16252, stack(0x000000cb28700000,0x000000cb28800000) (1024K)]
  0x000002b516beec60 ConcurrentGCThread "G1 Main Marker"            [id=15788, stack(0x000000cb26500000,0x000000cb26600000) (1024K)]
  0x000002b5148853d0 WorkerThread "G1 Conc#0"                       [id=10520, stack(0x000000cb26600000,0x000000cb26700000) (1024K)]
  0x000002b53328f560 ConcurrentGCThread "G1 Refine#0"               [id=12012, stack(0x000000cb26700000,0x000000cb26800000) (1024K)]
  0x000002b53328fd80 ConcurrentGCThread "G1 Service"                [id=6192, stack(0x000000cb26800000,0x000000cb26900000) (1024K)]
Total: 14

Threads with active compile tasks:
Total: 0

VM state: not at safepoint (normal execution)

VM Mutex/Monitor currently owned by a thread: None

Heap address: 0x0000000085000000, size: 1968 MB, Compressed Oops mode: 32-bit

CDS archive(s) mapped at: [0x000002b534000000-0x000002b534c90000-0x000002b534c90000), size 13172736, SharedBaseAddress: 0x000002b534000000, ArchiveRelocationMode: 1.
Compressed class space mapped at: 0x000002b535000000-0x000002b575000000, reserved size: 1073741824
Narrow klass base: 0x000002b534000000, Narrow klass shift: 0, Narrow klass range: 0x100000000

GC Precious Log:
 CardTable entry size: 512
 Card Set container configuration: InlinePtr #cards 5 size 8 Array Of Cards #cards 12 size 40 Howl #buckets 4 coarsen threshold 1843 Howl Bitmap #cards 512 size 80 coarsen threshold 460 Card regions per heap region 1 cards per card region 2048
 CPUs: 8 total, 8 available
 Memory: 7865M
 Large Page Support: Disabled
 NUMA Support: Disabled
 Compressed Oops: Enabled (32-bit)
 Heap Region Size: 1M
 Heap Min Capacity: 8M
 Heap Initial Capacity: 124M
 Heap Max Capacity: 1968M
 Pre-touch: Disabled
 Parallel Workers: 8
 Concurrent Workers: 2
 Concurrent Refinement Workers: 8
 Periodic GC: Disabled

Heap:
 garbage-first heap   total 126976K, used 12424K [0x0000000085000000, 0x0000000100000000)
  region size 1024K, 14 young (14336K), 3 survivors (3072K)
 Metaspace       used 9908K, committed 10112K, reserved 1114112K
  class space    used 811K, committed 896K, reserved 1048576K

Heap Regions: E=young(eden), S=young(survivor), O=old, HS=humongous(starts), HC=humongous(continues), CS=collection set, F=free, TAMS=top-at-mark-start, PB=parsable bottom
|   0|0x0000000085000000, 0x0000000085022010, 0x0000000085100000| 13%| O|  |TAMS 0x0000000085000000| PB 0x0000000085000000| Untracked 
|   1|0x0000000085100000, 0x0000000085100000, 0x0000000085200000|  0%| F|  |TAMS 0x0000000085100000| PB 0x0000000085100000| Untracked 
|   2|0x0000000085200000, 0x0000000085200000, 0x0000000085300000|  0%| F|  |TAMS 0x0000000085200000| PB 0x0000000085200000| Untracked 
|   3|0x0000000085300000, 0x0000000085300000, 0x0000000085400000|  0%| F|  |TAMS 0x0000000085300000| PB 0x0000000085300000| Untracked 
|   4|0x0000000085400000, 0x0000000085400000, 0x0000000085500000|  0%| F|  |TAMS 0x0000000085400000| PB 0x0000000085400000| Untracked 
|   5|0x0000000085500000, 0x0000000085500000, 0x0000000085600000|  0%| F|  |TAMS 0x0000000085500000| PB 0x0000000085500000| Untracked 
|   6|0x0000000085600000, 0x0000000085600000, 0x0000000085700000|  0%| F|  |TAMS 0x0000000085600000| PB 0x0000000085600000| Untracked 
|   7|0x0000000085700000, 0x0000000085700000, 0x0000000085800000|  0%| F|  |TAMS 0x0000000085700000| PB 0x0000000085700000| Untracked 
|   8|0x0000000085800000, 0x0000000085800000, 0x0000000085900000|  0%| F|  |TAMS 0x0000000085800000| PB 0x0000000085800000| Untracked 
|   9|0x0000000085900000, 0x0000000085900000, 0x0000000085a00000|  0%| F|  |TAMS 0x0000000085900000| PB 0x0000000085900000| Untracked 
|  10|0x0000000085a00000, 0x0000000085a00000, 0x0000000085b00000|  0%| F|  |TAMS 0x0000000085a00000| PB 0x0000000085a00000| Untracked 
|  11|0x0000000085b00000, 0x0000000085b00000, 0x0000000085c00000|  0%| F|  |TAMS 0x0000000085b00000| PB 0x0000000085b00000| Untracked 
|  12|0x0000000085c00000, 0x0000000085c00000, 0x0000000085d00000|  0%| F|  |TAMS 0x0000000085c00000| PB 0x0000000085c00000| Untracked 
|  13|0x0000000085d00000, 0x0000000085d00000, 0x0000000085e00000|  0%| F|  |TAMS 0x0000000085d00000| PB 0x0000000085d00000| Untracked 
|  14|0x0000000085e00000, 0x0000000085e00000, 0x0000000085f00000|  0%| F|  |TAMS 0x0000000085e00000| PB 0x0000000085e00000| Untracked 
|  15|0x0000000085f00000, 0x0000000085f00000, 0x0000000086000000|  0%| F|  |TAMS 0x0000000085f00000| PB 0x0000000085f00000| Untracked 
|  16|0x0000000086000000, 0x0000000086000000, 0x0000000086100000|  0%| F|  |TAMS 0x0000000086000000| PB 0x0000000086000000| Untracked 
|  17|0x0000000086100000, 0x0000000086100000, 0x0000000086200000|  0%| F|  |TAMS 0x0000000086100000| PB 0x0000000086100000| Untracked 
|  18|0x0000000086200000, 0x0000000086200000, 0x0000000086300000|  0%| F|  |TAMS 0x0000000086200000| PB 0x0000000086200000| Untracked 
|  19|0x0000000086300000, 0x0000000086300000, 0x0000000086400000|  0%| F|  |TAMS 0x0000000086300000| PB 0x0000000086300000| Untracked 
|  20|0x0000000086400000, 0x0000000086400000, 0x0000000086500000|  0%| F|  |TAMS 0x0000000086400000| PB 0x0000000086400000| Untracked 
|  21|0x0000000086500000, 0x0000000086500000, 0x0000000086600000|  0%| F|  |TAMS 0x0000000086500000| PB 0x0000000086500000| Untracked 
|  22|0x0000000086600000, 0x0000000086600000, 0x0000000086700000|  0%| F|  |TAMS 0x0000000086600000| PB 0x0000000086600000| Untracked 
|  23|0x0000000086700000, 0x0000000086700000, 0x0000000086800000|  0%| F|  |TAMS 0x0000000086700000| PB 0x0000000086700000| Untracked 
|  24|0x0000000086800000, 0x0000000086800000, 0x0000000086900000|  0%| F|  |TAMS 0x0000000086800000| PB 0x0000000086800000| Untracked 
|  25|0x0000000086900000, 0x0000000086900000, 0x0000000086a00000|  0%| F|  |TAMS 0x0000000086900000| PB 0x0000000086900000| Untracked 
|  26|0x0000000086a00000, 0x0000000086a00000, 0x0000000086b00000|  0%| F|  |TAMS 0x0000000086a00000| PB 0x0000000086a00000| Untracked 
|  27|0x0000000086b00000, 0x0000000086b00000, 0x0000000086c00000|  0%| F|  |TAMS 0x0000000086b00000| PB 0x0000000086b00000| Untracked 
|  28|0x0000000086c00000, 0x0000000086c00000, 0x0000000086d00000|  0%| F|  |TAMS 0x0000000086c00000| PB 0x0000000086c00000| Untracked 
|  29|0x0000000086d00000, 0x0000000086d00000, 0x0000000086e00000|  0%| F|  |TAMS 0x0000000086d00000| PB 0x0000000086d00000| Untracked 
|  30|0x0000000086e00000, 0x0000000086e00000, 0x0000000086f00000|  0%| F|  |TAMS 0x0000000086e00000| PB 0x0000000086e00000| Untracked 
|  31|0x0000000086f00000, 0x0000000086f00000, 0x0000000087000000|  0%| F|  |TAMS 0x0000000086f00000| PB 0x0000000086f00000| Untracked 
|  32|0x0000000087000000, 0x0000000087000000, 0x0000000087100000|  0%| F|  |TAMS 0x0000000087000000| PB 0x0000000087000000| Untracked 
|  33|0x0000000087100000, 0x0000000087100000, 0x0000000087200000|  0%| F|  |TAMS 0x0000000087100000| PB 0x0000000087100000| Untracked 
|  34|0x0000000087200000, 0x0000000087200000, 0x0000000087300000|  0%| F|  |TAMS 0x0000000087200000| PB 0x0000000087200000| Untracked 
|  35|0x0000000087300000, 0x0000000087300000, 0x0000000087400000|  0%| F|  |TAMS 0x0000000087300000| PB 0x0000000087300000| Untracked 
|  36|0x0000000087400000, 0x0000000087400000, 0x0000000087500000|  0%| F|  |TAMS 0x0000000087400000| PB 0x0000000087400000| Untracked 
|  37|0x0000000087500000, 0x0000000087500000, 0x0000000087600000|  0%| F|  |TAMS 0x0000000087500000| PB 0x0000000087500000| Untracked 
|  38|0x0000000087600000, 0x0000000087600000, 0x0000000087700000|  0%| F|  |TAMS 0x0000000087600000| PB 0x0000000087600000| Untracked 
|  39|0x0000000087700000, 0x0000000087700000, 0x0000000087800000|  0%| F|  |TAMS 0x0000000087700000| PB 0x0000000087700000| Untracked 
|  40|0x0000000087800000, 0x0000000087800000, 0x0000000087900000|  0%| F|  |TAMS 0x0000000087800000| PB 0x0000000087800000| Untracked 
|  41|0x0000000087900000, 0x0000000087900000, 0x0000000087a00000|  0%| F|  |TAMS 0x0000000087900000| PB 0x0000000087900000| Untracked 
|  42|0x0000000087a00000, 0x0000000087a00000, 0x0000000087b00000|  0%| F|  |TAMS 0x0000000087a00000| PB 0x0000000087a00000| Untracked 
|  43|0x0000000087b00000, 0x0000000087b00000, 0x0000000087c00000|  0%| F|  |TAMS 0x0000000087b00000| PB 0x0000000087b00000| Untracked 
|  44|0x0000000087c00000, 0x0000000087c00000, 0x0000000087d00000|  0%| F|  |TAMS 0x0000000087c00000| PB 0x0000000087c00000| Untracked 
|  45|0x0000000087d00000, 0x0000000087d00000, 0x0000000087e00000|  0%| F|  |TAMS 0x0000000087d00000| PB 0x0000000087d00000| Untracked 
|  46|0x0000000087e00000, 0x0000000087e00000, 0x0000000087f00000|  0%| F|  |TAMS 0x0000000087e00000| PB 0x0000000087e00000| Untracked 
|  47|0x0000000087f00000, 0x0000000087f00000, 0x0000000088000000|  0%| F|  |TAMS 0x0000000087f00000| PB 0x0000000087f00000| Untracked 
|  48|0x0000000088000000, 0x0000000088000000, 0x0000000088100000|  0%| F|  |TAMS 0x0000000088000000| PB 0x0000000088000000| Untracked 
|  49|0x0000000088100000, 0x0000000088100000, 0x0000000088200000|  0%| F|  |TAMS 0x0000000088100000| PB 0x0000000088100000| Untracked 
|  50|0x0000000088200000, 0x0000000088200000, 0x0000000088300000|  0%| F|  |TAMS 0x0000000088200000| PB 0x0000000088200000| Untracked 
|  51|0x0000000088300000, 0x0000000088300000, 0x0000000088400000|  0%| F|  |TAMS 0x0000000088300000| PB 0x0000000088300000| Untracked 
|  52|0x0000000088400000, 0x0000000088400000, 0x0000000088500000|  0%| F|  |TAMS 0x0000000088400000| PB 0x0000000088400000| Untracked 
|  53|0x0000000088500000, 0x0000000088500000, 0x0000000088600000|  0%| F|  |TAMS 0x0000000088500000| PB 0x0000000088500000| Untracked 
|  54|0x0000000088600000, 0x0000000088600000, 0x0000000088700000|  0%| F|  |TAMS 0x0000000088600000| PB 0x0000000088600000| Untracked 
|  55|0x0000000088700000, 0x0000000088700000, 0x0000000088800000|  0%| F|  |TAMS 0x0000000088700000| PB 0x0000000088700000| Untracked 
|  56|0x0000000088800000, 0x0000000088800000, 0x0000000088900000|  0%| F|  |TAMS 0x0000000088800000| PB 0x0000000088800000| Untracked 
|  57|0x0000000088900000, 0x0000000088900000, 0x0000000088a00000|  0%| F|  |TAMS 0x0000000088900000| PB 0x0000000088900000| Untracked 
|  58|0x0000000088a00000, 0x0000000088a00000, 0x0000000088b00000|  0%| F|  |TAMS 0x0000000088a00000| PB 0x0000000088a00000| Untracked 
|  59|0x0000000088b00000, 0x0000000088b00000, 0x0000000088c00000|  0%| F|  |TAMS 0x0000000088b00000| PB 0x0000000088b00000| Untracked 
|  60|0x0000000088c00000, 0x0000000088c00000, 0x0000000088d00000|  0%| F|  |TAMS 0x0000000088c00000| PB 0x0000000088c00000| Untracked 
|  61|0x0000000088d00000, 0x0000000088d00000, 0x0000000088e00000|  0%| F|  |TAMS 0x0000000088d00000| PB 0x0000000088d00000| Untracked 
|  62|0x0000000088e00000, 0x0000000088e00000, 0x0000000088f00000|  0%| F|  |TAMS 0x0000000088e00000| PB 0x0000000088e00000| Untracked 
|  63|0x0000000088f00000, 0x0000000088f00000, 0x0000000089000000|  0%| F|  |TAMS 0x0000000088f00000| PB 0x0000000088f00000| Untracked 
|  64|0x0000000089000000, 0x0000000089000000, 0x0000000089100000|  0%| F|  |TAMS 0x0000000089000000| PB 0x0000000089000000| Untracked 
|  65|0x0000000089100000, 0x0000000089100000, 0x0000000089200000|  0%| F|  |TAMS 0x0000000089100000| PB 0x0000000089100000| Untracked 
|  66|0x0000000089200000, 0x0000000089200000, 0x0000000089300000|  0%| F|  |TAMS 0x0000000089200000| PB 0x0000000089200000| Untracked 
|  67|0x0000000089300000, 0x0000000089300000, 0x0000000089400000|  0%| F|  |TAMS 0x0000000089300000| PB 0x0000000089300000| Untracked 
|  68|0x0000000089400000, 0x0000000089400000, 0x0000000089500000|  0%| F|  |TAMS 0x0000000089400000| PB 0x0000000089400000| Untracked 
|  69|0x0000000089500000, 0x0000000089500000, 0x0000000089600000|  0%| F|  |TAMS 0x0000000089500000| PB 0x0000000089500000| Untracked 
|  70|0x0000000089600000, 0x0000000089600000, 0x0000000089700000|  0%| F|  |TAMS 0x0000000089600000| PB 0x0000000089600000| Untracked 
|  71|0x0000000089700000, 0x0000000089700000, 0x0000000089800000|  0%| F|  |TAMS 0x0000000089700000| PB 0x0000000089700000| Untracked 
|  72|0x0000000089800000, 0x0000000089800000, 0x0000000089900000|  0%| F|  |TAMS 0x0000000089800000| PB 0x0000000089800000| Untracked 
|  73|0x0000000089900000, 0x0000000089900000, 0x0000000089a00000|  0%| F|  |TAMS 0x0000000089900000| PB 0x0000000089900000| Untracked 
|  74|0x0000000089a00000, 0x0000000089a00000, 0x0000000089b00000|  0%| F|  |TAMS 0x0000000089a00000| PB 0x0000000089a00000| Untracked 
|  75|0x0000000089b00000, 0x0000000089b00000, 0x0000000089c00000|  0%| F|  |TAMS 0x0000000089b00000| PB 0x0000000089b00000| Untracked 
|  76|0x0000000089c00000, 0x0000000089c00000, 0x0000000089d00000|  0%| F|  |TAMS 0x0000000089c00000| PB 0x0000000089c00000| Untracked 
|  77|0x0000000089d00000, 0x0000000089d00000, 0x0000000089e00000|  0%| F|  |TAMS 0x0000000089d00000| PB 0x0000000089d00000| Untracked 
|  78|0x0000000089e00000, 0x0000000089e00000, 0x0000000089f00000|  0%| F|  |TAMS 0x0000000089e00000| PB 0x0000000089e00000| Untracked 
|  79|0x0000000089f00000, 0x0000000089f00000, 0x000000008a000000|  0%| F|  |TAMS 0x0000000089f00000| PB 0x0000000089f00000| Untracked 
|  80|0x000000008a000000, 0x000000008a000000, 0x000000008a100000|  0%| F|  |TAMS 0x000000008a000000| PB 0x000000008a000000| Untracked 
|  81|0x000000008a100000, 0x000000008a100000, 0x000000008a200000|  0%| F|  |TAMS 0x000000008a100000| PB 0x000000008a100000| Untracked 
|  82|0x000000008a200000, 0x000000008a200000, 0x000000008a300000|  0%| F|  |TAMS 0x000000008a200000| PB 0x000000008a200000| Untracked 
|  83|0x000000008a300000, 0x000000008a300000, 0x000000008a400000|  0%| F|  |TAMS 0x000000008a300000| PB 0x000000008a300000| Untracked 
|  84|0x000000008a400000, 0x000000008a400000, 0x000000008a500000|  0%| F|  |TAMS 0x000000008a400000| PB 0x000000008a400000| Untracked 
|  85|0x000000008a500000, 0x000000008a500000, 0x000000008a600000|  0%| F|  |TAMS 0x000000008a500000| PB 0x000000008a500000| Untracked 
|  86|0x000000008a600000, 0x000000008a600000, 0x000000008a700000|  0%| F|  |TAMS 0x000000008a600000| PB 0x000000008a600000| Untracked 
|  87|0x000000008a700000, 0x000000008a700000, 0x000000008a800000|  0%| F|  |TAMS 0x000000008a700000| PB 0x000000008a700000| Untracked 
|  88|0x000000008a800000, 0x000000008a800000, 0x000000008a900000|  0%| F|  |TAMS 0x000000008a800000| PB 0x000000008a800000| Untracked 
|  89|0x000000008a900000, 0x000000008a900000, 0x000000008aa00000|  0%| F|  |TAMS 0x000000008a900000| PB 0x000000008a900000| Untracked 
|  90|0x000000008aa00000, 0x000000008aa00000, 0x000000008ab00000|  0%| F|  |TAMS 0x000000008aa00000| PB 0x000000008aa00000| Untracked 
|  91|0x000000008ab00000, 0x000000008ab00000, 0x000000008ac00000|  0%| F|  |TAMS 0x000000008ab00000| PB 0x000000008ab00000| Untracked 
|  92|0x000000008ac00000, 0x000000008ac00000, 0x000000008ad00000|  0%| F|  |TAMS 0x000000008ac00000| PB 0x000000008ac00000| Untracked 
|  93|0x000000008ad00000, 0x000000008ad00000, 0x000000008ae00000|  0%| F|  |TAMS 0x000000008ad00000| PB 0x000000008ad00000| Untracked 
|  94|0x000000008ae00000, 0x000000008ae00000, 0x000000008af00000|  0%| F|  |TAMS 0x000000008ae00000| PB 0x000000008ae00000| Untracked 
|  95|0x000000008af00000, 0x000000008af00000, 0x000000008b000000|  0%| F|  |TAMS 0x000000008af00000| PB 0x000000008af00000| Untracked 
|  96|0x000000008b000000, 0x000000008b000000, 0x000000008b100000|  0%| F|  |TAMS 0x000000008b000000| PB 0x000000008b000000| Untracked 
|  97|0x000000008b100000, 0x000000008b100000, 0x000000008b200000|  0%| F|  |TAMS 0x000000008b100000| PB 0x000000008b100000| Untracked 
|  98|0x000000008b200000, 0x000000008b300000, 0x000000008b300000|100%| S|CS|TAMS 0x000000008b200000| PB 0x000000008b200000| Complete 
|  99|0x000000008b300000, 0x000000008b400000, 0x000000008b400000|100%| S|CS|TAMS 0x000000008b300000| PB 0x000000008b300000| Complete 
| 100|0x000000008b400000, 0x000000008b500000, 0x000000008b500000|100%| S|CS|TAMS 0x000000008b400000| PB 0x000000008b400000| Complete 
| 101|0x000000008b500000, 0x000000008b500000, 0x000000008b600000|  0%| F|  |TAMS 0x000000008b500000| PB 0x000000008b500000| Untracked 
| 102|0x000000008b600000, 0x000000008b600000, 0x000000008b700000|  0%| F|  |TAMS 0x000000008b600000| PB 0x000000008b600000| Untracked 
| 103|0x000000008b700000, 0x000000008b700000, 0x000000008b800000|  0%| F|  |TAMS 0x000000008b700000| PB 0x000000008b700000| Untracked 
| 104|0x000000008b800000, 0x000000008b800000, 0x000000008b900000|  0%| F|  |TAMS 0x000000008b800000| PB 0x000000008b800000| Untracked 
| 105|0x000000008b900000, 0x000000008b900000, 0x000000008ba00000|  0%| F|  |TAMS 0x000000008b900000| PB 0x000000008b900000| Untracked 
| 106|0x000000008ba00000, 0x000000008ba00000, 0x000000008bb00000|  0%| F|  |TAMS 0x000000008ba00000| PB 0x000000008ba00000| Untracked 
| 107|0x000000008bb00000, 0x000000008bb00000, 0x000000008bc00000|  0%| F|  |TAMS 0x000000008bb00000| PB 0x000000008bb00000| Untracked 
| 108|0x000000008bc00000, 0x000000008bc00000, 0x000000008bd00000|  0%| F|  |TAMS 0x000000008bc00000| PB 0x000000008bc00000| Untracked 
| 109|0x000000008bd00000, 0x000000008bd00000, 0x000000008be00000|  0%| F|  |TAMS 0x000000008bd00000| PB 0x000000008bd00000| Untracked 
| 110|0x000000008be00000, 0x000000008be00000, 0x000000008bf00000|  0%| F|  |TAMS 0x000000008be00000| PB 0x000000008be00000| Untracked 
| 111|0x000000008bf00000, 0x000000008bf00000, 0x000000008c000000|  0%| F|  |TAMS 0x000000008bf00000| PB 0x000000008bf00000| Untracked 
| 112|0x000000008c000000, 0x000000008c000000, 0x000000008c100000|  0%| F|  |TAMS 0x000000008c000000| PB 0x000000008c000000| Untracked 
| 113|0x000000008c100000, 0x000000008c1bca18, 0x000000008c200000| 73%| E|  |TAMS 0x000000008c100000| PB 0x000000008c100000| Complete 
| 114|0x000000008c200000, 0x000000008c300000, 0x000000008c300000|100%| E|CS|TAMS 0x000000008c200000| PB 0x000000008c200000| Complete 
| 115|0x000000008c300000, 0x000000008c400000, 0x000000008c400000|100%| E|CS|TAMS 0x000000008c300000| PB 0x000000008c300000| Complete 
| 116|0x000000008c400000, 0x000000008c500000, 0x000000008c500000|100%| E|CS|TAMS 0x000000008c400000| PB 0x000000008c400000| Complete 
| 117|0x000000008c500000, 0x000000008c600000, 0x000000008c600000|100%| E|  |TAMS 0x000000008c500000| PB 0x000000008c500000| Complete 
| 118|0x000000008c600000, 0x000000008c700000, 0x000000008c700000|100%| E|CS|TAMS 0x000000008c600000| PB 0x000000008c600000| Complete 
| 119|0x000000008c700000, 0x000000008c800000, 0x000000008c800000|100%| E|CS|TAMS 0x000000008c700000| PB 0x000000008c700000| Complete 
| 120|0x000000008c800000, 0x000000008c900000, 0x000000008c900000|100%| E|CS|TAMS 0x000000008c800000| PB 0x000000008c800000| Complete 
| 121|0x000000008c900000, 0x000000008ca00000, 0x000000008ca00000|100%| E|CS|TAMS 0x000000008c900000| PB 0x000000008c900000| Complete 
| 122|0x000000008ca00000, 0x000000008cb00000, 0x000000008cb00000|100%| E|CS|TAMS 0x000000008ca00000| PB 0x000000008ca00000| Complete 
| 123|0x000000008cb00000, 0x000000008cc00000, 0x000000008cc00000|100%| E|CS|TAMS 0x000000008cb00000| PB 0x000000008cb00000| Complete 

Card table byte_map: [0x000002b52e720000,0x000002b52eb00000] _byte_map_base: 0x000002b52e2f8000

Marking Bits: (CMBitMap*) 0x000002b516bded80
 Bits: [0x000002b52eb00000, 0x000002b5309c0000)

Polling page: 0x000002b514ac0000

Metaspace:

Usage:
  Non-class:      8.88 MB used.
      Class:    811.40 KB used.
       Both:      9.68 MB used.

Virtual space:
  Non-class space:       64.00 MB reserved,       9.00 MB ( 14%) committed,  1 nodes.
      Class space:        1.00 GB reserved,     896.00 KB ( <1%) committed,  1 nodes.
             Both:        1.06 GB reserved,       9.88 MB ( <1%) committed. 

Chunk freelists:
   Non-Class:  5.61 MB
       Class:  15.12 MB
        Both:  20.73 MB

MaxMetaspaceSize: unlimited
CompressedClassSpaceSize: 1.00 GB
Initial GC threshold: 21.00 MB
Current GC threshold: 21.00 MB
CDS: on
 - commit_granule_bytes: 65536.
 - commit_granule_words: 8192.
 - virtual_space_node_default_size: 8388608.
 - enlarge_chunks_in_place: 1.
 - use_allocation_guard: 0.


Internal statistics:

num_allocs_failed_limit: 0.
num_arena_births: 156.
num_arena_deaths: 0.
num_vsnodes_births: 2.
num_vsnodes_deaths: 0.
num_space_committed: 156.
num_space_uncommitted: 0.
num_chunks_returned_to_freelist: 0.
num_chunks_taken_from_freelist: 448.
num_chunk_merges: 0.
num_chunk_splits: 319.
num_chunks_enlarged: 237.
num_inconsistent_stats: 0.

CodeHeap 'non-profiled nmethods': size=120000Kb used=820Kb max_used=820Kb free=119179Kb
 bounds [0x000002b526ad0000, 0x000002b526d40000, 0x000002b52e000000]
CodeHeap 'profiled nmethods': size=120000Kb used=3506Kb max_used=3506Kb free=116493Kb
 bounds [0x000002b51f000000, 0x000002b51f370000, 0x000002b526530000]
CodeHeap 'non-nmethods': size=5760Kb used=2580Kb max_used=2606Kb free=3179Kb
 bounds [0x000002b526530000, 0x000002b5267c0000, 0x000002b526ad0000]
 total_blobs=3013 nmethods=1837 adapters=1081
 compilation: enabled
              stopped_count=0, restarted_count=0
 full_count=0

Compilation events (20 events):
Event: 5.749 Thread 0x000002b5334005b0 1826       3       com.badlogic.gdx.utils.XmlReader$Element::getChildByName (55 bytes)
Event: 5.750 Thread 0x000002b5334005b0 nmethod 1826 0x000002b51f367610 code [0x000002b51f367800, 0x000002b51f367cb0]
Event: 5.750 Thread 0x000002b5334005b0 1829       3       java.nio.charset.CoderResult::isOverflow (14 bytes)
Event: 5.750 Thread 0x000002b5334005b0 nmethod 1829 0x000002b51f367e90 code [0x000002b51f368020, 0x000002b51f368188]
Event: 5.750 Thread 0x000002b5334005b0 1830       3       jdk.internal.math.FloatingDecimal$ASCIIToBinaryBuffer::<init> (26 bytes)
Event: 5.750 Thread 0x000002b5334005b0 nmethod 1830 0x000002b51f368210 code [0x000002b51f3683a0, 0x000002b51f368568]
Event: 5.750 Thread 0x000002b5334005b0 1824   !   3       java.nio.charset.CharsetDecoder::decode (275 bytes)
Event: 5.751 Thread 0x000002b5334005b0 nmethod 1824 0x000002b51f368610 code [0x000002b51f368940, 0x000002b51f369e10]
Event: 5.752 Thread 0x000002b5334005b0 1825       3       sun.nio.cs.UTF_8$Decoder::decodeLoop (28 bytes)
Event: 5.752 Thread 0x000002b5334005b0 nmethod 1825 0x000002b51f36a490 code [0x000002b51f36a660, 0x000002b51f36aa50]
Event: 5.777 Thread 0x000002b5334005b0 1833       3       jdk.internal.misc.Unsafe::getInt (7 bytes)
Event: 5.777 Thread 0x000002b5334005b0 nmethod 1833 0x000002b51f36ab90 code [0x000002b51f36ad20, 0x000002b51f36ae38]
Event: 5.781 Thread 0x000002b5334005b0 1834   !   3       java.io.FileInputStream::read (30 bytes)
Event: 5.781 Thread 0x000002b5334005b0 nmethod 1834 0x000002b51f36af10 code [0x000002b51f36b0e0, 0x000002b51f36b308]
Event: 5.784 Thread 0x000002b5334005b0 1835       3       com.badlogic.gdx.math.Vector2::<init> (5 bytes)
Event: 5.785 Thread 0x000002b5334005b0 nmethod 1835 0x000002b51f36b490 code [0x000002b51f36b620, 0x000002b51f36b788]
Event: 5.787 Thread 0x000002b5334005b0 1837       3       jdk.internal.loader.NativeLibraries::find (70 bytes)
Event: 5.788 Thread 0x000002b5334005b0 nmethod 1837 0x000002b51f36b890 code [0x000002b51f36bac0, 0x000002b51f36c2e8]
Event: 5.788 Thread 0x000002b5334005b0 1836       3       java.lang.ClassLoader::findNative (21 bytes)
Event: 5.788 Thread 0x000002b5334005b0 nmethod 1836 0x000002b51f36c590 code [0x000002b51f36c760, 0x000002b51f36c970]

GC Heap History (2 events):
Event: 2.856 GC heap before
{Heap before GC invocations=0 (full 0):
 garbage-first heap   total 126976K, used 22528K [0x0000000085000000, 0x0000000100000000)
  region size 1024K, 23 young (23552K), 0 survivors (0K)
 Metaspace       used 8458K, committed 8704K, reserved 1114112K
  class space    used 658K, committed 768K, reserved 1048576K
}
Event: 2.863 GC heap after
{Heap after GC invocations=1 (full 0):
 garbage-first heap   total 126976K, used 3208K [0x0000000085000000, 0x0000000100000000)
  region size 1024K, 3 young (3072K), 3 survivors (3072K)
 Metaspace       used 8458K, committed 8704K, reserved 1114112K
  class space    used 658K, committed 768K, reserved 1048576K
}

Dll operation events (11 events):
Event: 0.008 Loaded shared library C:\Program Files\Java\jdk-21\bin\java.dll
Event: 0.033 Loaded shared library C:\Program Files\Java\jdk-21\bin\jsvml.dll
Event: 0.074 Loaded shared library C:\Program Files\Java\jdk-21\bin\net.dll
Event: 0.076 Loaded shared library C:\Program Files\Java\jdk-21\bin\nio.dll
Event: 0.078 Loaded shared library C:\Program Files\Java\jdk-21\bin\zip.dll
Event: 0.143 Loaded shared library C:\Program Files\Java\jdk-21\bin\jimage.dll
Event: 0.149 Loaded shared library C:\ProgramData\libGDX-temp\libgdxkhale\8d3b5089\gdx64.dll
Event: 0.195 Loaded shared library C:\ProgramData\libGDX-temp\lwjgl_khale\3.3.4+7\x64\lwjgl.dll
Event: 1.012 Loaded shared library C:\ProgramData\libGDX-temp\lwjgl_khale\3.3.4+7\x64\lwjgl_opengl.dll
Event: 1.464 Loaded shared library C:\ProgramData\libGDX-temp\libgdxkhale\5c4d431d\gdx-freetype64.dll
Event: 5.782 Loaded shared library C:\ProgramData\libGDX-temp\libgdxkhale\4ca5c0bf\gdx-box2d64.dll

Deoptimization events (20 events):
Event: 5.643 Thread 0x000002b516b91260 Uncommon trap: trap_request=0xffffff45 fr.pc=0x000002b526b390b0 relative=0x00000000000001f0
Event: 5.643 Thread 0x000002b516b91260 Uncommon trap: reason=unstable_if action=reinterpret pc=0x000002b526b390b0 method=java.nio.ByteBuffer.getArray(I[BII)Ljava/nio/ByteBuffer; @ 9 c2
Event: 5.643 Thread 0x000002b516b91260 DEOPT PACKING pc=0x000002b526b390b0 sp=0x000000cb263fe820
Event: 5.643 Thread 0x000002b516b91260 DEOPT UNPACKING pc=0x000002b526587da2 sp=0x000000cb263fe740 mode 2
Event: 5.643 Thread 0x000002b516b91260 Uncommon trap: trap_request=0xffffff45 fr.pc=0x000002b526b3c338 relative=0x0000000000000198
Event: 5.643 Thread 0x000002b516b91260 Uncommon trap: reason=unstable_if action=reinterpret pc=0x000002b526b3c338 method=java.nio.ByteBuffer.getArray(I[BII)Ljava/nio/ByteBuffer; @ 9 c2
Event: 5.643 Thread 0x000002b516b91260 DEOPT PACKING pc=0x000002b526b3c338 sp=0x000000cb263fe780
Event: 5.643 Thread 0x000002b516b91260 DEOPT UNPACKING pc=0x000002b526587da2 sp=0x000000cb263fe738 mode 2
Event: 5.647 Thread 0x000002b516b91260 Uncommon trap: trap_request=0xffffff45 fr.pc=0x000002b526b3a568 relative=0x0000000000000b08
Event: 5.647 Thread 0x000002b516b91260 Uncommon trap: reason=unstable_if action=reinterpret pc=0x000002b526b3a568 method=java.nio.ByteBuffer.getArray(I[BII)Ljava/nio/ByteBuffer; @ 9 c2
Event: 5.647 Thread 0x000002b516b91260 DEOPT PACKING pc=0x000002b526b3a568 sp=0x000000cb263fe920
Event: 5.647 Thread 0x000002b516b91260 DEOPT UNPACKING pc=0x000002b526587da2 sp=0x000000cb263fe730 mode 2
Event: 5.735 Thread 0x000002b516b91260 Uncommon trap: trap_request=0xffffff45 fr.pc=0x000002b526b7126c relative=0x00000000000002ac
Event: 5.735 Thread 0x000002b516b91260 Uncommon trap: reason=unstable_if action=reinterpret pc=0x000002b526b7126c method=com.badlogic.gdx.utils.IntMap.get(I)Ljava/lang/Object; @ 27 c2
Event: 5.735 Thread 0x000002b516b91260 DEOPT PACKING pc=0x000002b526b7126c sp=0x000000cb263fead0
Event: 5.735 Thread 0x000002b516b91260 DEOPT UNPACKING pc=0x000002b526587da2 sp=0x000000cb263fe9a0 mode 2
Event: 5.735 Thread 0x000002b516b91260 Uncommon trap: trap_request=0xffffff45 fr.pc=0x000002b526b754e0 relative=0x0000000000000140
Event: 5.735 Thread 0x000002b516b91260 Uncommon trap: reason=unstable_if action=reinterpret pc=0x000002b526b754e0 method=com.badlogic.gdx.utils.IntMap.get(I)Ljava/lang/Object; @ 27 c2
Event: 5.735 Thread 0x000002b516b91260 DEOPT PACKING pc=0x000002b526b754e0 sp=0x000000cb263fea30
Event: 5.735 Thread 0x000002b516b91260 DEOPT UNPACKING pc=0x000002b526587da2 sp=0x000000cb263fe9c8 mode 2

Classes loaded (20 events):
Event: 3.000 Loading class sun/reflect/generics/repository/ClassRepository
Event: 3.000 Loading class sun/reflect/generics/repository/GenericDeclRepository
Event: 3.000 Loading class sun/reflect/generics/repository/GenericDeclRepository done
Event: 3.000 Loading class sun/reflect/generics/repository/ClassRepository done
Event: 3.000 Loading class java/lang/reflect/TypeVariable
Event: 3.000 Loading class java/lang/reflect/TypeVariable done
Event: 3.000 Loading class sun/reflect/generics/tree/FormalTypeParameter
Event: 3.000 Loading class sun/reflect/generics/tree/FormalTypeParameter done
Event: 3.000 Loading class sun/reflect/generics/tree/ClassSignature
Event: 3.000 Loading class sun/reflect/generics/tree/Signature
Event: 3.000 Loading class sun/reflect/generics/tree/Signature done
Event: 3.000 Loading class sun/reflect/generics/tree/ClassSignature done
Event: 3.000 Loading class sun/reflect/generics/reflectiveObjects/TypeVariableImpl
Event: 3.000 Loading class sun/reflect/generics/reflectiveObjects/LazyReflectiveObjectGenerator
Event: 3.000 Loading class sun/reflect/generics/reflectiveObjects/LazyReflectiveObjectGenerator done
Event: 3.000 Loading class sun/reflect/generics/reflectiveObjects/TypeVariableImpl done
Event: 3.000 Loading class sun/reflect/generics/tree/TypeVariableSignature
Event: 3.000 Loading class sun/reflect/generics/tree/TypeVariableSignature done
Event: 3.950 Loading class java/util/zip/GZIPInputStream
Event: 3.950 Loading class java/util/zip/GZIPInputStream done

Classes unloaded (0 events):
No events

Classes redefined (0 events):
No events

Internal exceptions (20 events):
Event: 0.298 Thread 0x000002b516b91260 Exception <a 'java/lang/NoSuchMethodError'{0x000000008c34d940}: 'int java.lang.invoke.Invokers$Holder.invokeExact_MT(java.lang.Object, java.lang.Object)'> (0x000000008c34d940) 
thrown [s\open\src\hotspot\share\interpreter\linkResolver.cpp, line 773]
Event: 0.344 Thread 0x000002b516b91260 Exception <a 'sun/nio/fs/WindowsException'{0x000000008c213be0}> (0x000000008c213be0) 
thrown [s\open\src\hotspot\share\prims\jni.cpp, line 520]
Event: 0.344 Thread 0x000002b516b91260 Exception <a 'sun/nio/fs/WindowsException'{0x000000008c213f30}> (0x000000008c213f30) 
thrown [s\open\src\hotspot\share\prims\jni.cpp, line 520]
Event: 0.853 Thread 0x000002b516b91260 Exception <a 'java/lang/NoSuchMethodError'{0x000000008c253c40}: 'java.lang.Object java.lang.invoke.DirectMethodHandle$Holder.newInvokeSpecial(java.lang.Object, long)'> (0x000000008c253c40) 
thrown [s\open\src\hotspot\share\interpreter\linkResolver.cpp, line 773]
Event: 1.001 Thread 0x000002b516b91260 Exception <a 'java/lang/NoSuchMethodError'{0x000000008c19f360}: 'void java.lang.invoke.DirectMethodHandle$Holder.invokeStatic(java.lang.Object, long)'> (0x000000008c19f360) 
thrown [s\open\src\hotspot\share\interpreter\linkResolver.cpp, line 773]
Event: 1.005 Thread 0x000002b516b91260 Exception <a 'java/lang/NoSuchMethodError'{0x000000008c1bd848}: 'void java.lang.System.load(java.lang.String, java.lang.Class)'> (0x000000008c1bd848) 
thrown [s\open\src\hotspot\share\interpreter\linkResolver.cpp, line 773]
Event: 1.006 Thread 0x000002b516b91260 Exception <a 'java/lang/NoSuchMethodError'{0x000000008c1c0208}: 'void java.lang.System.loadLibrary(java.lang.String, java.lang.Class)'> (0x000000008c1c0208) 
thrown [s\open\src\hotspot\share\interpreter\linkResolver.cpp, line 773]
Event: 1.010 Thread 0x000002b516b91260 Exception <a 'sun/nio/fs/WindowsException'{0x000000008c1cfa98}> (0x000000008c1cfa98) 
thrown [s\open\src\hotspot\share\prims\jni.cpp, line 520]
Event: 1.010 Thread 0x000002b516b91260 Exception <a 'sun/nio/fs/WindowsException'{0x000000008c1cfe10}> (0x000000008c1cfe10) 
thrown [s\open\src\hotspot\share\prims\jni.cpp, line 520]
Event: 1.014 Thread 0x000002b516b91260 Exception <a 'sun/nio/fs/WindowsException'{0x000000008c1d98c8}> (0x000000008c1d98c8) 
thrown [s\open\src\hotspot\share\prims\jni.cpp, line 520]
Event: 1.014 Thread 0x000002b516b91260 Exception <a 'sun/nio/fs/WindowsException'{0x000000008c1d9b78}> (0x000000008c1d9b78) 
thrown [s\open\src\hotspot\share\prims\jni.cpp, line 520]
Event: 1.466 Thread 0x000002b516b91260 Exception <a 'java/io/FileNotFoundException'{0x000000008b9e0310}> (0x000000008b9e0310) 
thrown [s\open\src\hotspot\share\prims\jni.cpp, line 520]
Event: 2.822 Thread 0x000002b516b91260 Exception <a 'java/lang/NoSuchMethodError'{0x000000008b58d528}: 'void java.lang.invoke.Invokers$Holder.invokeExact_MT(java.lang.Object, java.lang.Object, java.lang.Object, java.lang.Object)'> (0x000000008b58d528) 
thrown [s\open\src\hotspot\share\interpreter\linkResolver.cpp, line 773]
Event: 2.831 Thread 0x000002b516b91260 Exception <a 'java/io/FileNotFoundException'{0x000000008b5ddfb0}> (0x000000008b5ddfb0) 
thrown [s\open\src\hotspot\share\prims\jni.cpp, line 520]
Event: 2.912 Thread 0x000002b516b91260 Exception <a 'java/io/FileNotFoundException'{0x000000008cb47dd8}> (0x000000008cb47dd8) 
thrown [s\open\src\hotspot\share\prims\jni.cpp, line 520]
Event: 2.943 Thread 0x000002b516b91260 Exception <a 'java/io/FileNotFoundException'{0x000000008cb75a08}> (0x000000008cb75a08) 
thrown [s\open\src\hotspot\share\prims\jni.cpp, line 520]
Event: 2.965 Thread 0x000002b516b91260 Exception <a 'java/io/FileNotFoundException'{0x000000008cbd4740}> (0x000000008cbd4740) 
thrown [s\open\src\hotspot\share\prims\jni.cpp, line 520]
Event: 3.001 Thread 0x000002b516b91260 Exception <a 'java/lang/NoSuchMethodError'{0x000000008ca17888}: 'void java.lang.invoke.DelegatingMethodHandle$Holder.reinvoke_L(java.lang.Object, java.lang.Object, int)'> (0x000000008ca17888) 
thrown [s\open\src\hotspot\share\interpreter\linkResolver.cpp, line 773]
Event: 3.001 Thread 0x000002b516b91260 Exception <a 'java/lang/NoSuchMethodError'{0x000000008ca1e0e8}: 'void java.lang.invoke.Invokers$Holder.invokeExact_MT(java.lang.Object, java.lang.Object, int, java.lang.Object)'> (0x000000008ca1e0e8) 
thrown [s\open\src\hotspot\share\interpreter\linkResolver.cpp, line 773]
Event: 5.638 Thread 0x000002b516b91260 Exception <a 'java/io/FileNotFoundException'{0x000000008c5ae6c8}> (0x000000008c5ae6c8) 
thrown [s\open\src\hotspot\share\prims\jni.cpp, line 520]

ZGC Phase Switch (0 events):
No events

VM Operations (20 events):
Event: 1.180 Executing VM operation: Cleanup
Event: 1.180 Executing VM operation: Cleanup done
Event: 1.447 Executing VM operation: HandshakeAllThreads (Deoptimize)
Event: 1.447 Executing VM operation: HandshakeAllThreads (Deoptimize) done
Event: 1.448 Executing VM operation: HandshakeAllThreads (Deoptimize)
Event: 1.448 Executing VM operation: HandshakeAllThreads (Deoptimize) done
Event: 1.474 Executing VM operation: HandshakeAllThreads (Deoptimize)
Event: 1.474 Executing VM operation: HandshakeAllThreads (Deoptimize) done
Event: 2.480 Executing VM operation: Cleanup
Event: 2.480 Executing VM operation: Cleanup done
Event: 2.765 Executing VM operation: HandshakeAllThreads (Deoptimize)
Event: 2.765 Executing VM operation: HandshakeAllThreads (Deoptimize) done
Event: 2.856 Executing VM operation: G1CollectForAllocation (G1 Evacuation Pause)
Event: 2.863 Executing VM operation: G1CollectForAllocation (G1 Evacuation Pause) done
Event: 4.863 Executing VM operation: Cleanup
Event: 4.863 Executing VM operation: Cleanup done
Event: 5.700 Executing VM operation: HandshakeAllThreads (Deoptimize)
Event: 5.700 Executing VM operation: HandshakeAllThreads (Deoptimize) done
Event: 5.701 Executing VM operation: HandshakeAllThreads (Deoptimize)
Event: 5.701 Executing VM operation: HandshakeAllThreads (Deoptimize) done

Events (20 events):
Event: 0.031 Thread 0x000002b5333ea280 Thread added: 0x000002b5333ea280
Event: 0.031 Thread 0x000002b5333f2cf0 Thread added: 0x000002b5333f2cf0
Event: 0.031 Thread 0x000002b5333f5880 Thread added: 0x000002b5333f5880
Event: 0.031 Thread 0x000002b5333f9460 Thread added: 0x000002b5333f9460
Event: 0.031 Thread 0x000002b5333f7990 Thread added: 0x000002b5333f7990
Event: 0.031 Thread 0x000002b5334005b0 Thread added: 0x000002b5334005b0
Event: 0.067 Thread 0x000002b533681890 Thread added: 0x000002b533681890
Event: 0.070 Thread 0x000002b5336916c0 Thread added: 0x000002b5336916c0
Event: 0.866 Thread 0x000002b57b0e2b20 Thread added: 0x000002b57b0e2b20
Event: 0.949 Thread 0x000002b57b3b4200 Thread added: 0x000002b57b3b4200
Event: 1.124 Thread 0x000002b57b3b4200 Thread exited: 0x000002b57b3b4200
Event: 1.351 Thread 0x000002b57b788f70 Thread added: 0x000002b57b788f70
Event: 1.355 Thread 0x000002b57b223940 Thread added: 0x000002b57b223940
Event: 1.605 Thread 0x000002b57b16f110 Thread added: 0x000002b57b16f110
Event: 1.752 Thread 0x000002b57b223940 Thread exited: 0x000002b57b223940
Event: 3.005 Thread 0x000002b57b3652a0 Thread added: 0x000002b57b3652a0
Event: 3.112 Thread 0x000002b57b3652a0 Thread exited: 0x000002b57b3652a0
Event: 4.196 Thread 0x000002b57bbe9f90 Thread added: 0x000002b57bbe9f90
Event: 4.662 Thread 0x000002b57bbe9f90 Thread exited: 0x000002b57bbe9f90
Event: 5.736 Thread 0x000002b57bc94300 Thread added: 0x000002b57bc94300


Dynamic libraries:
0x00007ff666330000 - 0x00007ff666340000 	C:\Program Files\Java\jdk-21\bin\java.exe
0x00007fffd3c70000 - 0x00007fffd3e87000 	C:\WINDOWS\SYSTEM32\ntdll.dll
0x00007fffd21f0000 - 0x00007fffd22b4000 	C:\WINDOWS\System32\KERNEL32.DLL
0x00007fffd0ff0000 - 0x00007fffd13aa000 	C:\WINDOWS\System32\KERNELBASE.dll
0x00007fffd1430000 - 0x00007fffd1541000 	C:\WINDOWS\System32\ucrtbase.dll
0x00007fffc7b10000 - 0x00007fffc7b29000 	C:\Program Files\Java\jdk-21\bin\jli.dll
0x00007fffc9850000 - 0x00007fffc986b000 	C:\Program Files\Java\jdk-21\bin\VCRUNTIME140.dll
0x00007fffd2b50000 - 0x00007fffd2c02000 	C:\WINDOWS\System32\ADVAPI32.dll
0x00007fffd1e00000 - 0x00007fffd1ea7000 	C:\WINDOWS\System32\msvcrt.dll
0x00007fffd1960000 - 0x00007fffd1a07000 	C:\WINDOWS\System32\sechost.dll
0x00007fffd16f0000 - 0x00007fffd1718000 	C:\WINDOWS\System32\bcrypt.dll
0x00007fffd2c10000 - 0x00007fffd2d24000 	C:\WINDOWS\System32\RPCRT4.dll
0x00007fffd1c30000 - 0x00007fffd1dde000 	C:\WINDOWS\System32\USER32.dll
0x00007fffd1890000 - 0x00007fffd18b6000 	C:\WINDOWS\System32\win32u.dll
0x00007fffc1dc0000 - 0x00007fffc2052000 	C:\WINDOWS\WinSxS\amd64_microsoft.windows.common-controls_6595b64144ccf1df_6.0.22621.4541_none_2710d1c57384c085\COMCTL32.dll
0x00007fffd21c0000 - 0x00007fffd21e9000 	C:\WINDOWS\System32\GDI32.dll
0x00007fffd1550000 - 0x00007fffd166b000 	C:\WINDOWS\System32\gdi32full.dll
0x00007fffd18c0000 - 0x00007fffd195a000 	C:\WINDOWS\System32\msvcp_win.dll
0x00007fffc9130000 - 0x00007fffc913a000 	C:\WINDOWS\SYSTEM32\VERSION.dll
0x00007fffd1bf0000 - 0x00007fffd1c21000 	C:\WINDOWS\System32\IMM32.DLL
0x00007fffcd2c0000 - 0x00007fffcd2cc000 	C:\Program Files\Java\jdk-21\bin\vcruntime140_1.dll
0x00007fffc7a80000 - 0x00007fffc7b0e000 	C:\Program Files\Java\jdk-21\bin\msvcp140.dll
0x00007fff82ac0000 - 0x00007fff837d8000 	C:\Program Files\Java\jdk-21\bin\server\jvm.dll
0x00007fffd1f00000 - 0x00007fffd1f71000 	C:\WINDOWS\System32\WS2_32.dll
0x00007fffd0710000 - 0x00007fffd075d000 	C:\WINDOWS\SYSTEM32\POWRPROF.dll
0x00007fffcc5f0000 - 0x00007fffcc624000 	C:\WINDOWS\SYSTEM32\WINMM.dll
0x00007fffd06d0000 - 0x00007fffd06e3000 	C:\WINDOWS\SYSTEM32\UMPDC.dll
0x00007fffcff30000 - 0x00007fffcff48000 	C:\WINDOWS\SYSTEM32\kernel.appcore.dll
0x00007fffc9dd0000 - 0x00007fffc9dda000 	C:\Program Files\Java\jdk-21\bin\jimage.dll
0x00007fffce720000 - 0x00007fffce952000 	C:\WINDOWS\SYSTEM32\DBGHELP.DLL
0x00007fffd3890000 - 0x00007fffd3c21000 	C:\WINDOWS\System32\combase.dll
0x00007fffd2e90000 - 0x00007fffd2f67000 	C:\WINDOWS\System32\OLEAUT32.dll
0x00007fffc9520000 - 0x00007fffc9552000 	C:\WINDOWS\SYSTEM32\dbgcore.DLL
0x00007fffd1670000 - 0x00007fffd16eb000 	C:\WINDOWS\System32\bcryptPrimitives.dll
0x00007fffc7a60000 - 0x00007fffc7a7f000 	C:\Program Files\Java\jdk-21\bin\java.dll
0x00007fffd22c0000 - 0x00007fffd2b39000 	C:\WINDOWS\System32\SHELL32.dll
0x00007fffcee20000 - 0x00007fffcf729000 	C:\WINDOWS\SYSTEM32\windows.storage.dll
0x00007fffcece0000 - 0x00007fffcee1f000 	C:\WINDOWS\SYSTEM32\wintypes.dll
0x00007fffd20c0000 - 0x00007fffd21ba000 	C:\WINDOWS\System32\SHCORE.dll
0x00007fffd2d30000 - 0x00007fffd2d8e000 	C:\WINDOWS\System32\shlwapi.dll
0x00007fffd0e60000 - 0x00007fffd0e8b000 	C:\WINDOWS\SYSTEM32\profapi.dll
0x00007fffafee0000 - 0x00007fffaffb7000 	C:\Program Files\Java\jdk-21\bin\jsvml.dll
0x00007fffc9120000 - 0x00007fffc9130000 	C:\Program Files\Java\jdk-21\bin\net.dll
0x00007fffcd740000 - 0x00007fffcd876000 	C:\WINDOWS\SYSTEM32\WINHTTP.dll
0x00007fffd0420000 - 0x00007fffd0489000 	C:\WINDOWS\system32\mswsock.dll
0x00007fffc7a20000 - 0x00007fffc7a36000 	C:\Program Files\Java\jdk-21\bin\nio.dll
0x00007fffc7a40000 - 0x00007fffc7a58000 	C:\Program Files\Java\jdk-21\bin\zip.dll
0x000000006e700000 - 0x000000006e72d000 	C:\ProgramData\libGDX-temp\libgdxkhale\8d3b5089\gdx64.dll
0x00007fffae240000 - 0x00007fffae2bb000 	C:\ProgramData\libGDX-temp\lwjgl_khale\3.3.4+7\x64\lwjgl.dll
0x00007fff9f7d0000 - 0x00007fff9fa41000 	C:\ProgramData\libGDX-temp\lwjgl_khale\3.3.4+7\x64\jemalloc.dll
0x00007fffa7400000 - 0x00007fffa7485000 	C:\ProgramData\libGDX-temp\lwjgl_khale\3.3.4+7\x64\glfw.dll
0x00007fffafae0000 - 0x00007fffafb26000 	C:\WINDOWS\SYSTEM32\dinput8.dll
0x00007fffc72c0000 - 0x00007fffc72d1000 	C:\WINDOWS\SYSTEM32\xinput1_4.dll
0x00007fffd0c20000 - 0x00007fffd0c6e000 	C:\WINDOWS\SYSTEM32\cfgmgr32.dll
0x00007fffd0bf0000 - 0x00007fffd0c1c000 	C:\WINDOWS\SYSTEM32\DEVOBJ.dll
0x00007fffce1b0000 - 0x00007fffce1db000 	C:\WINDOWS\SYSTEM32\dwmapi.dll
0x00007fffb0410000 - 0x00007fffb0624000 	C:\WINDOWS\SYSTEM32\inputhost.dll
0x00007fffcba00000 - 0x00007fffcbb33000 	C:\WINDOWS\SYSTEM32\CoreMessaging.dll
0x00007fffcdf10000 - 0x00007fffcdfc1000 	C:\WINDOWS\system32\uxtheme.dll
0x00007fffd3230000 - 0x00007fffd3391000 	C:\WINDOWS\System32\MSCTF.dll
0x00007fffd0650000 - 0x00007fffd065c000 	C:\WINDOWS\SYSTEM32\CRYPTBASE.DLL
0x00007fffa6690000 - 0x00007fffa686d000 	C:\ProgramData\libGDX-temp\lwjgl_khale\3.3.4+7\x64\OpenAL.dll
0x00007fffd3080000 - 0x00007fffd3225000 	C:\WINDOWS\System32\ole32.dll
0x00007fffd2fd0000 - 0x00007fffd3080000 	C:\WINDOWS\System32\clbcatq.dll
0x00007fffc6af0000 - 0x00007fffc6b8e000 	C:\WINDOWS\System32\MMDevApi.dll
0x00007fffb6660000 - 0x00007fffb684e000 	C:\WINDOWS\SYSTEM32\AUDIOSES.DLL
0x00007fffce4d0000 - 0x00007fffce4e5000 	C:\WINDOWS\SYSTEM32\resourcepolicyclient.dll
0x00007fff70e20000 - 0x00007fff70f20000 	C:\WINDOWS\SYSTEM32\opengl32.dll
0x00007fffbac00000 - 0x00007fffbac2d000 	C:\WINDOWS\SYSTEM32\GLU32.dll
0x00007fffce040000 - 0x00007fffce077000 	C:\WINDOWS\SYSTEM32\dxcore.dll
0x00007fffc9160000 - 0x00007fffc91a9000 	C:\WINDOWS\SYSTEM32\directxdatabasehelper.dll
0x00007fffc7680000 - 0x00007fffc77c4000 	C:\Windows\System32\AppXDeploymentClient.dll
0x00007fff645d0000 - 0x00007fff65657000 	C:\WINDOWS\System32\DriverStore\FileRepository\iigd_dch.inf_amd64_57ce179e0ee5edd3\igxelpicd64.dll
0x00007fffce080000 - 0x00007fffce177000 	C:\WINDOWS\system32\dxgi.dll
0x00007fffa6b80000 - 0x00007fffa6cbc000 	C:\WINDOWS\System32\DriverStore\FileRepository\iigd_dch.inf_amd64_57ce179e0ee5edd3\igdml64.dll
0x00007fffc1710000 - 0x00007fffc1b19000 	C:\WINDOWS\System32\DriverStore\FileRepository\iigd_dch.inf_amd64_57ce179e0ee5edd3\igdgmm64.dll
0x00007fffd13b0000 - 0x00007fffd1422000 	C:\WINDOWS\System32\WINTRUST.dll
0x00007fffd1720000 - 0x00007fffd1886000 	C:\WINDOWS\System32\CRYPT32.dll
0x00007fffd06f0000 - 0x00007fffd0702000 	C:\WINDOWS\SYSTEM32\MSASN1.dll
0x00007fffbd080000 - 0x00007fffc1704000 	C:\WINDOWS\System32\DriverStore\FileRepository\iigd_dch.inf_amd64_57ce179e0ee5edd3\igc64.dll
0x00007fffcd430000 - 0x00007fffcd4ec000 	C:\WINDOWS\SYSTEM32\mscms.dll
0x00007fffa8040000 - 0x00007fffa8089000 	C:\WINDOWS\SYSTEM32\icm32.dll
0x00007fffa7030000 - 0x00007fffa7091000 	C:\ProgramData\libGDX-temp\lwjgl_khale\3.3.4+7\x64\lwjgl_opengl.dll
0x00007fffb02a0000 - 0x00007fffb03e5000 	C:\WINDOWS\SYSTEM32\textinputframework.dll
0x00007fffb7b60000 - 0x00007fffb7bc9000 	C:\WINDOWS\system32\Oleacc.dll
0x000000006a340000 - 0x000000006a3f4000 	C:\ProgramData\libGDX-temp\libgdxkhale\5c4d431d\gdx-freetype64.dll
0x00007fffb0250000 - 0x00007fffb029b000 	C:\WINDOWS\system32\ApplicationTargetedFeatureDatabase.dll
0x00007fffc9a60000 - 0x00007fffc9d04000 	C:\Windows\System32\twinapi.appcore.dll
0x0000000066b00000 - 0x0000000066b5a000 	C:\ProgramData\libGDX-temp\libgdxkhale\4ca5c0bf\gdx-box2d64.dll

dbghelp: loaded successfully - version: 4.0.5 - missing functions: none
symbol engine: initialized successfully - sym options: 0x614 - pdb path: .;C:\Program Files\Java\jdk-21\bin;C:\WINDOWS\SYSTEM32;C:\WINDOWS\WinSxS\amd64_microsoft.windows.common-controls_6595b64144ccf1df_6.0.22621.4541_none_2710d1c57384c085;C:\Program Files\Java\jdk-21\bin\server;C:\ProgramData\libGDX-temp\libgdxkhale\8d3b5089;C:\ProgramData\libGDX-temp\lwjgl_khale\3.3.4+7\x64;C:\WINDOWS\System32\DriverStore\FileRepository\iigd_dch.inf_amd64_57ce179e0ee5edd3;C:\ProgramData\libGDX-temp\libgdxkhale\5c4d431d;C:\ProgramData\libGDX-temp\libgdxkhale\4ca5c0bf

VM Arguments:
jvm_args: -Dfile.encoding=UTF-8 -Duser.country=DE -Duser.language=de -Duser.variant 
java_command: braid.main.lwjgl3.Lwjgl3Launcher
java_class_path (initial): C:\Users\khale\Desktop\braid\lwjgl3\build\classes\java\main;C:\Users\khale\Desktop\braid\lwjgl3\build\resources\main;C:\Users\khale\.gradle\caches\modules-2\files-2.1\com.badlogicgames.gdx-controllers\gdx-controllers-desktop\2.2.3\f496535b094461487a71b3f23a17cd7d524de0f5\gdx-controllers-desktop-2.2.3.jar;C:\Users\khale\.gradle\caches\modules-2\files-2.1\com.badlogicgames.gdx\gdx-backend-lwjgl3\1.13.0\bd205dae964d9e06432a14bc29de98ae22b0e342\gdx-backend-lwjgl3-1.13.0.jar;C:\Users\khale\.gradle\caches\modules-2\files-2.1\com.badlogicgames.gdx\gdx-box2d-platform\1.13.0\ba92923a9b6b75a20212e8ca215fa22f93810da8\gdx-box2d-platform-1.13.0-natives-desktop.jar;C:\Users\khale\.gradle\caches\modules-2\files-2.1\com.badlogicgames.gdx\gdx-bullet-platform\1.13.0\90dcec4c8ef0d64060bcce26f7f4b1c29db65e81\gdx-bullet-platform-1.13.0-natives-desktop.jar;C:\Users\khale\.gradle\caches\modules-2\files-2.1\com.badlogicgames.gdx\gdx-freetype-platform\1.13.0\8e2e4275e14852d8e7cf2ecac178ab7667fd3729\gdx-freetype-platform-1.13.0-natives-desktop.jar;C:\Users\khale\.gradle\caches\modules-2\files-2.1\com.badlogicgames.gdx\gdx-platform\1.13.0\86a8c9c55b62d5ea3a6532d25f3afa8314f69e78\gdx-platform-1.13.0-natives-desktop.jar;C:\Users\khale\Desktop\braid\core\build\libs\core-$projectVersion.jar;C:\Users\khale\.gradle\caches\modules-2\files-2.1\com.badlogicgames.gdx\gdx-tools\1.13.0\6e3df666aafb978b69b400bad733749cd8b028dd\gdx-tools-1.13.0.jar;C:\Users\khale\.gradle\caches\modules-2\files-2.1\com.badlogicgames.gdx-controllers\gdx-controllers-core\2.2.3\82b77d6cb6394420cdd480fc2ab373f7ba5e0e45\gdx-controllers-core-2.2.3.jar;C:\Users\khale\.gradle\caches\modules-2\files-2.1\com.badlogicgames.jamepad\jamepad\2.0.20.0\55eb0007fd55c9914d106dac3387b9d444572cab\jamepad-2.0.20.0.jar;C:\Users\khale\.gradle\caches\modules-2\files-2.1\com.badlogicgames.ashley\ashley\1.7.4\21a3a8932919099c4e5006a7d8378dcbe76ef8a5\ashley-1.7.4.jar;C:\Users\khale\.gradle\caches\modules-2\files-2.1\com.badlogicgames.gdx\gdx-ai\1.8.2\ab75d2ce80ab1b1ce6828a15dc0f417abac4c674\gdx-ai-1.8.2.jar;C:\Users\khale\.gradle\caches\modules-2\files-2.1\com.badlogicgames.box2dlights\box2dlights\1.5\6902dbcd250c95a27973aa24a147a95b3828d348\box2dlights-1.5.jar;C:\Users\khale\.gradle\caches\modules-2\files-2.1\com.badlogicgames.gdx\gdx-box2d\1.13.0\4e3dec7944c9f1972a6628922b54390a4f4dea44\gdx-box2d-1.13.0.jar;C:\Users\khale\.gradle\caches\modules-2\files-2.1\com.badlogicgames.gdx\gdx-bullet\1.13.0\e28a548808fa06b7ad1e102a490ec7a32878d828\gdx-bullet-1.13.0.jar;C:\Users\khale\.gradle\caches\modules-2\files-2.1\com.badlogicgames.gdx\gdx-freetype\1.13.0\283b1d86af06bff6dc4b33523d98fe7f44c9dcaa\gdx-freetype-1.13.0.jar;C:\Users\khale\.gradle\caches\modules-2\files-2.1\com.badlogicgames.gdx\gdx-backend-headless\1.13.0\f3f112c5ed02e8dba857ae14567849be79c702ea\gdx-backend-headless-1.13.0.jar;C:\Users\khale\.gradle\caches\modules-2\files-2.1\com.badlogicgames.gdx\gdx\1.13.0\5ad34f11004a70f4f2c55456461ab1dbf438eeea\gdx-1.13.0.jar;C:\Users\khale\.gradle\caches\modules-2\files-2.1\org.lwjgl\lwjgl-glfw\3.3.4\7e46ecdec85db8738053cfde1414352cd62dab74\lwjgl-glfw-3.3.4.jar;C:\Users\khale\.gradle\caches\modules-2\files-2.1\org.lwjgl\lwjgl-glfw\3.3.4\91e3d4b56d6d1369ef107b9d7801c9f38125c590\lwjgl-glfw-3.3.4-natives-linux.jar;C:\Users\khale\.gradle\caches\modules-2\files-2.1\org.lwjgl\lwjgl-glfw\3.3.4\449b8e4b7cf5c91b307605196230be84b1c51e9c\lwjgl-glfw-3.3.4-natives-linux-arm32.jar;C:\Users\khale\.gradle\caches\modules-2\files-2.1\org.lwjgl\lwjgl-glfw\3.3.4\6ed16dab2ee0d1325bcc5c0fdeabf53d2695fce2\lwjgl-glfw-3.3.4-natives-linux-arm64.jar;C:\Users\khale\.gradle\caches\modules-2\files-2.1\org.lwjgl\lwjgl-glfw\3.3.4\9582481036b6fb762c3f791e2ed26128152a1cec\lwjgl-glfw-3.3.4-natives-linux-riscv64.jar;C:\Users\khale\.gradle\caches\modules-2\files-2.1\org.lwjgl\lwjgl-glfw\3.3.4\753fa860987242ceefa990a6062a18dff4908a33\lwjgl-glfw-3.3.4-natives-macos.jar;C:\Users\khale\.gradle\caches\modules-2\files-2.1\org.lwjgl\lwjgl-glfw\3.3.4\4c358e983516fb6318b76c892ac35b79e8f2f8d9\lwjgl-glfw-3.3.4-natives-macos-arm64.jar;C:\Users\khale\.gradle\caches\modules-2\files-2.1\org.lwjgl\lwjgl-glfw\3.3.4\370ef92d15819a123c643dd2b0fc3a2d40bb263c\lwjgl-glfw-3.3.4-natives-windows.jar;C:\Users\khale\.gradle\caches\modules-2\files-2.1\org.lwjgl\lwjgl-glfw\3.3.4\3dbc102949a66255b95a31c2471f4c6a22b22737\lwjgl-glfw-3.3.4-natives-windows-x86.jar;C:\Users\khale\.gradle\caches\modules-2\files-2.1\org.lwjgl\lwjgl-jemalloc\3.3.4\e3f5dcb8e13f3a5ed3f740fd30a114cee2a80bc4\lwjgl-jemalloc-3.3.4.jar;C:\Users\khale\.gradle\caches\modules-2\files-2.1\org.lwjgl\lwjgl-jemalloc\3.3.4\4cf2f56192436b563f30524a5b389f3b37cae4af\lwjgl-jemalloc-3.3.4-natives-linux.jar;C:\Users\khale\.gradle\caches\modules-2\files-2.1\org.lwjgl\lwjgl-jemalloc\3.3.4\ff12080e919f34a9fb9dae32c26b36048d1f3393\lwjgl-jemalloc-3.3.4-natives-linux-arm32.jar;C:\Users\khale\.gradle\caches\modules-2\files-2.1\org.lwjgl\lwjgl-jemalloc\3.3.4\ebb67e23b0b83a8ee30f7b17eba6f289a43fd3f5\lwjgl-jemalloc-3.3.4-natives-linux-arm64.jar;C:\Users\khale\.gradle\caches\modules-2\files-2.1\org.lwjgl\lwjgl-jemalloc\3.3.4\6c5d38aad1dbd1c4945bcbe86640e616ceb9588f\lwjgl-jemalloc-3.3.4-natives-linux-riscv64.jar;C:\Users\khale\.gradle\caches\modules-2\files-2.1\org.lwjgl\lwjgl-jemalloc\3.3.4\bc99a9862de25a9bee2e340a2d404cd8933c5299\lwjgl-jemalloc-3.3.4-natives-macos.jar;C:\Users\khale\.gradle\caches\modules-2\files-2.1\org.lwjgl\lwjgl-jemalloc\3.3.4\f7a7d32a5ec6b5f20756e8ea9aa54ec7e5401c4f\lwjgl-jemalloc-3.3.4-natives-macos-arm64.jar;C:\Users\khale\.gradle\caches\modules-2\files-2.1\org.lwjgl\lwjgl-jemalloc\3.3.4\4fa19a3d8262e2d73d9632b70b753a2b67552951\lwjgl-jemalloc-3.3.4-natives-windows.jar;C:\Users\khale\.gradle\caches\modules-2\files-2.1\org.lwjgl\lwjgl-jemalloc\3.3.4\54087cafb7c5e0d5dc440d1aa61fae9a7b384785\lwjgl-jemalloc-3.3.4-natives-windows-x86.jar;C:\Users\khale\.gradle\caches\modules-2\files-2.1\org.lwjgl\lwjgl-openal\3.3.4\9b74d3ea380c83353d42af43ad9659e04dabe84a\lwjgl-openal-3.3.4.jar;C:\Users\khale\.gradle\caches\modules-2\files-2.1\org.lwjgl\lwjgl-openal\3.3.4\45189277b5ac64b849de7293e8b1ef2cf2082102\lwjgl-openal-3.3.4-natives-linux.jar;C:\Users\khale\.gradle\caches\modules-2\files-2.1\org.lwjgl\lwjgl-openal\3.3.4\2f9f237a80067a62ea6b5d2ca8e6ba7f09bdcdc6\lwjgl-openal-3.3.4-natives-linux-arm32.jar;C:\Users\khale\.gradle\caches\modules-2\files-2.1\org.lwjgl\lwjgl-openal\3.3.4\81d51b1e4c0094d2888bd2fe8452af9afbf9838e\lwjgl-openal-3.3.4-natives-linux-arm64.jar;C:\Users\khale\.gradle\caches\modules-2\files-2.1\org.lwjgl\lwjgl-openal\3.3.4\74c5ddf47ad6bee41348bbb0735008694b5315af\lwjgl-openal-3.3.4-natives-linux-riscv64.jar;C:\Users\khale\.gradle\caches\modules-2\files-2.1\org.lwjgl\lwjgl-openal\3.3.4\e2adb6049c1931bdebd98844bca17b9ac2758447\lwjgl-openal-3.3.4-natives-macos.jar;C:\Users\khale\.gradle\caches\modules-2\files-2.1\org.lwjgl\lwjgl-openal\3.3.4\a5dd94302fe588b081a5e5beecbfc4584a109c97\lwjgl-openal-3.3.4-natives-macos-arm64.jar;C:\Users\khale\.gradle\caches\modules-2\files-2.1\org.lwjgl\lwjgl-openal\3.3.4\c4de8af803aacda71044418095a71cd63b569a15\lwjgl-openal-3.3.4-natives-windows.jar;C:\Users\khale\.gradle\caches\modules-2\files-2.1\org.lwjgl\lwjgl-openal\3.3.4\35ccf6e634931b2f980bd232def11f81e66484a6\lwjgl-openal-3.3.4-natives-windows-x86.jar;C:\Users\khale\.gradle\caches\modules-2\files-2.1\org.lwjgl\lwjgl-opengl\3.3.4\2852ac7d9f6fc71349f1ce28e2708ff1977f18af\lwjgl-opengl-3.3.4.jar;C:\Users\khale\.gradle\caches\modules-2\files-2.1\org.lwjgl\lwjgl-opengl\3.3.4\789df76d2e3da55349d858dfb81442149af7c7f4\lwjgl-opengl-3.3.4-natives-linux.jar;C:\Users\khale\.gradle\caches\modules-2\files-2.1\org.lwjgl\lwjgl-opengl\3.3.4\34d3574cdb6acaf41e809f935d8917dbb65ca5e6\lwjgl-opengl-3.3.4-natives-linux-arm32.jar;C:\Users\khale\.gradle\caches\modules-2\files-2.1\org.lwjgl\lwjgl-opengl\3.3.4\26dfff75b853db7c5f1f37397c6f4899a4e24416\lwjgl-opengl-3.3.4-natives-linux-arm64.jar;C:\Users\khale\.gradle\caches\modules-2\files-2.1\org.lwjgl\lwjgl-opengl\3.3.4\6ea07b47dd91af8f3ee4a24ddb3cbf086d157a4e\lwjgl-opengl-3.3.4-natives-linux-riscv64.jar;C:\Users\khale\.gradle\caches\modules-2\files-2.1\org.lwjgl\lwjgl-opengl\3.3.4\ae0dd9d292744114f54d268a98cf1cd748b9994d\lwjgl-opengl-3.3.4-natives-macos.jar;C:\Users\khale\.gradle\caches\modules-2\files-2.1\org.lwjgl\lwjgl-opengl\3.3.4\832e7deef981577ee7aeb3b9e1c74bc0e5d26cce\lwjgl-opengl-3.3.4-natives-macos-arm64.jar;C:\Users\khale\.gradle\caches\modules-2\files-2.1\org.lwjgl\lwjgl-opengl\3.3.4\f7ca4e75573a9ce83075bd86bc8a3e49ff106696\lwjgl-opengl-3.3.4-natives-windows.jar;C:\Users\khale\.gradle\caches\modules-2\files-2.1\org.lwjgl\lwjgl-opengl\3.3.4\b6d5c724826bac85640a6049f0a1ddf431181126\lwjgl-opengl-3.3.4-natives-windows-x86.jar;C:\Users\khale\.gradle\caches\modules-2\files-2.1\org.lwjgl\lwjgl-stb\3.3.4\5821735d5ef23f6da8542887344e57eb181b7cac\lwjgl-stb-3.3.4.jar;C:\Users\khale\.gradle\caches\modules-2\files-2.1\org.lwjgl\lwjgl-stb\3.3.4\dfc129f009495e6effe8a023d7c3f9cf519e86e3\lwjgl-stb-3.3.4-natives-linux.jar;C:\Users\khale\.gradle\caches\modules-2\files-2.1\org.lwjgl\lwjgl-stb\3.3.4\d0df615de25e86afb4fec1ff20410a45797b5954\lwjgl-stb-3.3.4-natives-linux-arm32.jar;C:\Users\khale\.gradle\caches\modules-2\files-2.1\org.lwjgl\lwjgl-stb\3.3.4\8a3459c48b72822997cb5b417cd8a4fd7766aecb\lwjgl-stb-3.3.4-natives-linux-arm64.jar;C:\Users\khale\.gradle\caches\modules-2\files-2.1\org.lwjgl\lwjgl-stb\3.3.4\502804ee61eb7adb30bbb5e4459899f9a0cb23cf\lwjgl-stb-3.3.4-natives-linux-riscv64.jar;C:\Users\khale\.gradle\caches\modules-2\files-2.1\org.lwjgl\lwjgl-stb\3.3.4\7f4d84292e503b155d9c251fdbdf5c3a8ec0545\lwjgl-stb-3.3.4-natives-macos.jar;C:\Users\khale\.gradle\caches\modules-2\files-2.1\org.lwjgl\lwjgl-stb\3.3.4\42ce7e0be333378860b1aa9c0904478ee854a003\lwjgl-stb-3.3.4-natives-macos-arm64.jar;C:\Users\khale\.gradle\caches\modules-2\files-2.1\org.lwjgl\lwjgl-stb\3.3.4\8310e565463ec8d369528e8b26a9b1518d079a01\lwjgl-stb-3.3.4-natives-windows.jar;C:\Users\khale\.gradle\caches\modules-2\files-2.1\org.lwjgl\lwjgl-stb\3.3.4\d09beab94b973d0d919b1ceb3e057508c1f203f8\lwjgl-stb-3.3.4-natives-windows-x86.jar;C:\Users\khale\.gradle\caches\modules-2\files-2.1\org.lwjgl\lwjgl\3.3.4\b86c3e4832426e8a6b466013b7cb34b40e9ce956\lwjgl-3.3.4.jar;C:\Users\khale\.gradle\caches\modules-2\files-2.1\org.lwjgl\lwjgl\3.3.4\a7ccba1d3f2fef214943e74335a80cc65d04e49\lwjgl-3.3.4-natives-linux.jar;C:\Users\khale\.gradle\caches\modules-2\files-2.1\org.lwjgl\lwjgl\3.3.4\da1e9d39555144fd0445e542c6f57abb199d7e79\lwjgl-3.3.4-natives-linux-arm32.jar;C:\Users\khale\.gradle\caches\modules-2\files-2.1\org.lwjgl\lwjgl\3.3.4\620ead288ea92391f405003bfefcdef4588aa856\lwjgl-3.3.4-natives-linux-arm64.jar;C:\Users\khale\.gradle\caches\modules-2\files-2.1\org.lwjgl\lwjgl\3.3.4\3ce36a5c5e6feb61bad2ea1426352482e04c6db1\lwjgl-3.3.4-natives-linux-riscv64.jar;C:\Users\khale\.gradle\caches\modules-2\files-2.1\org.lwjgl\lwjgl\3.3.4\f952bb0894c946445942431de2e311feee635c00\lwjgl-3.3.4-natives-macos.jar;C:\Users\khale\.gradle\caches\modules-2\files-2.1\org.lwjgl\lwjgl\3.3.4\d12785da7cdca4921603b5dd83f712f5cdba3fc4\lwjgl-3.3.4-natives-macos-arm64.jar;C:\Users\khale\.gradle\caches\modules-2\files-2.1\org.lwjgl\lwjgl\3.3.4\dd0927c1348cdcd9573fa24b7278ec1ac2bb0a76\lwjgl-3.3.4-natives-windows.jar;C:\Users\khale\.gradle\caches\modules-2\files-2.1\org.lwjgl\lwjgl\3.3.4\4da2cf3d17e4f8c654f71b0ce003712e540c1a9f\lwjgl-3.3.4-natives-windows-x86.jar;C:\Users\khale\.gradle\caches\modules-2\files-2.1\com.badlogicgames.jlayer\jlayer\1.0.1-gdx\7cca83cec5c1b2f011362f4d85aabd71a73b049d\jlayer-1.0.1-gdx.jar;C:\Users\khale\.gradle\caches\modules-2\files-2.1\org.jcraft\jorbis\0.0.17\8872d22b293e8f5d7d56ff92be966e6dc28ebdc6\jorbis-0.0.17.jar;C:\Users\khale\.gradle\caches\modules-2\files-2.1\com.badlogicgames.gdx\gdx-jnigen-loader\2.5.2\f35e90affe07c46b4f5e5958a1a4c1820c4890e2\gdx-jnigen-loader-2.5.2.jar
Launcher Type: SUN_STANDARD

[Global flags]
     intx CICompilerCount                          = 4                                         {product} {ergonomic}
     uint ConcGCThreads                            = 2                                         {product} {ergonomic}
     uint G1ConcRefinementThreads                  = 8                                         {product} {ergonomic}
   size_t G1HeapRegionSize                         = 1048576                                   {product} {ergonomic}
    uintx GCDrainStackTargetSize                   = 64                                        {product} {ergonomic}
   size_t InitialHeapSize                          = 130023424                                 {product} {ergonomic}
   size_t MarkStackSize                            = 4194304                                   {product} {ergonomic}
   size_t MaxHeapSize                              = 2063597568                                {product} {ergonomic}
   size_t MaxNewSize                               = 1237319680                                {product} {ergonomic}
   size_t MinHeapDeltaBytes                        = 1048576                                   {product} {ergonomic}
   size_t MinHeapSize                              = 8388608                                   {product} {ergonomic}
    uintx NonNMethodCodeHeapSize                   = 5839372                                {pd product} {ergonomic}
    uintx NonProfiledCodeHeapSize                  = 122909434                              {pd product} {ergonomic}
    uintx ProfiledCodeHeapSize                     = 122909434                              {pd product} {ergonomic}
    uintx ReservedCodeCacheSize                    = 251658240                              {pd product} {ergonomic}
     bool SegmentedCodeCache                       = true                                      {product} {ergonomic}
   size_t SoftMaxHeapSize                          = 2063597568                             {manageable} {ergonomic}
     bool UseCompressedOops                        = true                           {product lp64_product} {ergonomic}
     bool UseG1GC                                  = true                                      {product} {ergonomic}
     bool UseLargePagesIndividualAllocation        = false                                  {pd product} {ergonomic}

Logging:
Log output configuration:
 #0: stdout all=warning uptime,level,tags foldmultilines=false
 #1: stderr all=off uptime,level,tags foldmultilines=false

Environment Variables:
PATH=C:\Program Files\Common Files\Oracle\Java\javapath;C:\WINDOWS\system32;C:\WINDOWS;C:\WINDOWS\System32\Wbem;C:\WINDOWS\System32\WindowsPowerShell\v1.0\;C:\WINDOWS\System32\OpenSSH\;C:\ProgramData\chocolatey\bin;C:\Program Files\PuTTY\;C:\Program Files\MATLAB\R2023a\bin;C:\MinGW\bin;C:\Users\khale\Desktop\compiler\x86_64-13.2.0-release-posix-seh-msvcrt-rt_v11-rev0\mingw64\bin;C:\Program Files\Git\cmd;C:\Users\khale\AppData\Local\Programs\Python\Python312\Scripts\;C:\Users\khale\AppData\Local\Programs\Python\Python312\;C:\Users\khale\miniconda3;C:\Users\khale\miniconda3\Library\mingw-w64\bin;C:\Users\khale\miniconda3\Library\usr\bin;C:\Users\khale\miniconda3\Library\bin;C:\Users\khale\miniconda3\Scripts;C:\Users\khale\AppData\Local\Microsoft\WindowsApps;C:\Users\khale\AppData\Local\Programs\Microsoft VS Code\bin;C:\Program Files\Git\bin
USERNAME=khale
OS=Windows_NT
PROCESSOR_IDENTIFIER=Intel64 Family 6 Model 140 Stepping 1, GenuineIntel
TMP=C:\Users\khale\AppData\Local\Temp
TEMP=C:\Users\khale\AppData\Local\Temp




Periodic native trim disabled

---------------  S Y S T E M  ---------------

OS:
 Windows 11 , 64 bit Build 22621 (10.0.22621.4391)
OS uptime: 0 days 23:55 hours
Hyper-V role detected

CPU: total 8 (initial active 8) (4 cores per cpu, 2 threads per core) family 6 model 140 stepping 1 microcode 0xb4, cx8, cmov, fxsr, ht, mmx, 3dnowpref, sse, sse2, sse3, ssse3, sse4.1, sse4.2, popcnt, lzcnt, tsc, tscinvbit, avx, avx2, aes, erms, clmul, bmi1, bmi2, adx, avx512f, avx512dq, avx512cd, avx512bw, avx512vl, sha, fma, vzeroupper, avx512_vpopcntdq, avx512_vpclmulqdq, avx512_vaes, avx512_vnni, clflush, clflushopt, clwb, avx512_vbmi2, avx512_vbmi, hv, rdtscp, rdpid, fsrm, gfni, avx512_bitalg, f16c, cet_ibt, cet_ss, avx512_ifma
Processor Information for all 8 processors :
  Max Mhz: 2419, Current Mhz: 2419, Mhz Limit: 2419

Memory: 4k page, system-wide physical 7865M (512M free)
TotalPageFile size 18851M (AvailPageFile size 2774M)
current process WorkingSet (physical memory assigned to process): 483M, peak: 491M
current process commit charge ("private bytes"): 582M, peak: 591M

vm_info: Java HotSpot(TM) 64-Bit Server VM (21.0.5+9-LTS-239) for windows-amd64 JRE (21.0.5+9-LTS-239), built on 2024-09-30T05:17:38Z by "mach5one" with MS VC++ 17.6 (VS2022)

END.
