#
# A fatal error has been detected by the Java Runtime Environment:
#
#  EXCEPTION_ACCESS_VIOLATION (0xc0000005) at pc=0x000001c8cb05d460, pid=13852, tid=6008
#
# JRE version: Java(TM) SE Runtime Environment (21.0.5+9) (build 21.0.5+9-LTS-239)
# Java VM: Java HotSpot(TM) 64-Bit Server VM (21.0.5+9-LTS-239, mixed mode, sharing, tiered, compressed oops, compressed class ptrs, g1 gc, windows-amd64)
# Problematic frame:
# C  0x000001c8cb05d460
#
# No core dump will be written. Minidumps are not enabled by default on client versions of Windows
#
# If you would like to submit a bug report, please visit:
#   https://bugreport.java.com/bugreport/crash.jsp
# The crash happened outside the Java Virtual Machine in native code.
# See problematic frame for where to report the bug.
#

---------------  S U M M A R Y ------------

Command Line: -Dfile.encoding=UTF-8 -Duser.country=DE -Duser.language=de -Duser.variant braid.main.lwjgl3.Lwjgl3Launcher

Host: 11th Gen Intel(R) Core(TM) i5-1135G7 @ 2.40GHz, 8 cores, 7G,  Windows 11 , 64 bit Build 22621 (10.0.22621.4391)
Time: Thu Jan 16 15:00:24 2025 Mitteleuropäische Zeit elapsed time: 6.990861 seconds (0d 0h 0m 6s)

---------------  T H R E A D  ---------------

Current thread (0x000001c8ddefb180):  JavaThread "main"             [_thread_in_native, id=6008, stack(0x0000007444100000,0x0000007444200000) (1024K)]

Stack: [0x0000007444100000,0x0000007444200000],  sp=0x00000074441fed48,  free space=1019k
Native frames: (J=compiled Java code, j=interpreted, Vv=VM code, C=native code)
C  0x000001c8cb05d460

Java frames: (J=compiled Java code, j=interpreted, Vv=VM code)
j  com.badlogic.gdx.physics.box2d.Body.jniCreateFixture(JJFFFZSSS)J+0
j  com.badlogic.gdx.physics.box2d.Body.createFixture(Lcom/badlogic/gdx/physics/box2d/FixtureDef;)Lcom/badlogic/gdx/physics/box2d/Fixture;+49
j  braid.main.tools.B2WorldCreator.spawnGround()V+180
j  braid.main.tools.B2WorldCreator.<init>(Lcom/badlogic/gdx/physics/box2d/World;Lcom/badlogic/gdx/maps/tiled/TiledMap;Lbraid/main/screens/levels/LevelScreen;)V+108
j  braid.main.screens.levels.LevelScreen.<init>(Lbraid/main/Braid;Ljava/lang/String;Ljava/lang/String;Ljava/lang/String;)V+243
j  braid.main.screens.levels.UniLevel.<init>(Lbraid/main/Braid;)V+8
j  braid.main.overworld.Overworld.enterLevel(Ljava/lang/String;)V+324
j  braid.main.overworld.Overworld$1.keyDown(I)Z+81
j  com.badlogic.gdx.InputEventQueue.drain(Lcom/badlogic/gdx/InputProcessor;)V+172
j  com.badlogic.gdx.backends.lwjgl3.DefaultLwjgl3Input.update()V+8
j  com.badlogic.gdx.backends.lwjgl3.Lwjgl3Window.update()Z+126
j  com.badlogic.gdx.backends.lwjgl3.Lwjgl3Application.loop()V+120
j  com.badlogic.gdx.backends.lwjgl3.Lwjgl3Application.<init>(Lcom/badlogic/gdx/ApplicationListener;Lcom/badlogic/gdx/backends/lwjgl3/Lwjgl3ApplicationConfiguration;)V+269
j  braid.main.lwjgl3.Lwjgl3Launcher.createApplication()Lcom/badlogic/gdx/backends/lwjgl3/Lwjgl3Application;+14
j  braid.main.lwjgl3.Lwjgl3Launcher.main([Ljava/lang/String;)V+7
v  ~StubRoutines::call_stub 0x000001c8ef0b10e7

siginfo: EXCEPTION_ACCESS_VIOLATION (0xc0000005), data execution prevention violation at address 0x000001c8cb05d460


Registers:
RAX=0x000001c8cb05d700, RBX=0x000001c8cb128da0, RCX=0x000001c8cb067e00, RDX=0x000001c8ce9f5d20
RSP=0x00000074441fed48, RBP=0x00000074441fef20, RSI=0x00000074441fee10, RDI=0x000001c8ef0b8860
R8 =0x000001c8cb124df0, R9 =0x00000074441fee10, R10=0x000001c8ef0bcf1c, R11=0x0000000000000102
R12=0x000001c8ce9f5d20, R13=0x000001c8ce9f5d20, R14=0x00000074441fef98, R15=0x000001c8ddefb180
RIP=0x000001c8cb05d460, EFLAGS=0x0000000000010206


Register to memory mapping:

RAX=0x000001c8cb05d700 points into unknown readable memory: 0x000001c8cb05da80 | 80 da 05 cb c8 01 00 00
RBX=0x000001c8cb128da0 points into unknown readable memory: 0x000001c800000000 | 00 00 00 00 c8 01 00 00
RCX=0x000001c8cb067e00 points into unknown readable memory: 0x000001c8cb05d700 | 00 d7 05 cb c8 01 00 00
RDX=0x000001c8ce9f5d20 points into unknown readable memory: 0x000001c8cb095d60 | 60 5d 09 cb c8 01 00 00
RSP=0x00000074441fed48 is pointing into the stack for thread: 0x000001c8ddefb180
RBP=0x00000074441fef20 is pointing into the stack for thread: 0x000001c8ddefb180
RSI=0x00000074441fee10 is pointing into the stack for thread: 0x000001c8ddefb180
RDI=0x000001c8ef0b8860 is at code_begin+1184 in an Interpreter codelet
return entry points  [0x000001c8ef0b83c0, 0x000001c8ef0b8f60]  2976 bytes
R8 =0x000001c8cb124df0 points into unknown readable memory: 0x0000002600000000 | 00 00 00 00 26 00 00 00
R9 =0x00000074441fee10 is pointing into the stack for thread: 0x000001c8ddefb180
R10=0x000001c8ef0bcf1c is at code_begin+1020 in an Interpreter codelet
native method entry point (kind = native)  [0x000001c8ef0bcb20, 0x000001c8ef0bd748]  3112 bytes
R11=0x0000000000000102 is an unknown value
R12=0x000001c8ce9f5d20 points into unknown readable memory: 0x000001c8cb095d60 | 60 5d 09 cb c8 01 00 00
R13=0x000001c8ce9f5d20 points into unknown readable memory: 0x000001c8cb095d60 | 60 5d 09 cb c8 01 00 00
R14=0x00000074441fef98 is pointing into the stack for thread: 0x000001c8ddefb180
R15=0x000001c8ddefb180 is a thread

Top of Stack: (sp=0x00000074441fed48)
0x00000074441fed48:   0000000066b1e79d 0000000000000002
0x00000074441fed58:   000001c8ef0cb349 000001c8cb124df0
0x00000074441fed68:   00000074441fee10 000001c8ef0b8860
0x00000074441fed78:   000001c8cb124df0 00000074441fee10
0x00000074441fed88:   000001c8ef0b8860 000001c8cb128da0
0x00000074441fed98:   0000000066b1d61b 0000000000000002
0x00000074441feda8:   000001c8c1a50058 0000000000000000
0x00000074441fedb8:   000000008c1acad8 000001c8c1a50000
0x00000074441fedc8:   000001c8c1a49940 0000000000000000
0x00000074441fedd8:   0000000000000000 000001c8c1a49940
0x00000074441fede8:   0000000066b2388d 000000008c1fc020
0x00000074441fedf8:   9e3779b97f4a7c15 0000000000000000
0x00000074441fee08:   77edbb67559b6098 000001c8cb067e00
0x00000074441fee18:   0000000000000000 000000003e4ccccd
0x00000074441fee28:   0001000000000000 000001c80000ffff
0x00000074441fee38:   0000000000000000 000000008b216708
0x00000074441fee48:   000001c8ef0bcf4b 0000000000000000
0x00000074441fee58:   00000074441fee70 00000074441feed0
0x00000074441fee68:   000001c8ef0b8988 000001c83e4ccccd
0x00000074441fee78:   0000000000000000 0000000000000000
0x00000074441fee88:   0000007400000000 000001c800000001
0x00000074441fee98:   00000000ffffffff 000001c800000000
0x00000074441feea8:   0000000000000000 00000000bf800000
0x00000074441feeb8:   0000000000000000 00000000be22222d
0x00000074441feec8:   000001c8ef0bd688 00000074441fef60
0x00000074441feed8:   00000074441feed8 0000000000000000
0x00000074441feee8:   000000000000000f 000001c8c1a4e2c8
0x00000074441feef8:   0000000000000000 000000008c1a8a70
0x00000074441fef08:   000001c8c1a49940 0000000000000000
0x00000074441fef18:   00000074441fef40 00000074441fefe8
0x00000074441fef28:   000001c8ef0b893e 0000000000000000
0x00000074441fef38:   000001c8ef0ba3d6 0000000000000000 

Instructions: (pc=0x000001c8cb05d460)
0x000001c8cb05d360:   01 01 01 01 01 01 01 01 0f 98 cf ee a1 01 00 80
0x000001c8cb05d370:   10 01 00 00 80 00 00 00 04 00 00 00 01 00 00 00
0x000001c8cb05d380:   01 00 00 00 01 01 01 01 10 21 9f ce c8 01 00 00
0x000001c8cb05d390:   01 01 01 01 01 01 01 01 00 98 c2 ee 7f 02 00 80
0x000001c8cb05d3a0:   98 98 98 98 98 98 98 98 98 98 98 98 98 ff ff ff
0x000001c8cb05d3b0:   ff ff ff ff ff ff ff ff ff ff ff ff ff ff ff ff
0x000001c8cb05d3c0:   ff ff ff ff ff ff ff 00 05 98 c5 ee a5 03 00 80
0x000001c8cb05d3d0:   03 00 00 00 05 00 00 00 04 00 00 00 01 00 00 00
0x000001c8cb05d3e0:   01 00 00 00 01 01 01 01 00 c1 06 cb c8 01 00 00
0x000001c8cb05d3f0:   01 01 01 01 01 01 01 01 06 98 d8 ee e2 04 00 80
0x000001c8cb05d400:   ff ff ff a1 ff ff ff a1 ff ff ff 35 ff ff ff ff
0x000001c8cb05d410:   ff ff ff ff ff ff ff 7e ff ff ff ff ff ff ff ff
0x000001c8cb05d420:   ff ff ff 7e 01 01 01 01 7b 98 db ee d0 05 00 80
0x000001c8cb05d430:   a0 01 00 00 00 01 00 00 03 00 00 00 01 00 00 00
0x000001c8cb05d440:   01 00 00 00 ff ff 80 00 90 e1 a1 ce c8 01 00 00
0x000001c8cb05d450:   01 01 01 01 01 01 00 00 7c 98 de ee c0 06 00 80
0x000001c8cb05d460:   00 00 00 00 00 00 00 00 30 c0 35 6a 00 00 00 00
0x000001c8cb05d470:   40 c0 35 6a 00 00 00 00 50 c0 35 6a 00 00 00 00
0x000001c8cb05d480:   00 01 00 00 01 00 00 01 71 98 d1 ee 5d 07 00 90
0x000001c8cb05d490:   00 04 00 00 00 04 00 00 04 00 00 00 00 00 00 00
0x000001c8cb05d4a0:   01 00 00 00 00 00 00 00 40 f0 41 d1 c8 01 00 00
0x000001c8cb05d4b0:   00 00 00 00 00 00 00 00 72 98 d4 ee 6c 08 00 90
0x000001c8cb05d4c0:   00 04 00 00 00 04 00 00 04 00 00 00 00 00 00 00
0x000001c8cb05d4d0:   01 00 00 00 01 00 00 00 40 60 c3 d1 c8 01 00 00
0x000001c8cb05d4e0:   00 00 00 01 00 00 00 00 77 98 d7 ee 9a 09 00 90
0x000001c8cb05d4f0:   00 04 00 00 00 04 00 00 04 00 00 00 00 00 00 00
0x000001c8cb05d500:   01 00 00 00 01 00 00 00 40 00 a7 d2 c8 01 00 00
0x000001c8cb05d510:   00 01 00 00 40 19 00 00 68 98 ea ee f2 0a 00 80
0x000001c8cb05d520:   b0 01 00 00 f0 00 00 00 04 00 00 00 01 00 00 00
0x000001c8cb05d530:   01 00 00 00 a6 00 00 00 80 55 a3 ce c8 01 00 00
0x000001c8cb05d540:   80 01 01 01 01 01 01 01 6d 98 ed ee 40 0b 00 90
0x000001c8cb05d550:   00 04 00 00 00 04 00 00 04 00 00 00 00 00 00 00 


Stack slot to memory mapping:

stack at sp + 0 slots: 0x0000000066b1e79d gdx-box2d64.dll
stack at sp + 1 slots: 0x0000000000000002 is an unknown value
stack at sp + 2 slots: 0x000001c8ef0cb349 is at code_begin+105 in an Interpreter codelet
newarray  188 newarray  [0x000001c8ef0cb2e0, 0x000001c8ef0cb3b8]  216 bytes
stack at sp + 3 slots: 0x000001c8cb124df0 points into unknown readable memory: 0x0000002600000000 | 00 00 00 00 26 00 00 00
stack at sp + 4 slots: 0x00000074441fee10 is pointing into the stack for thread: 0x000001c8ddefb180
stack at sp + 5 slots: 0x000001c8ef0b8860 is at code_begin+1184 in an Interpreter codelet
return entry points  [0x000001c8ef0b83c0, 0x000001c8ef0b8f60]  2976 bytes
stack at sp + 6 slots: 0x000001c8cb124df0 points into unknown readable memory: 0x0000002600000000 | 00 00 00 00 26 00 00 00
stack at sp + 7 slots: 0x00000074441fee10 is pointing into the stack for thread: 0x000001c8ddefb180


---------------  P R O C E S S  ---------------

Threads class SMR info:
_java_thread_list=0x000001c8c5c13b50, length=14, elements={
0x000001c8ddefb180, 0x000001c8fc708e90, 0x000001c8fc7098e0, 0x000001c8fc70bd10,
0x000001c8fc70df10, 0x000001c8fc70f500, 0x000001c8fc711d40, 0x000001c8fc716310,
0x000001c8fc724be0, 0x000001c8fc9e2310, 0x000001c8fc9fd640, 0x000001c8fd44cf20,
0x000001c8c599c1c0, 0x000001c8c56e9300
}

Java Threads: ( => current thread )
=>0x000001c8ddefb180 JavaThread "main"                              [_thread_in_native, id=6008, stack(0x0000007444100000,0x0000007444200000) (1024K)]
  0x000001c8fc708e90 JavaThread "Reference Handler"          daemon [_thread_blocked, id=13204, stack(0x0000007444900000,0x0000007444a00000) (1024K)]
  0x000001c8fc7098e0 JavaThread "Finalizer"                  daemon [_thread_blocked, id=14936, stack(0x0000007444a00000,0x0000007444b00000) (1024K)]
  0x000001c8fc70bd10 JavaThread "Signal Dispatcher"          daemon [_thread_blocked, id=1268, stack(0x0000007444b00000,0x0000007444c00000) (1024K)]
  0x000001c8fc70df10 JavaThread "Attach Listener"            daemon [_thread_blocked, id=13460, stack(0x0000007444c00000,0x0000007444d00000) (1024K)]
  0x000001c8fc70f500 JavaThread "Service Thread"             daemon [_thread_blocked, id=8744, stack(0x0000007444d00000,0x0000007444e00000) (1024K)]
  0x000001c8fc711d40 JavaThread "Monitor Deflation Thread"   daemon [_thread_blocked, id=15888, stack(0x0000007444e00000,0x0000007444f00000) (1024K)]
  0x000001c8fc716310 JavaThread "C2 CompilerThread0"         daemon [_thread_blocked, id=11696, stack(0x0000007444f00000,0x0000007445000000) (1024K)]
  0x000001c8fc724be0 JavaThread "C1 CompilerThread0"         daemon [_thread_blocked, id=14276, stack(0x0000007445000000,0x0000007445100000) (1024K)]
  0x000001c8fc9e2310 JavaThread "Notification Thread"        daemon [_thread_blocked, id=11356, stack(0x0000007445100000,0x0000007445200000) (1024K)]
  0x000001c8fc9fd640 JavaThread "Common-Cleaner"             daemon [_thread_blocked, id=7392, stack(0x0000007445200000,0x0000007445300000) (1024K)]
  0x000001c8fd44cf20 JavaThread "Thread-0"                   daemon [_thread_blocked, id=12672, stack(0x0000007445900000,0x0000007445a00000) (1024K)]
  0x000001c8c599c1c0 JavaThread "AssetManager"               daemon [_thread_blocked, id=6352, stack(0x0000007445e00000,0x0000007445f00000) (1024K)]
  0x000001c8c56e9300 JavaThread "LWJGL3 Timer"               daemon [_thread_blocked, id=13952, stack(0x0000007445d00000,0x0000007445e00000) (1024K)]
Total: 14

Other Threads:
  0x000001c8fc6f1e90 VMThread "VM Thread"                           [id=11120, stack(0x0000007444800000,0x0000007444900000) (1024K)]
  0x000001c8fc6da710 WatcherThread "VM Periodic Task Thread"        [id=472, stack(0x0000007444700000,0x0000007444800000) (1024K)]
  0x000001c8ddf4e030 WorkerThread "GC Thread#0"                     [id=7240, stack(0x0000007444200000,0x0000007444300000) (1024K)]
  0x000001c8c5addf60 WorkerThread "GC Thread#1"                     [id=8220, stack(0x0000007445f00000,0x0000007446000000) (1024K)]
  0x000001c8c5a0b0b0 WorkerThread "GC Thread#2"                     [id=8884, stack(0x0000007446000000,0x0000007446100000) (1024K)]
  0x000001c8c5ccd0a0 WorkerThread "GC Thread#3"                     [id=11148, stack(0x0000007446100000,0x0000007446200000) (1024K)]
  0x000001c8c5ccd440 WorkerThread "GC Thread#4"                     [id=11260, stack(0x0000007446200000,0x0000007446300000) (1024K)]
  0x000001c8c5c9b380 WorkerThread "GC Thread#5"                     [id=10884, stack(0x0000007446300000,0x0000007446400000) (1024K)]
  0x000001c8c5c9b720 WorkerThread "GC Thread#6"                     [id=15552, stack(0x0000007446400000,0x0000007446500000) (1024K)]
  0x000001c8c5cd8d70 WorkerThread "GC Thread#7"                     [id=13688, stack(0x0000007446500000,0x0000007446600000) (1024K)]
  0x000001c8ddf5e6c0 ConcurrentGCThread "G1 Main Marker"            [id=12852, stack(0x0000007444300000,0x0000007444400000) (1024K)]
  0x000001c8ddf5f0c0 WorkerThread "G1 Conc#0"                       [id=7048, stack(0x0000007444400000,0x0000007444500000) (1024K)]
  0x000001c8ddfae8a0 ConcurrentGCThread "G1 Refine#0"               [id=5484, stack(0x0000007444500000,0x0000007444600000) (1024K)]
  0x000001c8fc5ac530 ConcurrentGCThread "G1 Service"                [id=12320, stack(0x0000007444600000,0x0000007444700000) (1024K)]
Total: 14

Threads with active compile tasks:
Total: 0

VM state: not at safepoint (normal execution)

VM Mutex/Monitor currently owned by a thread: None

Heap address: 0x0000000085000000, size: 1968 MB, Compressed Oops mode: 32-bit

CDS archive(s) mapped at: [0x000001c880000000-0x000001c880c90000-0x000001c880c90000), size 13172736, SharedBaseAddress: 0x000001c880000000, ArchiveRelocationMode: 1.
Compressed class space mapped at: 0x000001c881000000-0x000001c8c1000000, reserved size: 1073741824
Narrow klass base: 0x000001c880000000, Narrow klass shift: 0, Narrow klass range: 0x100000000

GC Precious Log:
 CardTable entry size: 512
 Card Set container configuration: InlinePtr #cards 5 size 8 Array Of Cards #cards 12 size 40 Howl #buckets 4 coarsen threshold 1843 Howl Bitmap #cards 512 size 80 coarsen threshold 460 Card regions per heap region 1 cards per card region 2048
 CPUs: 8 total, 8 available
 Memory: 7865M
 Large Page Support: Disabled
 NUMA Support: Disabled
 Compressed Oops: Enabled (32-bit)
 Heap Region Size: 1M
 Heap Min Capacity: 8M
 Heap Initial Capacity: 124M
 Heap Max Capacity: 1968M
 Pre-touch: Disabled
 Parallel Workers: 8
 Concurrent Workers: 2
 Concurrent Refinement Workers: 8
 Periodic GC: Disabled

Heap:
 garbage-first heap   total 126976K, used 12288K [0x0000000085000000, 0x0000000100000000)
  region size 1024K, 14 young (14336K), 3 survivors (3072K)
 Metaspace       used 9913K, committed 10112K, reserved 1114112K
  class space    used 811K, committed 896K, reserved 1048576K

Heap Regions: E=young(eden), S=young(survivor), O=old, HS=humongous(starts), HC=humongous(continues), CS=collection set, F=free, TAMS=top-at-mark-start, PB=parsable bottom
|   0|0x0000000085000000, 0x0000000085000000, 0x0000000085100000|  0%| F|  |TAMS 0x0000000085000000| PB 0x0000000085000000| Untracked 
|   1|0x0000000085100000, 0x0000000085100000, 0x0000000085200000|  0%| F|  |TAMS 0x0000000085100000| PB 0x0000000085100000| Untracked 
|   2|0x0000000085200000, 0x0000000085200000, 0x0000000085300000|  0%| F|  |TAMS 0x0000000085200000| PB 0x0000000085200000| Untracked 
|   3|0x0000000085300000, 0x0000000085300000, 0x0000000085400000|  0%| F|  |TAMS 0x0000000085300000| PB 0x0000000085300000| Untracked 
|   4|0x0000000085400000, 0x0000000085400000, 0x0000000085500000|  0%| F|  |TAMS 0x0000000085400000| PB 0x0000000085400000| Untracked 
|   5|0x0000000085500000, 0x0000000085500000, 0x0000000085600000|  0%| F|  |TAMS 0x0000000085500000| PB 0x0000000085500000| Untracked 
|   6|0x0000000085600000, 0x0000000085600000, 0x0000000085700000|  0%| F|  |TAMS 0x0000000085600000| PB 0x0000000085600000| Untracked 
|   7|0x0000000085700000, 0x0000000085700000, 0x0000000085800000|  0%| F|  |TAMS 0x0000000085700000| PB 0x0000000085700000| Untracked 
|   8|0x0000000085800000, 0x0000000085800000, 0x0000000085900000|  0%| F|  |TAMS 0x0000000085800000| PB 0x0000000085800000| Untracked 
|   9|0x0000000085900000, 0x0000000085900000, 0x0000000085a00000|  0%| F|  |TAMS 0x0000000085900000| PB 0x0000000085900000| Untracked 
|  10|0x0000000085a00000, 0x0000000085a00000, 0x0000000085b00000|  0%| F|  |TAMS 0x0000000085a00000| PB 0x0000000085a00000| Untracked 
|  11|0x0000000085b00000, 0x0000000085b00000, 0x0000000085c00000|  0%| F|  |TAMS 0x0000000085b00000| PB 0x0000000085b00000| Untracked 
|  12|0x0000000085c00000, 0x0000000085c00000, 0x0000000085d00000|  0%| F|  |TAMS 0x0000000085c00000| PB 0x0000000085c00000| Untracked 
|  13|0x0000000085d00000, 0x0000000085d00000, 0x0000000085e00000|  0%| F|  |TAMS 0x0000000085d00000| PB 0x0000000085d00000| Untracked 
|  14|0x0000000085e00000, 0x0000000085e00000, 0x0000000085f00000|  0%| F|  |TAMS 0x0000000085e00000| PB 0x0000000085e00000| Untracked 
|  15|0x0000000085f00000, 0x0000000085f00000, 0x0000000086000000|  0%| F|  |TAMS 0x0000000085f00000| PB 0x0000000085f00000| Untracked 
|  16|0x0000000086000000, 0x0000000086000000, 0x0000000086100000|  0%| F|  |TAMS 0x0000000086000000| PB 0x0000000086000000| Untracked 
|  17|0x0000000086100000, 0x0000000086100000, 0x0000000086200000|  0%| F|  |TAMS 0x0000000086100000| PB 0x0000000086100000| Untracked 
|  18|0x0000000086200000, 0x0000000086200000, 0x0000000086300000|  0%| F|  |TAMS 0x0000000086200000| PB 0x0000000086200000| Untracked 
|  19|0x0000000086300000, 0x0000000086300000, 0x0000000086400000|  0%| F|  |TAMS 0x0000000086300000| PB 0x0000000086300000| Untracked 
|  20|0x0000000086400000, 0x0000000086400000, 0x0000000086500000|  0%| F|  |TAMS 0x0000000086400000| PB 0x0000000086400000| Untracked 
|  21|0x0000000086500000, 0x0000000086500000, 0x0000000086600000|  0%| F|  |TAMS 0x0000000086500000| PB 0x0000000086500000| Untracked 
|  22|0x0000000086600000, 0x0000000086600000, 0x0000000086700000|  0%| F|  |TAMS 0x0000000086600000| PB 0x0000000086600000| Untracked 
|  23|0x0000000086700000, 0x0000000086700000, 0x0000000086800000|  0%| F|  |TAMS 0x0000000086700000| PB 0x0000000086700000| Untracked 
|  24|0x0000000086800000, 0x0000000086800000, 0x0000000086900000|  0%| F|  |TAMS 0x0000000086800000| PB 0x0000000086800000| Untracked 
|  25|0x0000000086900000, 0x0000000086900000, 0x0000000086a00000|  0%| F|  |TAMS 0x0000000086900000| PB 0x0000000086900000| Untracked 
|  26|0x0000000086a00000, 0x0000000086a00000, 0x0000000086b00000|  0%| F|  |TAMS 0x0000000086a00000| PB 0x0000000086a00000| Untracked 
|  27|0x0000000086b00000, 0x0000000086b00000, 0x0000000086c00000|  0%| F|  |TAMS 0x0000000086b00000| PB 0x0000000086b00000| Untracked 
|  28|0x0000000086c00000, 0x0000000086c00000, 0x0000000086d00000|  0%| F|  |TAMS 0x0000000086c00000| PB 0x0000000086c00000| Untracked 
|  29|0x0000000086d00000, 0x0000000086d00000, 0x0000000086e00000|  0%| F|  |TAMS 0x0000000086d00000| PB 0x0000000086d00000| Untracked 
|  30|0x0000000086e00000, 0x0000000086e00000, 0x0000000086f00000|  0%| F|  |TAMS 0x0000000086e00000| PB 0x0000000086e00000| Untracked 
|  31|0x0000000086f00000, 0x0000000086f00000, 0x0000000087000000|  0%| F|  |TAMS 0x0000000086f00000| PB 0x0000000086f00000| Untracked 
|  32|0x0000000087000000, 0x0000000087000000, 0x0000000087100000|  0%| F|  |TAMS 0x0000000087000000| PB 0x0000000087000000| Untracked 
|  33|0x0000000087100000, 0x0000000087100000, 0x0000000087200000|  0%| F|  |TAMS 0x0000000087100000| PB 0x0000000087100000| Untracked 
|  34|0x0000000087200000, 0x0000000087200000, 0x0000000087300000|  0%| F|  |TAMS 0x0000000087200000| PB 0x0000000087200000| Untracked 
|  35|0x0000000087300000, 0x0000000087300000, 0x0000000087400000|  0%| F|  |TAMS 0x0000000087300000| PB 0x0000000087300000| Untracked 
|  36|0x0000000087400000, 0x0000000087400000, 0x0000000087500000|  0%| F|  |TAMS 0x0000000087400000| PB 0x0000000087400000| Untracked 
|  37|0x0000000087500000, 0x0000000087500000, 0x0000000087600000|  0%| F|  |TAMS 0x0000000087500000| PB 0x0000000087500000| Untracked 
|  38|0x0000000087600000, 0x0000000087600000, 0x0000000087700000|  0%| F|  |TAMS 0x0000000087600000| PB 0x0000000087600000| Untracked 
|  39|0x0000000087700000, 0x0000000087700000, 0x0000000087800000|  0%| F|  |TAMS 0x0000000087700000| PB 0x0000000087700000| Untracked 
|  40|0x0000000087800000, 0x0000000087800000, 0x0000000087900000|  0%| F|  |TAMS 0x0000000087800000| PB 0x0000000087800000| Untracked 
|  41|0x0000000087900000, 0x0000000087900000, 0x0000000087a00000|  0%| F|  |TAMS 0x0000000087900000| PB 0x0000000087900000| Untracked 
|  42|0x0000000087a00000, 0x0000000087a00000, 0x0000000087b00000|  0%| F|  |TAMS 0x0000000087a00000| PB 0x0000000087a00000| Untracked 
|  43|0x0000000087b00000, 0x0000000087b00000, 0x0000000087c00000|  0%| F|  |TAMS 0x0000000087b00000| PB 0x0000000087b00000| Untracked 
|  44|0x0000000087c00000, 0x0000000087c00000, 0x0000000087d00000|  0%| F|  |TAMS 0x0000000087c00000| PB 0x0000000087c00000| Untracked 
|  45|0x0000000087d00000, 0x0000000087d00000, 0x0000000087e00000|  0%| F|  |TAMS 0x0000000087d00000| PB 0x0000000087d00000| Untracked 
|  46|0x0000000087e00000, 0x0000000087e00000, 0x0000000087f00000|  0%| F|  |TAMS 0x0000000087e00000| PB 0x0000000087e00000| Untracked 
|  47|0x0000000087f00000, 0x0000000087f00000, 0x0000000088000000|  0%| F|  |TAMS 0x0000000087f00000| PB 0x0000000087f00000| Untracked 
|  48|0x0000000088000000, 0x0000000088000000, 0x0000000088100000|  0%| F|  |TAMS 0x0000000088000000| PB 0x0000000088000000| Untracked 
|  49|0x0000000088100000, 0x0000000088100000, 0x0000000088200000|  0%| F|  |TAMS 0x0000000088100000| PB 0x0000000088100000| Untracked 
|  50|0x0000000088200000, 0x0000000088200000, 0x0000000088300000|  0%| F|  |TAMS 0x0000000088200000| PB 0x0000000088200000| Untracked 
|  51|0x0000000088300000, 0x0000000088300000, 0x0000000088400000|  0%| F|  |TAMS 0x0000000088300000| PB 0x0000000088300000| Untracked 
|  52|0x0000000088400000, 0x0000000088400000, 0x0000000088500000|  0%| F|  |TAMS 0x0000000088400000| PB 0x0000000088400000| Untracked 
|  53|0x0000000088500000, 0x0000000088500000, 0x0000000088600000|  0%| F|  |TAMS 0x0000000088500000| PB 0x0000000088500000| Untracked 
|  54|0x0000000088600000, 0x0000000088600000, 0x0000000088700000|  0%| F|  |TAMS 0x0000000088600000| PB 0x0000000088600000| Untracked 
|  55|0x0000000088700000, 0x0000000088700000, 0x0000000088800000|  0%| F|  |TAMS 0x0000000088700000| PB 0x0000000088700000| Untracked 
|  56|0x0000000088800000, 0x0000000088800000, 0x0000000088900000|  0%| F|  |TAMS 0x0000000088800000| PB 0x0000000088800000| Untracked 
|  57|0x0000000088900000, 0x0000000088900000, 0x0000000088a00000|  0%| F|  |TAMS 0x0000000088900000| PB 0x0000000088900000| Untracked 
|  58|0x0000000088a00000, 0x0000000088a00000, 0x0000000088b00000|  0%| F|  |TAMS 0x0000000088a00000| PB 0x0000000088a00000| Untracked 
|  59|0x0000000088b00000, 0x0000000088b00000, 0x0000000088c00000|  0%| F|  |TAMS 0x0000000088b00000| PB 0x0000000088b00000| Untracked 
|  60|0x0000000088c00000, 0x0000000088c00000, 0x0000000088d00000|  0%| F|  |TAMS 0x0000000088c00000| PB 0x0000000088c00000| Untracked 
|  61|0x0000000088d00000, 0x0000000088d00000, 0x0000000088e00000|  0%| F|  |TAMS 0x0000000088d00000| PB 0x0000000088d00000| Untracked 
|  62|0x0000000088e00000, 0x0000000088e00000, 0x0000000088f00000|  0%| F|  |TAMS 0x0000000088e00000| PB 0x0000000088e00000| Untracked 
|  63|0x0000000088f00000, 0x0000000088f00000, 0x0000000089000000|  0%| F|  |TAMS 0x0000000088f00000| PB 0x0000000088f00000| Untracked 
|  64|0x0000000089000000, 0x0000000089000000, 0x0000000089100000|  0%| F|  |TAMS 0x0000000089000000| PB 0x0000000089000000| Untracked 
|  65|0x0000000089100000, 0x0000000089100000, 0x0000000089200000|  0%| F|  |TAMS 0x0000000089100000| PB 0x0000000089100000| Untracked 
|  66|0x0000000089200000, 0x0000000089200000, 0x0000000089300000|  0%| F|  |TAMS 0x0000000089200000| PB 0x0000000089200000| Untracked 
|  67|0x0000000089300000, 0x0000000089300000, 0x0000000089400000|  0%| F|  |TAMS 0x0000000089300000| PB 0x0000000089300000| Untracked 
|  68|0x0000000089400000, 0x0000000089400000, 0x0000000089500000|  0%| F|  |TAMS 0x0000000089400000| PB 0x0000000089400000| Untracked 
|  69|0x0000000089500000, 0x0000000089500000, 0x0000000089600000|  0%| F|  |TAMS 0x0000000089500000| PB 0x0000000089500000| Untracked 
|  70|0x0000000089600000, 0x0000000089600000, 0x0000000089700000|  0%| F|  |TAMS 0x0000000089600000| PB 0x0000000089600000| Untracked 
|  71|0x0000000089700000, 0x0000000089700000, 0x0000000089800000|  0%| F|  |TAMS 0x0000000089700000| PB 0x0000000089700000| Untracked 
|  72|0x0000000089800000, 0x0000000089800000, 0x0000000089900000|  0%| F|  |TAMS 0x0000000089800000| PB 0x0000000089800000| Untracked 
|  73|0x0000000089900000, 0x0000000089900000, 0x0000000089a00000|  0%| F|  |TAMS 0x0000000089900000| PB 0x0000000089900000| Untracked 
|  74|0x0000000089a00000, 0x0000000089a00000, 0x0000000089b00000|  0%| F|  |TAMS 0x0000000089a00000| PB 0x0000000089a00000| Untracked 
|  75|0x0000000089b00000, 0x0000000089b00000, 0x0000000089c00000|  0%| F|  |TAMS 0x0000000089b00000| PB 0x0000000089b00000| Untracked 
|  76|0x0000000089c00000, 0x0000000089c00000, 0x0000000089d00000|  0%| F|  |TAMS 0x0000000089c00000| PB 0x0000000089c00000| Untracked 
|  77|0x0000000089d00000, 0x0000000089d00000, 0x0000000089e00000|  0%| F|  |TAMS 0x0000000089d00000| PB 0x0000000089d00000| Untracked 
|  78|0x0000000089e00000, 0x0000000089e00000, 0x0000000089f00000|  0%| F|  |TAMS 0x0000000089e00000| PB 0x0000000089e00000| Untracked 
|  79|0x0000000089f00000, 0x0000000089f00000, 0x000000008a000000|  0%| F|  |TAMS 0x0000000089f00000| PB 0x0000000089f00000| Untracked 
|  80|0x000000008a000000, 0x000000008a000000, 0x000000008a100000|  0%| F|  |TAMS 0x000000008a000000| PB 0x000000008a000000| Untracked 
|  81|0x000000008a100000, 0x000000008a100000, 0x000000008a200000|  0%| F|  |TAMS 0x000000008a100000| PB 0x000000008a100000| Untracked 
|  82|0x000000008a200000, 0x000000008a200000, 0x000000008a300000|  0%| F|  |TAMS 0x000000008a200000| PB 0x000000008a200000| Untracked 
|  83|0x000000008a300000, 0x000000008a300000, 0x000000008a400000|  0%| F|  |TAMS 0x000000008a300000| PB 0x000000008a300000| Untracked 
|  84|0x000000008a400000, 0x000000008a400000, 0x000000008a500000|  0%| F|  |TAMS 0x000000008a400000| PB 0x000000008a400000| Untracked 
|  85|0x000000008a500000, 0x000000008a500000, 0x000000008a600000|  0%| F|  |TAMS 0x000000008a500000| PB 0x000000008a500000| Untracked 
|  86|0x000000008a600000, 0x000000008a600000, 0x000000008a700000|  0%| F|  |TAMS 0x000000008a600000| PB 0x000000008a600000| Untracked 
|  87|0x000000008a700000, 0x000000008a700000, 0x000000008a800000|  0%| F|  |TAMS 0x000000008a700000| PB 0x000000008a700000| Untracked 
|  88|0x000000008a800000, 0x000000008a800000, 0x000000008a900000|  0%| F|  |TAMS 0x000000008a800000| PB 0x000000008a800000| Untracked 
|  89|0x000000008a900000, 0x000000008a900000, 0x000000008aa00000|  0%| F|  |TAMS 0x000000008a900000| PB 0x000000008a900000| Untracked 
|  90|0x000000008aa00000, 0x000000008aa00000, 0x000000008ab00000|  0%| F|  |TAMS 0x000000008aa00000| PB 0x000000008aa00000| Untracked 
|  91|0x000000008ab00000, 0x000000008ab00000, 0x000000008ac00000|  0%| F|  |TAMS 0x000000008ab00000| PB 0x000000008ab00000| Untracked 
|  92|0x000000008ac00000, 0x000000008ac00000, 0x000000008ad00000|  0%| F|  |TAMS 0x000000008ac00000| PB 0x000000008ac00000| Untracked 
|  93|0x000000008ad00000, 0x000000008ad00000, 0x000000008ae00000|  0%| F|  |TAMS 0x000000008ad00000| PB 0x000000008ad00000| Untracked 
|  94|0x000000008ae00000, 0x000000008ae00000, 0x000000008af00000|  0%| F|  |TAMS 0x000000008ae00000| PB 0x000000008ae00000| Untracked 
|  95|0x000000008af00000, 0x000000008af00000, 0x000000008b000000|  0%| F|  |TAMS 0x000000008af00000| PB 0x000000008af00000| Untracked 
|  96|0x000000008b000000, 0x000000008b000000, 0x000000008b100000|  0%| F|  |TAMS 0x000000008b000000| PB 0x000000008b000000| Untracked 
|  97|0x000000008b100000, 0x000000008b100000, 0x000000008b200000|  0%| F|  |TAMS 0x000000008b100000| PB 0x000000008b100000| Untracked 
|  98|0x000000008b200000, 0x000000008b300000, 0x000000008b300000|100%| S|CS|TAMS 0x000000008b200000| PB 0x000000008b200000| Complete 
|  99|0x000000008b300000, 0x000000008b400000, 0x000000008b400000|100%| S|CS|TAMS 0x000000008b300000| PB 0x000000008b300000| Complete 
| 100|0x000000008b400000, 0x000000008b500000, 0x000000008b500000|100%| S|CS|TAMS 0x000000008b400000| PB 0x000000008b400000| Complete 
| 101|0x000000008b500000, 0x000000008b500000, 0x000000008b600000|  0%| F|  |TAMS 0x000000008b500000| PB 0x000000008b500000| Untracked 
| 102|0x000000008b600000, 0x000000008b600000, 0x000000008b700000|  0%| F|  |TAMS 0x000000008b600000| PB 0x000000008b600000| Untracked 
| 103|0x000000008b700000, 0x000000008b700000, 0x000000008b800000|  0%| F|  |TAMS 0x000000008b700000| PB 0x000000008b700000| Untracked 
| 104|0x000000008b800000, 0x000000008b800000, 0x000000008b900000|  0%| F|  |TAMS 0x000000008b800000| PB 0x000000008b800000| Untracked 
| 105|0x000000008b900000, 0x000000008b900000, 0x000000008ba00000|  0%| F|  |TAMS 0x000000008b900000| PB 0x000000008b900000| Untracked 
| 106|0x000000008ba00000, 0x000000008ba00000, 0x000000008bb00000|  0%| F|  |TAMS 0x000000008ba00000| PB 0x000000008ba00000| Untracked 
| 107|0x000000008bb00000, 0x000000008bb00000, 0x000000008bc00000|  0%| F|  |TAMS 0x000000008bb00000| PB 0x000000008bb00000| Untracked 
| 108|0x000000008bc00000, 0x000000008bc00000, 0x000000008bd00000|  0%| F|  |TAMS 0x000000008bc00000| PB 0x000000008bc00000| Untracked 
| 109|0x000000008bd00000, 0x000000008bd00000, 0x000000008be00000|  0%| F|  |TAMS 0x000000008bd00000| PB 0x000000008bd00000| Untracked 
| 110|0x000000008be00000, 0x000000008be00000, 0x000000008bf00000|  0%| F|  |TAMS 0x000000008be00000| PB 0x000000008be00000| Untracked 
| 111|0x000000008bf00000, 0x000000008bf00000, 0x000000008c000000|  0%| F|  |TAMS 0x000000008bf00000| PB 0x000000008bf00000| Untracked 
| 112|0x000000008c000000, 0x000000008c000000, 0x000000008c100000|  0%| F|  |TAMS 0x000000008c000000| PB 0x000000008c000000| Untracked 
| 113|0x000000008c100000, 0x000000008c200000, 0x000000008c200000|100%| E|  |TAMS 0x000000008c100000| PB 0x000000008c100000| Complete 
| 114|0x000000008c200000, 0x000000008c300000, 0x000000008c300000|100%| E|CS|TAMS 0x000000008c200000| PB 0x000000008c200000| Complete 
| 115|0x000000008c300000, 0x000000008c400000, 0x000000008c400000|100%| E|CS|TAMS 0x000000008c300000| PB 0x000000008c300000| Complete 
| 116|0x000000008c400000, 0x000000008c500000, 0x000000008c500000|100%| E|  |TAMS 0x000000008c400000| PB 0x000000008c400000| Complete 
| 117|0x000000008c500000, 0x000000008c600000, 0x000000008c600000|100%| E|CS|TAMS 0x000000008c500000| PB 0x000000008c500000| Complete 
| 118|0x000000008c600000, 0x000000008c700000, 0x000000008c700000|100%| E|CS|TAMS 0x000000008c600000| PB 0x000000008c600000| Complete 
| 119|0x000000008c700000, 0x000000008c800000, 0x000000008c800000|100%| E|CS|TAMS 0x000000008c700000| PB 0x000000008c700000| Complete 
| 120|0x000000008c800000, 0x000000008c900000, 0x000000008c900000|100%| E|CS|TAMS 0x000000008c800000| PB 0x000000008c800000| Complete 
| 121|0x000000008c900000, 0x000000008ca00000, 0x000000008ca00000|100%| E|CS|TAMS 0x000000008c900000| PB 0x000000008c900000| Complete 
| 122|0x000000008ca00000, 0x000000008cb00000, 0x000000008cb00000|100%| E|CS|TAMS 0x000000008ca00000| PB 0x000000008ca00000| Complete 
| 123|0x000000008cb00000, 0x000000008cc00000, 0x000000008cc00000|100%| E|CS|TAMS 0x000000008cb00000| PB 0x000000008cb00000| Complete 

Card table byte_map: [0x000001c8f79c0000,0x000001c8f7da0000] _byte_map_base: 0x000001c8f7598000

Marking Bits: (CMBitMap*) 0x000001c8ddf4e630
 Bits: [0x000001c8f7da0000, 0x000001c8f9c60000)

Polling page: 0x000001c8ddfb0000

Metaspace:

Usage:
  Non-class:      8.89 MB used.
      Class:    811.39 KB used.
       Both:      9.68 MB used.

Virtual space:
  Non-class space:       64.00 MB reserved,       9.00 MB ( 14%) committed,  1 nodes.
      Class space:        1.00 GB reserved,     896.00 KB ( <1%) committed,  1 nodes.
             Both:        1.06 GB reserved,       9.88 MB ( <1%) committed. 

Chunk freelists:
   Non-Class:  5.61 MB
       Class:  15.12 MB
        Both:  20.73 MB

MaxMetaspaceSize: unlimited
CompressedClassSpaceSize: 1.00 GB
Initial GC threshold: 21.00 MB
Current GC threshold: 21.00 MB
CDS: on
 - commit_granule_bytes: 65536.
 - commit_granule_words: 8192.
 - virtual_space_node_default_size: 8388608.
 - enlarge_chunks_in_place: 1.
 - use_allocation_guard: 0.


Internal statistics:

num_allocs_failed_limit: 0.
num_arena_births: 156.
num_arena_deaths: 0.
num_vsnodes_births: 2.
num_vsnodes_deaths: 0.
num_space_committed: 156.
num_space_uncommitted: 0.
num_chunks_returned_to_freelist: 0.
num_chunks_taken_from_freelist: 448.
num_chunk_merges: 0.
num_chunk_splits: 318.
num_chunks_enlarged: 237.
num_inconsistent_stats: 0.

CodeHeap 'non-profiled nmethods': size=120000Kb used=880Kb max_used=880Kb free=119119Kb
 bounds [0x000001c8ef650000, 0x000001c8ef8c0000, 0x000001c8f6b80000]
CodeHeap 'profiled nmethods': size=120000Kb used=3544Kb max_used=3544Kb free=116455Kb
 bounds [0x000001c8e7b80000, 0x000001c8e7f00000, 0x000001c8ef0b0000]
CodeHeap 'non-nmethods': size=5760Kb used=2578Kb max_used=2584Kb free=3181Kb
 bounds [0x000001c8ef0b0000, 0x000001c8ef340000, 0x000001c8ef650000]
 total_blobs=3028 nmethods=1852 adapters=1081
 compilation: enabled
              stopped_count=0, restarted_count=0
 full_count=0

Compilation events (20 events):
Event: 6.362 Thread 0x000001c8fc724be0 1845       3       jdk.internal.misc.Unsafe::getAndAddLong (27 bytes)
Event: 6.362 Thread 0x000001c8fc724be0 nmethod 1845 0x000001c8e7ef3a90 code [0x000001c8e7ef3c40, 0x000001c8e7ef3e80]
Event: 6.362 Thread 0x000001c8fc724be0 1846       3       jdk.internal.misc.Unsafe::weakCompareAndSetLong (11 bytes)
Event: 6.362 Thread 0x000001c8fc724be0 nmethod 1846 0x000001c8e7ef3f90 code [0x000001c8e7ef4120, 0x000001c8e7ef4248]
Event: 6.364 Thread 0x000001c8fc716310 nmethod 1841 0x000001c8ef723a10 code [0x000001c8ef723be0, 0x000001c8ef723f70]
Event: 6.397 Thread 0x000001c8fd437420 nmethod 1828 0x000001c8ef724410 code [0x000001c8ef7248e0, 0x000001c8ef728da0]
Event: 6.545 Thread 0x000001c8fc724be0 1847       3       jdk.internal.misc.Unsafe::getInt (7 bytes)
Event: 6.545 Thread 0x000001c8fc724be0 nmethod 1847 0x000001c8e7ef4310 code [0x000001c8e7ef44a0, 0x000001c8e7ef45b8]
Event: 6.680 Thread 0x000001c8fc724be0 1848   !   3       java.io.FileInputStream::read (30 bytes)
Event: 6.680 Thread 0x000001c8fc724be0 nmethod 1848 0x000001c8e7ef4690 code [0x000001c8e7ef4860, 0x000001c8e7ef4a88]
Event: 6.774 Thread 0x000001c8fc724be0 1849       3       com.badlogic.gdx.math.Vector2::<init> (5 bytes)
Event: 6.774 Thread 0x000001c8fc716310 1850       4       com.badlogic.gdx.utils.Array::add (48 bytes)
Event: 6.775 Thread 0x000001c8fc724be0 nmethod 1849 0x000001c8e7ef4c10 code [0x000001c8e7ef4da0, 0x000001c8e7ef4f08]
Event: 6.780 Thread 0x000001c8fc716310 nmethod 1850 0x000001c8ef72b410 code [0x000001c8ef72b5e0, 0x000001c8ef72b870]
Event: 6.780 Thread 0x000001c8fc724be0 1852       3       jdk.internal.loader.NativeLibraries::find (70 bytes)
Event: 6.781 Thread 0x000001c8fc724be0 nmethod 1852 0x000001c8e7ef5010 code [0x000001c8e7ef5240, 0x000001c8e7ef5a68]
Event: 6.781 Thread 0x000001c8fc724be0 1851       3       java.lang.ClassLoader::findNative (21 bytes)
Event: 6.782 Thread 0x000001c8fc724be0 nmethod 1851 0x000001c8e7ef5d10 code [0x000001c8e7ef5ee0, 0x000001c8e7ef60f0]
Event: 6.801 Thread 0x000001c8fc716310 1853       4       com.badlogic.gdx.utils.Array::add (48 bytes)
Event: 6.802 Thread 0x000001c8fc716310 nmethod 1853 0x000001c8ef72ba10 code [0x000001c8ef72bbe0, 0x000001c8ef72bf38]

GC Heap History (2 events):
Event: 2.594 GC heap before
{Heap before GC invocations=0 (full 0):
 garbage-first heap   total 126976K, used 22528K [0x0000000085000000, 0x0000000100000000)
  region size 1024K, 23 young (23552K), 0 survivors (0K)
 Metaspace       used 8372K, committed 8576K, reserved 1114112K
  class space    used 653K, committed 768K, reserved 1048576K
}
Event: 2.600 GC heap after
{Heap after GC invocations=1 (full 0):
 garbage-first heap   total 126976K, used 3072K [0x0000000085000000, 0x0000000100000000)
  region size 1024K, 3 young (3072K), 3 survivors (3072K)
 Metaspace       used 8372K, committed 8576K, reserved 1114112K
  class space    used 653K, committed 768K, reserved 1048576K
}

Dll operation events (11 events):
Event: 0.009 Loaded shared library C:\Program Files\Java\jdk-21\bin\java.dll
Event: 0.040 Loaded shared library C:\Program Files\Java\jdk-21\bin\jsvml.dll
Event: 0.087 Loaded shared library C:\Program Files\Java\jdk-21\bin\net.dll
Event: 0.088 Loaded shared library C:\Program Files\Java\jdk-21\bin\nio.dll
Event: 0.091 Loaded shared library C:\Program Files\Java\jdk-21\bin\zip.dll
Event: 0.169 Loaded shared library C:\Program Files\Java\jdk-21\bin\jimage.dll
Event: 0.177 Loaded shared library C:\ProgramData\libGDX-temp\libgdxkhale\8d3b5089\gdx64.dll
Event: 0.234 Loaded shared library C:\ProgramData\libGDX-temp\lwjgl_khale\3.3.4+7\x64\lwjgl.dll
Event: 0.969 Loaded shared library C:\ProgramData\libGDX-temp\lwjgl_khale\3.3.4+7\x64\lwjgl_opengl.dll
Event: 1.385 Loaded shared library C:\ProgramData\libGDX-temp\libgdxkhale\5c4d431d\gdx-freetype64.dll
Event: 6.771 Loaded shared library C:\ProgramData\libGDX-temp\libgdxkhale\4ca5c0bf\gdx-box2d64.dll

Deoptimization events (20 events):
Event: 6.279 Thread 0x000001c8ddefb180 DEOPT PACKING pc=0x000001c8ef6f6160 sp=0x00000074441febc0
Event: 6.279 Thread 0x000001c8ddefb180 DEOPT UNPACKING pc=0x000001c8ef107da2 sp=0x00000074441feb58 mode 2
Event: 6.319 Thread 0x000001c8ddefb180 DEOPT PACKING pc=0x000001c8e7eccefe sp=0x00000074441fe8f0
Event: 6.319 Thread 0x000001c8ddefb180 DEOPT UNPACKING pc=0x000001c8ef1088e2 sp=0x00000074441fdeb8 mode 0
Event: 6.785 Thread 0x000001c8ddefb180 Uncommon trap: trap_request=0xffffffd6 fr.pc=0x000001c8ef72b7b4 relative=0x00000000000001d4
Event: 6.785 Thread 0x000001c8ddefb180 Uncommon trap: reason=array_check action=maybe_recompile pc=0x000001c8ef72b7b4 method=com.badlogic.gdx.utils.Array.add(Ljava/lang/Object;)V @ 46 c2
Event: 6.785 Thread 0x000001c8ddefb180 DEOPT PACKING pc=0x000001c8ef72b7b4 sp=0x00000074441fefb0
Event: 6.785 Thread 0x000001c8ddefb180 DEOPT UNPACKING pc=0x000001c8ef107da2 sp=0x00000074441fef58 mode 2
Event: 6.785 Thread 0x000001c8ddefb180 Uncommon trap: trap_request=0xffffffd6 fr.pc=0x000001c8ef72b7b4 relative=0x00000000000001d4
Event: 6.785 Thread 0x000001c8ddefb180 Uncommon trap: reason=array_check action=maybe_recompile pc=0x000001c8ef72b7b4 method=com.badlogic.gdx.utils.Array.add(Ljava/lang/Object;)V @ 46 c2
Event: 6.785 Thread 0x000001c8ddefb180 DEOPT PACKING pc=0x000001c8ef72b7b4 sp=0x00000074441fefb0
Event: 6.785 Thread 0x000001c8ddefb180 DEOPT UNPACKING pc=0x000001c8ef107da2 sp=0x00000074441fef58 mode 2
Event: 6.785 Thread 0x000001c8ddefb180 Uncommon trap: trap_request=0xffffffd6 fr.pc=0x000001c8ef72b7b4 relative=0x00000000000001d4
Event: 6.785 Thread 0x000001c8ddefb180 Uncommon trap: reason=array_check action=maybe_recompile pc=0x000001c8ef72b7b4 method=com.badlogic.gdx.utils.Array.add(Ljava/lang/Object;)V @ 46 c2
Event: 6.785 Thread 0x000001c8ddefb180 DEOPT PACKING pc=0x000001c8ef72b7b4 sp=0x00000074441fefb0
Event: 6.785 Thread 0x000001c8ddefb180 DEOPT UNPACKING pc=0x000001c8ef107da2 sp=0x00000074441fef58 mode 2
Event: 6.785 Thread 0x000001c8ddefb180 Uncommon trap: trap_request=0xffffffd6 fr.pc=0x000001c8ef72b7b4 relative=0x00000000000001d4
Event: 6.785 Thread 0x000001c8ddefb180 Uncommon trap: reason=array_check action=maybe_recompile pc=0x000001c8ef72b7b4 method=com.badlogic.gdx.utils.Array.add(Ljava/lang/Object;)V @ 46 c2
Event: 6.785 Thread 0x000001c8ddefb180 DEOPT PACKING pc=0x000001c8ef72b7b4 sp=0x00000074441fefb0
Event: 6.785 Thread 0x000001c8ddefb180 DEOPT UNPACKING pc=0x000001c8ef107da2 sp=0x00000074441fef58 mode 2

Classes loaded (20 events):
Event: 2.745 Loading class sun/reflect/generics/repository/ClassRepository
Event: 2.745 Loading class sun/reflect/generics/repository/GenericDeclRepository
Event: 2.745 Loading class sun/reflect/generics/repository/GenericDeclRepository done
Event: 2.745 Loading class sun/reflect/generics/repository/ClassRepository done
Event: 2.746 Loading class java/lang/reflect/TypeVariable
Event: 2.746 Loading class java/lang/reflect/TypeVariable done
Event: 2.746 Loading class sun/reflect/generics/tree/FormalTypeParameter
Event: 2.746 Loading class sun/reflect/generics/tree/FormalTypeParameter done
Event: 2.746 Loading class sun/reflect/generics/tree/ClassSignature
Event: 2.746 Loading class sun/reflect/generics/tree/Signature
Event: 2.746 Loading class sun/reflect/generics/tree/Signature done
Event: 2.746 Loading class sun/reflect/generics/tree/ClassSignature done
Event: 2.746 Loading class sun/reflect/generics/reflectiveObjects/TypeVariableImpl
Event: 2.746 Loading class sun/reflect/generics/reflectiveObjects/LazyReflectiveObjectGenerator
Event: 2.746 Loading class sun/reflect/generics/reflectiveObjects/LazyReflectiveObjectGenerator done
Event: 2.746 Loading class sun/reflect/generics/reflectiveObjects/TypeVariableImpl done
Event: 2.746 Loading class sun/reflect/generics/tree/TypeVariableSignature
Event: 2.746 Loading class sun/reflect/generics/tree/TypeVariableSignature done
Event: 3.835 Loading class java/util/zip/GZIPInputStream
Event: 3.836 Loading class java/util/zip/GZIPInputStream done

Classes unloaded (0 events):
No events

Classes redefined (0 events):
No events

Internal exceptions (20 events):
Event: 0.344 Thread 0x000001c8ddefb180 Exception <a 'java/lang/NoSuchMethodError'{0x000000008c34a210}: 'int java.lang.invoke.Invokers$Holder.invokeExact_MT(java.lang.Object, java.lang.Object)'> (0x000000008c34a210) 
thrown [s\open\src\hotspot\share\interpreter\linkResolver.cpp, line 773]
Event: 0.392 Thread 0x000001c8ddefb180 Exception <a 'sun/nio/fs/WindowsException'{0x000000008c20fda0}> (0x000000008c20fda0) 
thrown [s\open\src\hotspot\share\prims\jni.cpp, line 520]
Event: 0.392 Thread 0x000001c8ddefb180 Exception <a 'sun/nio/fs/WindowsException'{0x000000008c2100f0}> (0x000000008c2100f0) 
thrown [s\open\src\hotspot\share\prims\jni.cpp, line 520]
Event: 0.852 Thread 0x000001c8ddefb180 Exception <a 'java/lang/NoSuchMethodError'{0x000000008c24fff0}: 'java.lang.Object java.lang.invoke.DirectMethodHandle$Holder.newInvokeSpecial(java.lang.Object, long)'> (0x000000008c24fff0) 
thrown [s\open\src\hotspot\share\interpreter\linkResolver.cpp, line 773]
Event: 0.959 Thread 0x000001c8ddefb180 Exception <a 'java/lang/NoSuchMethodError'{0x000000008c06b888}: 'void java.lang.invoke.DirectMethodHandle$Holder.invokeStatic(java.lang.Object, long)'> (0x000000008c06b888) 
thrown [s\open\src\hotspot\share\interpreter\linkResolver.cpp, line 773]
Event: 0.964 Thread 0x000001c8ddefb180 Exception <a 'java/lang/NoSuchMethodError'{0x000000008c08a048}: 'void java.lang.System.load(java.lang.String, java.lang.Class)'> (0x000000008c08a048) 
thrown [s\open\src\hotspot\share\interpreter\linkResolver.cpp, line 773]
Event: 0.965 Thread 0x000001c8ddefb180 Exception <a 'java/lang/NoSuchMethodError'{0x000000008c08ca08}: 'void java.lang.System.loadLibrary(java.lang.String, java.lang.Class)'> (0x000000008c08ca08) 
thrown [s\open\src\hotspot\share\interpreter\linkResolver.cpp, line 773]
Event: 0.968 Thread 0x000001c8ddefb180 Exception <a 'sun/nio/fs/WindowsException'{0x000000008c09c298}> (0x000000008c09c298) 
thrown [s\open\src\hotspot\share\prims\jni.cpp, line 520]
Event: 0.968 Thread 0x000001c8ddefb180 Exception <a 'sun/nio/fs/WindowsException'{0x000000008c09c610}> (0x000000008c09c610) 
thrown [s\open\src\hotspot\share\prims\jni.cpp, line 520]
Event: 0.971 Thread 0x000001c8ddefb180 Exception <a 'sun/nio/fs/WindowsException'{0x000000008c0a60c8}> (0x000000008c0a60c8) 
thrown [s\open\src\hotspot\share\prims\jni.cpp, line 520]
Event: 0.971 Thread 0x000001c8ddefb180 Exception <a 'sun/nio/fs/WindowsException'{0x000000008c0a6378}> (0x000000008c0a6378) 
thrown [s\open\src\hotspot\share\prims\jni.cpp, line 520]
Event: 1.387 Thread 0x000001c8ddefb180 Exception <a 'java/io/FileNotFoundException'{0x000000008b83f0b8}> (0x000000008b83f0b8) 
thrown [s\open\src\hotspot\share\prims\jni.cpp, line 520]
Event: 2.592 Thread 0x000001c8ddefb180 Exception <a 'java/lang/NoSuchMethodError'{0x000000008b5ebfe8}: 'void java.lang.invoke.Invokers$Holder.invokeExact_MT(java.lang.Object, java.lang.Object, java.lang.Object, java.lang.Object)'> (0x000000008b5ebfe8) 
thrown [s\open\src\hotspot\share\interpreter\linkResolver.cpp, line 773]
Event: 2.611 Thread 0x000001c8ddefb180 Exception <a 'java/io/FileNotFoundException'{0x000000008cb70a10}> (0x000000008cb70a10) 
thrown [s\open\src\hotspot\share\prims\jni.cpp, line 520]
Event: 2.664 Thread 0x000001c8ddefb180 Exception <a 'java/io/FileNotFoundException'{0x000000008cbda350}> (0x000000008cbda350) 
thrown [s\open\src\hotspot\share\prims\jni.cpp, line 520]
Event: 2.694 Thread 0x000001c8ddefb180 Exception <a 'java/io/FileNotFoundException'{0x000000008ca084b8}> (0x000000008ca084b8) 
thrown [s\open\src\hotspot\share\prims\jni.cpp, line 520]
Event: 2.719 Thread 0x000001c8ddefb180 Exception <a 'java/io/FileNotFoundException'{0x000000008ca33ba0}> (0x000000008ca33ba0) 
thrown [s\open\src\hotspot\share\prims\jni.cpp, line 520]
Event: 2.747 Thread 0x000001c8ddefb180 Exception <a 'java/lang/NoSuchMethodError'{0x000000008caa9970}: 'void java.lang.invoke.DelegatingMethodHandle$Holder.reinvoke_L(java.lang.Object, java.lang.Object, int)'> (0x000000008caa9970) 
thrown [s\open\src\hotspot\share\interpreter\linkResolver.cpp, line 773]
Event: 2.747 Thread 0x000001c8ddefb180 Exception <a 'java/lang/NoSuchMethodError'{0x000000008cab01d0}: 'void java.lang.invoke.Invokers$Holder.invokeExact_MT(java.lang.Object, java.lang.Object, int, java.lang.Object)'> (0x000000008cab01d0) 
thrown [s\open\src\hotspot\share\interpreter\linkResolver.cpp, line 773]
Event: 5.546 Thread 0x000001c8ddefb180 Exception <a 'java/io/FileNotFoundException'{0x000000008c5ffc08}> (0x000000008c5ffc08) 
thrown [s\open\src\hotspot\share\prims\jni.cpp, line 520]

ZGC Phase Switch (0 events):
No events

VM Operations (20 events):
Event: 1.398 Executing VM operation: HandshakeAllThreads (Deoptimize)
Event: 1.398 Executing VM operation: HandshakeAllThreads (Deoptimize) done
Event: 2.410 Executing VM operation: Cleanup
Event: 2.410 Executing VM operation: Cleanup done
Event: 2.532 Executing VM operation: HandshakeAllThreads (Deoptimize)
Event: 2.532 Executing VM operation: HandshakeAllThreads (Deoptimize) done
Event: 2.594 Executing VM operation: G1CollectForAllocation (G1 Evacuation Pause)
Event: 2.601 Executing VM operation: G1CollectForAllocation (G1 Evacuation Pause) done
Event: 3.601 Executing VM operation: Cleanup
Event: 3.601 Executing VM operation: Cleanup done
Event: 4.602 Executing VM operation: Cleanup
Event: 4.602 Executing VM operation: Cleanup done
Event: 5.602 Executing VM operation: Cleanup
Event: 5.602 Executing VM operation: Cleanup done
Event: 5.694 Executing VM operation: HandshakeAllThreads (Deoptimize)
Event: 5.694 Executing VM operation: HandshakeAllThreads (Deoptimize) done
Event: 5.726 Executing VM operation: HandshakeAllThreads (Deoptimize)
Event: 5.726 Executing VM operation: HandshakeAllThreads (Deoptimize) done
Event: 6.727 Executing VM operation: Cleanup
Event: 6.727 Executing VM operation: Cleanup done

Events (16 events):
Event: 0.026 Thread 0x000001c8ddefb180 Thread added: 0x000001c8ddefb180
Event: 0.038 Thread 0x000001c8fc708e90 Thread added: 0x000001c8fc708e90
Event: 0.038 Thread 0x000001c8fc7098e0 Thread added: 0x000001c8fc7098e0
Event: 0.038 Thread 0x000001c8fc70bd10 Thread added: 0x000001c8fc70bd10
Event: 0.038 Thread 0x000001c8fc70df10 Thread added: 0x000001c8fc70df10
Event: 0.038 Thread 0x000001c8fc70f500 Thread added: 0x000001c8fc70f500
Event: 0.038 Thread 0x000001c8fc711d40 Thread added: 0x000001c8fc711d40
Event: 0.038 Thread 0x000001c8fc716310 Thread added: 0x000001c8fc716310
Event: 0.038 Thread 0x000001c8fc724be0 Thread added: 0x000001c8fc724be0
Event: 0.081 Thread 0x000001c8fc9e2310 Thread added: 0x000001c8fc9e2310
Event: 0.083 Thread 0x000001c8fc9fd640 Thread added: 0x000001c8fc9fd640
Event: 0.864 Thread 0x000001c8fd44cf20 Thread added: 0x000001c8fd44cf20
Event: 1.287 Thread 0x000001c8c599c1c0 Thread added: 0x000001c8c599c1c0
Event: 1.528 Thread 0x000001c8c56e9300 Thread added: 0x000001c8c56e9300
Event: 6.280 Thread 0x000001c8fd437420 Thread added: 0x000001c8fd437420
Event: 6.545 Thread 0x000001c8fd437420 Thread exited: 0x000001c8fd437420


Dynamic libraries:
0x00007ff666330000 - 0x00007ff666340000 	C:\Program Files\Java\jdk-21\bin\java.exe
0x00007fffd3c70000 - 0x00007fffd3e87000 	C:\WINDOWS\SYSTEM32\ntdll.dll
0x00007fffd21f0000 - 0x00007fffd22b4000 	C:\WINDOWS\System32\KERNEL32.DLL
0x00007fffd0ff0000 - 0x00007fffd13aa000 	C:\WINDOWS\System32\KERNELBASE.dll
0x00007fffd1430000 - 0x00007fffd1541000 	C:\WINDOWS\System32\ucrtbase.dll
0x00007fffc7b10000 - 0x00007fffc7b29000 	C:\Program Files\Java\jdk-21\bin\jli.dll
0x00007fffd2b50000 - 0x00007fffd2c02000 	C:\WINDOWS\System32\ADVAPI32.dll
0x00007fffd1e00000 - 0x00007fffd1ea7000 	C:\WINDOWS\System32\msvcrt.dll
0x00007fffd1960000 - 0x00007fffd1a07000 	C:\WINDOWS\System32\sechost.dll
0x00007fffd16f0000 - 0x00007fffd1718000 	C:\WINDOWS\System32\bcrypt.dll
0x00007fffd2c10000 - 0x00007fffd2d24000 	C:\WINDOWS\System32\RPCRT4.dll
0x00007fffd1c30000 - 0x00007fffd1dde000 	C:\WINDOWS\System32\USER32.dll
0x00007fffd1890000 - 0x00007fffd18b6000 	C:\WINDOWS\System32\win32u.dll
0x00007fffc9850000 - 0x00007fffc986b000 	C:\Program Files\Java\jdk-21\bin\VCRUNTIME140.dll
0x00007fffd21c0000 - 0x00007fffd21e9000 	C:\WINDOWS\System32\GDI32.dll
0x00007fffd1550000 - 0x00007fffd166b000 	C:\WINDOWS\System32\gdi32full.dll
0x00007fffd18c0000 - 0x00007fffd195a000 	C:\WINDOWS\System32\msvcp_win.dll
0x00007fffc1dc0000 - 0x00007fffc2052000 	C:\WINDOWS\WinSxS\amd64_microsoft.windows.common-controls_6595b64144ccf1df_6.0.22621.4541_none_2710d1c57384c085\COMCTL32.dll
0x00007fffc9130000 - 0x00007fffc913a000 	C:\WINDOWS\SYSTEM32\VERSION.dll
0x00007fffd1bf0000 - 0x00007fffd1c21000 	C:\WINDOWS\System32\IMM32.DLL
0x00007fffcd2c0000 - 0x00007fffcd2cc000 	C:\Program Files\Java\jdk-21\bin\vcruntime140_1.dll
0x00007fffc7a80000 - 0x00007fffc7b0e000 	C:\Program Files\Java\jdk-21\bin\msvcp140.dll
0x00007fff82ac0000 - 0x00007fff837d8000 	C:\Program Files\Java\jdk-21\bin\server\jvm.dll
0x00007fffd1f00000 - 0x00007fffd1f71000 	C:\WINDOWS\System32\WS2_32.dll
0x00007fffd0710000 - 0x00007fffd075d000 	C:\WINDOWS\SYSTEM32\POWRPROF.dll
0x00007fffcc5f0000 - 0x00007fffcc624000 	C:\WINDOWS\SYSTEM32\WINMM.dll
0x00007fffd06d0000 - 0x00007fffd06e3000 	C:\WINDOWS\SYSTEM32\UMPDC.dll
0x00007fffcff30000 - 0x00007fffcff48000 	C:\WINDOWS\SYSTEM32\kernel.appcore.dll
0x00007fffc9dd0000 - 0x00007fffc9dda000 	C:\Program Files\Java\jdk-21\bin\jimage.dll
0x00007fffce720000 - 0x00007fffce952000 	C:\WINDOWS\SYSTEM32\DBGHELP.DLL
0x00007fffd3890000 - 0x00007fffd3c21000 	C:\WINDOWS\System32\combase.dll
0x00007fffd2e90000 - 0x00007fffd2f67000 	C:\WINDOWS\System32\OLEAUT32.dll
0x00007fffc9520000 - 0x00007fffc9552000 	C:\WINDOWS\SYSTEM32\dbgcore.DLL
0x00007fffd1670000 - 0x00007fffd16eb000 	C:\WINDOWS\System32\bcryptPrimitives.dll
0x00007fffc7a60000 - 0x00007fffc7a7f000 	C:\Program Files\Java\jdk-21\bin\java.dll
0x00007fffd22c0000 - 0x00007fffd2b39000 	C:\WINDOWS\System32\SHELL32.dll
0x00007fffcee20000 - 0x00007fffcf729000 	C:\WINDOWS\SYSTEM32\windows.storage.dll
0x00007fffcece0000 - 0x00007fffcee1f000 	C:\WINDOWS\SYSTEM32\wintypes.dll
0x00007fffd20c0000 - 0x00007fffd21ba000 	C:\WINDOWS\System32\SHCORE.dll
0x00007fffd2d30000 - 0x00007fffd2d8e000 	C:\WINDOWS\System32\shlwapi.dll
0x00007fffd0e60000 - 0x00007fffd0e8b000 	C:\WINDOWS\SYSTEM32\profapi.dll
0x00007fffafee0000 - 0x00007fffaffb7000 	C:\Program Files\Java\jdk-21\bin\jsvml.dll
0x00007fffc9120000 - 0x00007fffc9130000 	C:\Program Files\Java\jdk-21\bin\net.dll
0x00007fffcd740000 - 0x00007fffcd876000 	C:\WINDOWS\SYSTEM32\WINHTTP.dll
0x00007fffd0420000 - 0x00007fffd0489000 	C:\WINDOWS\system32\mswsock.dll
0x00007fffc7a20000 - 0x00007fffc7a36000 	C:\Program Files\Java\jdk-21\bin\nio.dll
0x00007fffc7a40000 - 0x00007fffc7a58000 	C:\Program Files\Java\jdk-21\bin\zip.dll
0x000000006e700000 - 0x000000006e72d000 	C:\ProgramData\libGDX-temp\libgdxkhale\8d3b5089\gdx64.dll
0x00007fffa7410000 - 0x00007fffa748b000 	C:\ProgramData\libGDX-temp\lwjgl_khale\3.3.4+7\x64\lwjgl.dll
0x00007fff82020000 - 0x00007fff82291000 	C:\ProgramData\libGDX-temp\lwjgl_khale\3.3.4+7\x64\jemalloc.dll
0x00007fffa7010000 - 0x00007fffa7095000 	C:\ProgramData\libGDX-temp\lwjgl_khale\3.3.4+7\x64\glfw.dll
0x00007fffafae0000 - 0x00007fffafb26000 	C:\WINDOWS\SYSTEM32\dinput8.dll
0x00007fffb3580000 - 0x00007fffb3591000 	C:\WINDOWS\SYSTEM32\xinput1_4.dll
0x00007fffd0c20000 - 0x00007fffd0c6e000 	C:\WINDOWS\SYSTEM32\cfgmgr32.dll
0x00007fffd0bf0000 - 0x00007fffd0c1c000 	C:\WINDOWS\SYSTEM32\DEVOBJ.dll
0x00007fffce1b0000 - 0x00007fffce1db000 	C:\WINDOWS\SYSTEM32\dwmapi.dll
0x00007fffb0410000 - 0x00007fffb0624000 	C:\WINDOWS\SYSTEM32\inputhost.dll
0x00007fffcba00000 - 0x00007fffcbb33000 	C:\WINDOWS\SYSTEM32\CoreMessaging.dll
0x00007fffcdf10000 - 0x00007fffcdfc1000 	C:\WINDOWS\system32\uxtheme.dll
0x00007fffd3230000 - 0x00007fffd3391000 	C:\WINDOWS\System32\MSCTF.dll
0x00007fffd0650000 - 0x00007fffd065c000 	C:\WINDOWS\SYSTEM32\CRYPTBASE.DLL
0x00007fff9e180000 - 0x00007fff9e35d000 	C:\ProgramData\libGDX-temp\lwjgl_khale\3.3.4+7\x64\OpenAL.dll
0x00007fffd3080000 - 0x00007fffd3225000 	C:\WINDOWS\System32\ole32.dll
0x00007fffd2fd0000 - 0x00007fffd3080000 	C:\WINDOWS\System32\clbcatq.dll
0x00007fffc6af0000 - 0x00007fffc6b8e000 	C:\WINDOWS\System32\MMDevApi.dll
0x00007fffb6660000 - 0x00007fffb684e000 	C:\WINDOWS\SYSTEM32\AUDIOSES.DLL
0x00007fffce4d0000 - 0x00007fffce4e5000 	C:\WINDOWS\SYSTEM32\resourcepolicyclient.dll
0x00007fff70e20000 - 0x00007fff70f20000 	C:\WINDOWS\SYSTEM32\opengl32.dll
0x00007fffbac00000 - 0x00007fffbac2d000 	C:\WINDOWS\SYSTEM32\GLU32.dll
0x00007fffce040000 - 0x00007fffce077000 	C:\WINDOWS\SYSTEM32\dxcore.dll
0x00007fffc9160000 - 0x00007fffc91a9000 	C:\WINDOWS\SYSTEM32\directxdatabasehelper.dll
0x00007fffc7680000 - 0x00007fffc77c4000 	C:\Windows\System32\AppXDeploymentClient.dll
0x00007fff645d0000 - 0x00007fff65657000 	C:\WINDOWS\System32\DriverStore\FileRepository\iigd_dch.inf_amd64_57ce179e0ee5edd3\igxelpicd64.dll
0x00007fffce080000 - 0x00007fffce177000 	C:\WINDOWS\system32\dxgi.dll
0x00007fffa6b80000 - 0x00007fffa6cbc000 	C:\WINDOWS\System32\DriverStore\FileRepository\iigd_dch.inf_amd64_57ce179e0ee5edd3\igdml64.dll
0x00007fffc1710000 - 0x00007fffc1b19000 	C:\WINDOWS\System32\DriverStore\FileRepository\iigd_dch.inf_amd64_57ce179e0ee5edd3\igdgmm64.dll
0x00007fffd13b0000 - 0x00007fffd1422000 	C:\WINDOWS\System32\WINTRUST.dll
0x00007fffd1720000 - 0x00007fffd1886000 	C:\WINDOWS\System32\CRYPT32.dll
0x00007fffd06f0000 - 0x00007fffd0702000 	C:\WINDOWS\SYSTEM32\MSASN1.dll
0x00007fffbd080000 - 0x00007fffc1704000 	C:\WINDOWS\System32\DriverStore\FileRepository\iigd_dch.inf_amd64_57ce179e0ee5edd3\igc64.dll
0x00007fffcd430000 - 0x00007fffcd4ec000 	C:\WINDOWS\SYSTEM32\mscms.dll
0x00007fffa8040000 - 0x00007fffa8089000 	C:\WINDOWS\SYSTEM32\icm32.dll
0x00007fffa6f30000 - 0x00007fffa6f91000 	C:\ProgramData\libGDX-temp\lwjgl_khale\3.3.4+7\x64\lwjgl_opengl.dll
0x00007fffb02a0000 - 0x00007fffb03e5000 	C:\WINDOWS\SYSTEM32\textinputframework.dll
0x00007fffb7b60000 - 0x00007fffb7bc9000 	C:\WINDOWS\system32\Oleacc.dll
0x000000006a340000 - 0x000000006a3f4000 	C:\ProgramData\libGDX-temp\libgdxkhale\5c4d431d\gdx-freetype64.dll
0x00007fffb0250000 - 0x00007fffb029b000 	C:\WINDOWS\system32\ApplicationTargetedFeatureDatabase.dll
0x00007fffc9a60000 - 0x00007fffc9d04000 	C:\Windows\System32\twinapi.appcore.dll
0x0000000066b00000 - 0x0000000066b5a000 	C:\ProgramData\libGDX-temp\libgdxkhale\4ca5c0bf\gdx-box2d64.dll

dbghelp: loaded successfully - version: 4.0.5 - missing functions: none
symbol engine: initialized successfully - sym options: 0x614 - pdb path: .;C:\Program Files\Java\jdk-21\bin;C:\WINDOWS\SYSTEM32;C:\WINDOWS\WinSxS\amd64_microsoft.windows.common-controls_6595b64144ccf1df_6.0.22621.4541_none_2710d1c57384c085;C:\Program Files\Java\jdk-21\bin\server;C:\ProgramData\libGDX-temp\libgdxkhale\8d3b5089;C:\ProgramData\libGDX-temp\lwjgl_khale\3.3.4+7\x64;C:\WINDOWS\System32\DriverStore\FileRepository\iigd_dch.inf_amd64_57ce179e0ee5edd3;C:\ProgramData\libGDX-temp\libgdxkhale\5c4d431d;C:\ProgramData\libGDX-temp\libgdxkhale\4ca5c0bf

VM Arguments:
jvm_args: -Dfile.encoding=UTF-8 -Duser.country=DE -Duser.language=de -Duser.variant 
java_command: braid.main.lwjgl3.Lwjgl3Launcher
java_class_path (initial): C:\Users\khale\Desktop\braid\lwjgl3\build\classes\java\main;C:\Users\khale\Desktop\braid\lwjgl3\build\resources\main;C:\Users\khale\.gradle\caches\modules-2\files-2.1\com.badlogicgames.gdx-controllers\gdx-controllers-desktop\2.2.3\f496535b094461487a71b3f23a17cd7d524de0f5\gdx-controllers-desktop-2.2.3.jar;C:\Users\khale\.gradle\caches\modules-2\files-2.1\com.badlogicgames.gdx\gdx-backend-lwjgl3\1.13.0\bd205dae964d9e06432a14bc29de98ae22b0e342\gdx-backend-lwjgl3-1.13.0.jar;C:\Users\khale\.gradle\caches\modules-2\files-2.1\com.badlogicgames.gdx\gdx-box2d-platform\1.13.0\ba92923a9b6b75a20212e8ca215fa22f93810da8\gdx-box2d-platform-1.13.0-natives-desktop.jar;C:\Users\khale\.gradle\caches\modules-2\files-2.1\com.badlogicgames.gdx\gdx-bullet-platform\1.13.0\90dcec4c8ef0d64060bcce26f7f4b1c29db65e81\gdx-bullet-platform-1.13.0-natives-desktop.jar;C:\Users\khale\.gradle\caches\modules-2\files-2.1\com.badlogicgames.gdx\gdx-freetype-platform\1.13.0\8e2e4275e14852d8e7cf2ecac178ab7667fd3729\gdx-freetype-platform-1.13.0-natives-desktop.jar;C:\Users\khale\.gradle\caches\modules-2\files-2.1\com.badlogicgames.gdx\gdx-platform\1.13.0\86a8c9c55b62d5ea3a6532d25f3afa8314f69e78\gdx-platform-1.13.0-natives-desktop.jar;C:\Users\khale\Desktop\braid\core\build\libs\core-$projectVersion.jar;C:\Users\khale\.gradle\caches\modules-2\files-2.1\com.badlogicgames.gdx\gdx-tools\1.13.0\6e3df666aafb978b69b400bad733749cd8b028dd\gdx-tools-1.13.0.jar;C:\Users\khale\.gradle\caches\modules-2\files-2.1\com.badlogicgames.gdx-controllers\gdx-controllers-core\2.2.3\82b77d6cb6394420cdd480fc2ab373f7ba5e0e45\gdx-controllers-core-2.2.3.jar;C:\Users\khale\.gradle\caches\modules-2\files-2.1\com.badlogicgames.jamepad\jamepad\2.0.20.0\55eb0007fd55c9914d106dac3387b9d444572cab\jamepad-2.0.20.0.jar;C:\Users\khale\.gradle\caches\modules-2\files-2.1\com.badlogicgames.ashley\ashley\1.7.4\21a3a8932919099c4e5006a7d8378dcbe76ef8a5\ashley-1.7.4.jar;C:\Users\khale\.gradle\caches\modules-2\files-2.1\com.badlogicgames.gdx\gdx-ai\1.8.2\ab75d2ce80ab1b1ce6828a15dc0f417abac4c674\gdx-ai-1.8.2.jar;C:\Users\khale\.gradle\caches\modules-2\files-2.1\com.badlogicgames.box2dlights\box2dlights\1.5\6902dbcd250c95a27973aa24a147a95b3828d348\box2dlights-1.5.jar;C:\Users\khale\.gradle\caches\modules-2\files-2.1\com.badlogicgames.gdx\gdx-box2d\1.13.0\4e3dec7944c9f1972a6628922b54390a4f4dea44\gdx-box2d-1.13.0.jar;C:\Users\khale\.gradle\caches\modules-2\files-2.1\com.badlogicgames.gdx\gdx-bullet\1.13.0\e28a548808fa06b7ad1e102a490ec7a32878d828\gdx-bullet-1.13.0.jar;C:\Users\khale\.gradle\caches\modules-2\files-2.1\com.badlogicgames.gdx\gdx-freetype\1.13.0\283b1d86af06bff6dc4b33523d98fe7f44c9dcaa\gdx-freetype-1.13.0.jar;C:\Users\khale\.gradle\caches\modules-2\files-2.1\com.badlogicgames.gdx\gdx-backend-headless\1.13.0\f3f112c5ed02e8dba857ae14567849be79c702ea\gdx-backend-headless-1.13.0.jar;C:\Users\khale\.gradle\caches\modules-2\files-2.1\com.badlogicgames.gdx\gdx\1.13.0\5ad34f11004a70f4f2c55456461ab1dbf438eeea\gdx-1.13.0.jar;C:\Users\khale\.gradle\caches\modules-2\files-2.1\org.lwjgl\lwjgl-glfw\3.3.4\7e46ecdec85db8738053cfde1414352cd62dab74\lwjgl-glfw-3.3.4.jar;C:\Users\khale\.gradle\caches\modules-2\files-2.1\org.lwjgl\lwjgl-glfw\3.3.4\91e3d4b56d6d1369ef107b9d7801c9f38125c590\lwjgl-glfw-3.3.4-natives-linux.jar;C:\Users\khale\.gradle\caches\modules-2\files-2.1\org.lwjgl\lwjgl-glfw\3.3.4\449b8e4b7cf5c91b307605196230be84b1c51e9c\lwjgl-glfw-3.3.4-natives-linux-arm32.jar;C:\Users\khale\.gradle\caches\modules-2\files-2.1\org.lwjgl\lwjgl-glfw\3.3.4\6ed16dab2ee0d1325bcc5c0fdeabf53d2695fce2\lwjgl-glfw-3.3.4-natives-linux-arm64.jar;C:\Users\khale\.gradle\caches\modules-2\files-2.1\org.lwjgl\lwjgl-glfw\3.3.4\9582481036b6fb762c3f791e2ed26128152a1cec\lwjgl-glfw-3.3.4-natives-linux-riscv64.jar;C:\Users\khale\.gradle\caches\modules-2\files-2.1\org.lwjgl\lwjgl-glfw\3.3.4\753fa860987242ceefa990a6062a18dff4908a33\lwjgl-glfw-3.3.4-natives-macos.jar;C:\Users\khale\.gradle\caches\modules-2\files-2.1\org.lwjgl\lwjgl-glfw\3.3.4\4c358e983516fb6318b76c892ac35b79e8f2f8d9\lwjgl-glfw-3.3.4-natives-macos-arm64.jar;C:\Users\khale\.gradle\caches\modules-2\files-2.1\org.lwjgl\lwjgl-glfw\3.3.4\370ef92d15819a123c643dd2b0fc3a2d40bb263c\lwjgl-glfw-3.3.4-natives-windows.jar;C:\Users\khale\.gradle\caches\modules-2\files-2.1\org.lwjgl\lwjgl-glfw\3.3.4\3dbc102949a66255b95a31c2471f4c6a22b22737\lwjgl-glfw-3.3.4-natives-windows-x86.jar;C:\Users\khale\.gradle\caches\modules-2\files-2.1\org.lwjgl\lwjgl-jemalloc\3.3.4\e3f5dcb8e13f3a5ed3f740fd30a114cee2a80bc4\lwjgl-jemalloc-3.3.4.jar;C:\Users\khale\.gradle\caches\modules-2\files-2.1\org.lwjgl\lwjgl-jemalloc\3.3.4\4cf2f56192436b563f30524a5b389f3b37cae4af\lwjgl-jemalloc-3.3.4-natives-linux.jar;C:\Users\khale\.gradle\caches\modules-2\files-2.1\org.lwjgl\lwjgl-jemalloc\3.3.4\ff12080e919f34a9fb9dae32c26b36048d1f3393\lwjgl-jemalloc-3.3.4-natives-linux-arm32.jar;C:\Users\khale\.gradle\caches\modules-2\files-2.1\org.lwjgl\lwjgl-jemalloc\3.3.4\ebb67e23b0b83a8ee30f7b17eba6f289a43fd3f5\lwjgl-jemalloc-3.3.4-natives-linux-arm64.jar;C:\Users\khale\.gradle\caches\modules-2\files-2.1\org.lwjgl\lwjgl-jemalloc\3.3.4\6c5d38aad1dbd1c4945bcbe86640e616ceb9588f\lwjgl-jemalloc-3.3.4-natives-linux-riscv64.jar;C:\Users\khale\.gradle\caches\modules-2\files-2.1\org.lwjgl\lwjgl-jemalloc\3.3.4\bc99a9862de25a9bee2e340a2d404cd8933c5299\lwjgl-jemalloc-3.3.4-natives-macos.jar;C:\Users\khale\.gradle\caches\modules-2\files-2.1\org.lwjgl\lwjgl-jemalloc\3.3.4\f7a7d32a5ec6b5f20756e8ea9aa54ec7e5401c4f\lwjgl-jemalloc-3.3.4-natives-macos-arm64.jar;C:\Users\khale\.gradle\caches\modules-2\files-2.1\org.lwjgl\lwjgl-jemalloc\3.3.4\4fa19a3d8262e2d73d9632b70b753a2b67552951\lwjgl-jemalloc-3.3.4-natives-windows.jar;C:\Users\khale\.gradle\caches\modules-2\files-2.1\org.lwjgl\lwjgl-jemalloc\3.3.4\54087cafb7c5e0d5dc440d1aa61fae9a7b384785\lwjgl-jemalloc-3.3.4-natives-windows-x86.jar;C:\Users\khale\.gradle\caches\modules-2\files-2.1\org.lwjgl\lwjgl-openal\3.3.4\9b74d3ea380c83353d42af43ad9659e04dabe84a\lwjgl-openal-3.3.4.jar;C:\Users\khale\.gradle\caches\modules-2\files-2.1\org.lwjgl\lwjgl-openal\3.3.4\45189277b5ac64b849de7293e8b1ef2cf2082102\lwjgl-openal-3.3.4-natives-linux.jar;C:\Users\khale\.gradle\caches\modules-2\files-2.1\org.lwjgl\lwjgl-openal\3.3.4\2f9f237a80067a62ea6b5d2ca8e6ba7f09bdcdc6\lwjgl-openal-3.3.4-natives-linux-arm32.jar;C:\Users\khale\.gradle\caches\modules-2\files-2.1\org.lwjgl\lwjgl-openal\3.3.4\81d51b1e4c0094d2888bd2fe8452af9afbf9838e\lwjgl-openal-3.3.4-natives-linux-arm64.jar;C:\Users\khale\.gradle\caches\modules-2\files-2.1\org.lwjgl\lwjgl-openal\3.3.4\74c5ddf47ad6bee41348bbb0735008694b5315af\lwjgl-openal-3.3.4-natives-linux-riscv64.jar;C:\Users\khale\.gradle\caches\modules-2\files-2.1\org.lwjgl\lwjgl-openal\3.3.4\e2adb6049c1931bdebd98844bca17b9ac2758447\lwjgl-openal-3.3.4-natives-macos.jar;C:\Users\khale\.gradle\caches\modules-2\files-2.1\org.lwjgl\lwjgl-openal\3.3.4\a5dd94302fe588b081a5e5beecbfc4584a109c97\lwjgl-openal-3.3.4-natives-macos-arm64.jar;C:\Users\khale\.gradle\caches\modules-2\files-2.1\org.lwjgl\lwjgl-openal\3.3.4\c4de8af803aacda71044418095a71cd63b569a15\lwjgl-openal-3.3.4-natives-windows.jar;C:\Users\khale\.gradle\caches\modules-2\files-2.1\org.lwjgl\lwjgl-openal\3.3.4\35ccf6e634931b2f980bd232def11f81e66484a6\lwjgl-openal-3.3.4-natives-windows-x86.jar;C:\Users\khale\.gradle\caches\modules-2\files-2.1\org.lwjgl\lwjgl-opengl\3.3.4\2852ac7d9f6fc71349f1ce28e2708ff1977f18af\lwjgl-opengl-3.3.4.jar;C:\Users\khale\.gradle\caches\modules-2\files-2.1\org.lwjgl\lwjgl-opengl\3.3.4\789df76d2e3da55349d858dfb81442149af7c7f4\lwjgl-opengl-3.3.4-natives-linux.jar;C:\Users\khale\.gradle\caches\modules-2\files-2.1\org.lwjgl\lwjgl-opengl\3.3.4\34d3574cdb6acaf41e809f935d8917dbb65ca5e6\lwjgl-opengl-3.3.4-natives-linux-arm32.jar;C:\Users\khale\.gradle\caches\modules-2\files-2.1\org.lwjgl\lwjgl-opengl\3.3.4\26dfff75b853db7c5f1f37397c6f4899a4e24416\lwjgl-opengl-3.3.4-natives-linux-arm64.jar;C:\Users\khale\.gradle\caches\modules-2\files-2.1\org.lwjgl\lwjgl-opengl\3.3.4\6ea07b47dd91af8f3ee4a24ddb3cbf086d157a4e\lwjgl-opengl-3.3.4-natives-linux-riscv64.jar;C:\Users\khale\.gradle\caches\modules-2\files-2.1\org.lwjgl\lwjgl-opengl\3.3.4\ae0dd9d292744114f54d268a98cf1cd748b9994d\lwjgl-opengl-3.3.4-natives-macos.jar;C:\Users\khale\.gradle\caches\modules-2\files-2.1\org.lwjgl\lwjgl-opengl\3.3.4\832e7deef981577ee7aeb3b9e1c74bc0e5d26cce\lwjgl-opengl-3.3.4-natives-macos-arm64.jar;C:\Users\khale\.gradle\caches\modules-2\files-2.1\org.lwjgl\lwjgl-opengl\3.3.4\f7ca4e75573a9ce83075bd86bc8a3e49ff106696\lwjgl-opengl-3.3.4-natives-windows.jar;C:\Users\khale\.gradle\caches\modules-2\files-2.1\org.lwjgl\lwjgl-opengl\3.3.4\b6d5c724826bac85640a6049f0a1ddf431181126\lwjgl-opengl-3.3.4-natives-windows-x86.jar;C:\Users\khale\.gradle\caches\modules-2\files-2.1\org.lwjgl\lwjgl-stb\3.3.4\5821735d5ef23f6da8542887344e57eb181b7cac\lwjgl-stb-3.3.4.jar;C:\Users\khale\.gradle\caches\modules-2\files-2.1\org.lwjgl\lwjgl-stb\3.3.4\dfc129f009495e6effe8a023d7c3f9cf519e86e3\lwjgl-stb-3.3.4-natives-linux.jar;C:\Users\khale\.gradle\caches\modules-2\files-2.1\org.lwjgl\lwjgl-stb\3.3.4\d0df615de25e86afb4fec1ff20410a45797b5954\lwjgl-stb-3.3.4-natives-linux-arm32.jar;C:\Users\khale\.gradle\caches\modules-2\files-2.1\org.lwjgl\lwjgl-stb\3.3.4\8a3459c48b72822997cb5b417cd8a4fd7766aecb\lwjgl-stb-3.3.4-natives-linux-arm64.jar;C:\Users\khale\.gradle\caches\modules-2\files-2.1\org.lwjgl\lwjgl-stb\3.3.4\502804ee61eb7adb30bbb5e4459899f9a0cb23cf\lwjgl-stb-3.3.4-natives-linux-riscv64.jar;C:\Users\khale\.gradle\caches\modules-2\files-2.1\org.lwjgl\lwjgl-stb\3.3.4\7f4d84292e503b155d9c251fdbdf5c3a8ec0545\lwjgl-stb-3.3.4-natives-macos.jar;C:\Users\khale\.gradle\caches\modules-2\files-2.1\org.lwjgl\lwjgl-stb\3.3.4\42ce7e0be333378860b1aa9c0904478ee854a003\lwjgl-stb-3.3.4-natives-macos-arm64.jar;C:\Users\khale\.gradle\caches\modules-2\files-2.1\org.lwjgl\lwjgl-stb\3.3.4\8310e565463ec8d369528e8b26a9b1518d079a01\lwjgl-stb-3.3.4-natives-windows.jar;C:\Users\khale\.gradle\caches\modules-2\files-2.1\org.lwjgl\lwjgl-stb\3.3.4\d09beab94b973d0d919b1ceb3e057508c1f203f8\lwjgl-stb-3.3.4-natives-windows-x86.jar;C:\Users\khale\.gradle\caches\modules-2\files-2.1\org.lwjgl\lwjgl\3.3.4\b86c3e4832426e8a6b466013b7cb34b40e9ce956\lwjgl-3.3.4.jar;C:\Users\khale\.gradle\caches\modules-2\files-2.1\org.lwjgl\lwjgl\3.3.4\a7ccba1d3f2fef214943e74335a80cc65d04e49\lwjgl-3.3.4-natives-linux.jar;C:\Users\khale\.gradle\caches\modules-2\files-2.1\org.lwjgl\lwjgl\3.3.4\da1e9d39555144fd0445e542c6f57abb199d7e79\lwjgl-3.3.4-natives-linux-arm32.jar;C:\Users\khale\.gradle\caches\modules-2\files-2.1\org.lwjgl\lwjgl\3.3.4\620ead288ea92391f405003bfefcdef4588aa856\lwjgl-3.3.4-natives-linux-arm64.jar;C:\Users\khale\.gradle\caches\modules-2\files-2.1\org.lwjgl\lwjgl\3.3.4\3ce36a5c5e6feb61bad2ea1426352482e04c6db1\lwjgl-3.3.4-natives-linux-riscv64.jar;C:\Users\khale\.gradle\caches\modules-2\files-2.1\org.lwjgl\lwjgl\3.3.4\f952bb0894c946445942431de2e311feee635c00\lwjgl-3.3.4-natives-macos.jar;C:\Users\khale\.gradle\caches\modules-2\files-2.1\org.lwjgl\lwjgl\3.3.4\d12785da7cdca4921603b5dd83f712f5cdba3fc4\lwjgl-3.3.4-natives-macos-arm64.jar;C:\Users\khale\.gradle\caches\modules-2\files-2.1\org.lwjgl\lwjgl\3.3.4\dd0927c1348cdcd9573fa24b7278ec1ac2bb0a76\lwjgl-3.3.4-natives-windows.jar;C:\Users\khale\.gradle\caches\modules-2\files-2.1\org.lwjgl\lwjgl\3.3.4\4da2cf3d17e4f8c654f71b0ce003712e540c1a9f\lwjgl-3.3.4-natives-windows-x86.jar;C:\Users\khale\.gradle\caches\modules-2\files-2.1\com.badlogicgames.jlayer\jlayer\1.0.1-gdx\7cca83cec5c1b2f011362f4d85aabd71a73b049d\jlayer-1.0.1-gdx.jar;C:\Users\khale\.gradle\caches\modules-2\files-2.1\org.jcraft\jorbis\0.0.17\8872d22b293e8f5d7d56ff92be966e6dc28ebdc6\jorbis-0.0.17.jar;C:\Users\khale\.gradle\caches\modules-2\files-2.1\com.badlogicgames.gdx\gdx-jnigen-loader\2.5.2\f35e90affe07c46b4f5e5958a1a4c1820c4890e2\gdx-jnigen-loader-2.5.2.jar
Launcher Type: SUN_STANDARD

[Global flags]
     intx CICompilerCount                          = 4                                         {product} {ergonomic}
     uint ConcGCThreads                            = 2                                         {product} {ergonomic}
     uint G1ConcRefinementThreads                  = 8                                         {product} {ergonomic}
   size_t G1HeapRegionSize                         = 1048576                                   {product} {ergonomic}
    uintx GCDrainStackTargetSize                   = 64                                        {product} {ergonomic}
   size_t InitialHeapSize                          = 130023424                                 {product} {ergonomic}
   size_t MarkStackSize                            = 4194304                                   {product} {ergonomic}
   size_t MaxHeapSize                              = 2063597568                                {product} {ergonomic}
   size_t MaxNewSize                               = 1237319680                                {product} {ergonomic}
   size_t MinHeapDeltaBytes                        = 1048576                                   {product} {ergonomic}
   size_t MinHeapSize                              = 8388608                                   {product} {ergonomic}
    uintx NonNMethodCodeHeapSize                   = 5839372                                {pd product} {ergonomic}
    uintx NonProfiledCodeHeapSize                  = 122909434                              {pd product} {ergonomic}
    uintx ProfiledCodeHeapSize                     = 122909434                              {pd product} {ergonomic}
    uintx ReservedCodeCacheSize                    = 251658240                              {pd product} {ergonomic}
     bool SegmentedCodeCache                       = true                                      {product} {ergonomic}
   size_t SoftMaxHeapSize                          = 2063597568                             {manageable} {ergonomic}
     bool UseCompressedOops                        = true                           {product lp64_product} {ergonomic}
     bool UseG1GC                                  = true                                      {product} {ergonomic}
     bool UseLargePagesIndividualAllocation        = false                                  {pd product} {ergonomic}

Logging:
Log output configuration:
 #0: stdout all=warning uptime,level,tags foldmultilines=false
 #1: stderr all=off uptime,level,tags foldmultilines=false

Environment Variables:
PATH=C:\Program Files\Common Files\Oracle\Java\javapath;C:\WINDOWS\system32;C:\WINDOWS;C:\WINDOWS\System32\Wbem;C:\WINDOWS\System32\WindowsPowerShell\v1.0\;C:\WINDOWS\System32\OpenSSH\;C:\ProgramData\chocolatey\bin;C:\Program Files\PuTTY\;C:\Program Files\MATLAB\R2023a\bin;C:\MinGW\bin;C:\Users\khale\Desktop\compiler\x86_64-13.2.0-release-posix-seh-msvcrt-rt_v11-rev0\mingw64\bin;C:\Program Files\Git\cmd;C:\Users\khale\AppData\Local\Programs\Python\Python312\Scripts\;C:\Users\khale\AppData\Local\Programs\Python\Python312\;C:\Users\khale\miniconda3;C:\Users\khale\miniconda3\Library\mingw-w64\bin;C:\Users\khale\miniconda3\Library\usr\bin;C:\Users\khale\miniconda3\Library\bin;C:\Users\khale\miniconda3\Scripts;C:\Users\khale\AppData\Local\Microsoft\WindowsApps;C:\Users\khale\AppData\Local\Programs\Microsoft VS Code\bin;C:\Program Files\Git\bin
USERNAME=khale
OS=Windows_NT
PROCESSOR_IDENTIFIER=Intel64 Family 6 Model 140 Stepping 1, GenuineIntel
TMP=C:\Users\khale\AppData\Local\Temp
TEMP=C:\Users\khale\AppData\Local\Temp




Periodic native trim disabled

---------------  S Y S T E M  ---------------

OS:
 Windows 11 , 64 bit Build 22621 (10.0.22621.4391)
OS uptime: 0 days 23:58 hours
Hyper-V role detected

CPU: total 8 (initial active 8) (4 cores per cpu, 2 threads per core) family 6 model 140 stepping 1 microcode 0xb4, cx8, cmov, fxsr, ht, mmx, 3dnowpref, sse, sse2, sse3, ssse3, sse4.1, sse4.2, popcnt, lzcnt, tsc, tscinvbit, avx, avx2, aes, erms, clmul, bmi1, bmi2, adx, avx512f, avx512dq, avx512cd, avx512bw, avx512vl, sha, fma, vzeroupper, avx512_vpopcntdq, avx512_vpclmulqdq, avx512_vaes, avx512_vnni, clflush, clflushopt, clwb, avx512_vbmi2, avx512_vbmi, hv, rdtscp, rdpid, fsrm, gfni, avx512_bitalg, f16c, cet_ibt, cet_ss, avx512_ifma
Processor Information for all 8 processors :
  Max Mhz: 2419, Current Mhz: 2419, Mhz Limit: 2419

Memory: 4k page, system-wide physical 7865M (515M free)
TotalPageFile size 18851M (AvailPageFile size 2761M)
current process WorkingSet (physical memory assigned to process): 476M, peak: 481M
current process commit charge ("private bytes"): 576M, peak: 580M

vm_info: Java HotSpot(TM) 64-Bit Server VM (21.0.5+9-LTS-239) for windows-amd64 JRE (21.0.5+9-LTS-239), built on 2024-09-30T05:17:38Z by "mach5one" with MS VC++ 17.6 (VS2022)

END.
